LX51 CODE BANKING LINKER/LOCATOR V05.01.25                                     03/16/11  20:00:11
MS-DOS LX51 CODE BANKING LINKER/LOCATOR V05.01.25,  INVOKED BY:
c:\RIDE\Bin\LX51.EXE "C:\Documents and Settings\ib\My Documents\RemoterApplications\HOPLA\Compile&
\ElPLCLib.obj","C:\Documents and Settings\ib\My Documents\RemoterApplications\HOPLA\Compile\RilFi&
le.obj","C:\Documents and Settings\ib\My Documents\RemoterApplications\HOPLA\Compile\CFile.obj","&
C:\Documents and Settings\ib\My Documents\RemoterApplications\HOPLA\Compile\PlcRilDeclaration.obj&
","C:\Documents and Settings\ib\My Documents\RemoterApplications\HOPLA\Compile\Main.obj","C:\Prog&
ram Files\Elsist\Remoter\Lib\Raisonance\Pfb042l000\FbModbusAsciiSl.lib","C:\Program Files\Elsist\&
Remoter\Lib\Raisonance\Sfr036e000\ElPLCLib.lib","C:\Program Files\Elsist\Remoter\Lib\Raisonance\S&
fr043b300\ElSystemLib.lib" TO("C:\Documents and Settings\ib\My Documents\RemoterApplications\HOPL&
A\Compile\HOPLA.aof") PR("C:\Documents and Settings\ib\My Documents\RemoterApplications\HOPLA\Rel&
ease\HOPLA.m51") XSIZE(24575) CSIZE(65535) RS(127) RSI(127) CO(00800H) XD(00000H) DT(060H) ID(000&
H) BI(040H) ABSCODEOFFS(00800H) PL(77) PW(132) IX MAP NOOVERLAY


MEMORY MODEL: LARGE WITH IEEE REVERSE FLOATING POINT ARITHMETIC


INPUT MODULES INCLUDED
  C:\DOCUMENTS AND SETTINGS\IB\MY DOCUMENTS\REMOTERAPPLICATIONS\HOPLA\COMPILE\ELPLCLIB.OBJ(ELPLCLIB)
  C:\DOCUMENTS AND SETTINGS\IB\MY DOCUMENTS\REMOTERAPPLICATIONS\HOPLA\COMPILE\RILFILE.OBJ(RILFILE)
  C:\DOCUMENTS AND SETTINGS\IB\MY DOCUMENTS\REMOTERAPPLICATIONS\HOPLA\COMPILE\CFILE.OBJ(CFILE)
  C:\DOCUMENTS AND SETTINGS\IB\MY DOCUMENTS\REMOTERAPPLICATIONS\HOPLA\COMPILE\PLCRILDECLARATION.OBJ(PLCRILDECLARATION)
  C:\DOCUMENTS AND SETTINGS\IB\MY DOCUMENTS\REMOTERAPPLICATIONS\HOPLA\COMPILE\MAIN.OBJ(MAIN)
  C:\PROGRAM FILES\ELSIST\REMOTER\LIB\RAISONANCE\SFR036E000\ELPLCLIB.LIB(BACKUP)
  C:\PROGRAM FILES\ELSIST\REMOTER\LIB\RAISONANCE\SFR036E000\ELPLCLIB.LIB(COMMONC)
  C:\PROGRAM FILES\ELSIST\REMOTER\LIB\RAISONANCE\SFR036E000\ELPLCLIB.LIB(INPUTACQ)
  C:\PROGRAM FILES\ELSIST\REMOTER\LIB\RAISONANCE\SFR036E000\ELPLCLIB.LIB(OUTPUTMNG)
  C:\PROGRAM FILES\ELSIST\REMOTER\LIB\RAISONANCE\SFR036E000\ELPLCLIB.LIB(RTCLOCK)
  C:\PROGRAM FILES\ELSIST\REMOTER\LIB\RAISONANCE\SFR043B300\ELSYSTEMLIB.LIB(GETCH)
  C:\PROGRAM FILES\ELSIST\REMOTER\LIB\RAISONANCE\SFR043B300\ELSYSTEMLIB.LIB(GETRXCHARS)
  C:\PROGRAM FILES\ELSIST\REMOTER\LIB\RAISONANCE\SFR043B300\ELSYSTEMLIB.LIB(GETSERIALMODE)
  C:\PROGRAM FILES\ELSIST\REMOTER\LIB\RAISONANCE\SFR043B300\ELSYSTEMLIB.LIB(KERNELFCTS)
  C:\PROGRAM FILES\ELSIST\REMOTER\LIB\RAISONANCE\SFR043B300\ELSYSTEMLIB.LIB(KERNELVARS)
  C:\PROGRAM FILES\ELSIST\REMOTER\LIB\RAISONANCE\SFR043B300\ELSYSTEMLIB.LIB(SERIALFCTS0)
  C:\PROGRAM FILES\ELSIST\REMOTER\LIB\RAISONANCE\SFR043B300\ELSYSTEMLIB.LIB(SETSERIALMODE)
  C:\PROGRAM FILES\ELSIST\REMOTER\LIB\RAISONANCE\SFR043B300\ELSYSTEMLIB.LIB(SETTERMIOVECTORS)
  C:\PROGRAM FILES\ELSIST\REMOTER\LIB\RAISONANCE\SFR043B300\ELSYSTEMLIB.LIB(STARTUP)
  C:\PROGRAM FILES\ELSIST\REMOTER\LIB\RAISONANCE\SFR043B300\ELSYSTEMLIB.LIB(SYSTEM)
  C:\PROGRAM FILES\ELSIST\REMOTER\LIB\RAISONANCE\SFR043B300\ELSYSTEMLIB.LIB(TERMIO)
  C:\PROGRAM FILES\ELSIST\REMOTER\LIB\RAISONANCE\SFR043B300\ELSYSTEMLIB.LIB(TERMIOTICK)
  C:\PROGRAM FILES\ELSIST\REMOTER\LIB\RAISONANCE\SFR043B300\ELSYSTEMLIB.LIB(SFR043B300)
  C:\PROGRAM FILES\ELSIST\REMOTER\LIB\RAISONANCE\SFR043B300\ELSYSTEMLIB.LIB(BANKSWITCH)
  C:\PROGRAM FILES\ELSIST\REMOTER\LIB\RAISONANCE\SFR043B300\ELSYSTEMLIB.LIB(GETCHAR)
  C:\PROGRAM FILES\ELSIST\REMOTER\LIB\RAISONANCE\SFR043B300\ELSYSTEMLIB.LIB(INITSTATIC)
  C:\PROGRAM FILES\ELSIST\REMOTER\LIB\RAISONANCE\SFR043B300\ELSYSTEMLIB.LIB(PUTCHAR)
  C:\RIDE\LIB\RC51L.LIB(_C_DECDP)
  C:\RIDE\LIB\RC51L.LIB(_C_DP2DP)
  C:\RIDE\LIB\RC51L.LIB(_C_CBAM)
  C:\RIDE\LIB\RC51L.LIB(_C_INDCL)
  C:\RIDE\LIB\RC51L.LIB(_C_INITD)
  C:\RIDE\LIB\RC51L.LIB(MV_XD2SN4)
  C:\RIDE\LIB\RC51L.LIB(MV_XD2RG4)
  C:\RIDE\LIB\RC51L.LIB(MV_RG2XD4)
  C:\RIDE\LIB\RC51L.LIB(XD2XD4)
  C:\RIDE\LIB\RC51L.LIB(PRINT3)
  C:\RIDE\LIB\RC51L.LIB(LADD)
  C:\RIDE\LIB\RC51L.LIB(MULS)
  C:\RIDE\LIB\RC51L.LIB(DIVS)
  C:\RIDE\LIB\RC51L.LIB(RSTSTK4)
  C:\RIDE\LIB\RC51L.LIB(STRCPY)
  C:\RIDE\LIB\RC51L.LIB(STRLEN)
  C:\RIDE\LIB\RC51L.LIB(SHARING)
  C:\RIDE\LIB\RC51L.LIB(MEMCPY)
  C:\RIDE\LIB\RC51L.LIB(MEMCMP)
  C:\RIDE\LIB\RC51L.LIB(CTYPE1)
  C:\RIDE\LIB\RC51L.LIB(ISDIG)
  C:\RIDE\LIB\RC51L.LIB(ISSPACE)
  C:\RIDE\LIB\RC51L.LIB(STRSTR)
  C:\RIDE\LIB\RC51L.LIB(IPGN0)
  C:\RIDE\LIB\RC51L.LIB(IPGN1)
  C:\RIDE\LIB\RC51L.LIB(XPGN0_INC)
  C:\RIDE\LIB\RC51L.LIB(XPGN1_INC)
  C:\RIDE\LIB\RC51L.LIB(IPGN0_INC)
  C:\RIDE\LIB\RC51L.LIB(PGN0_INC)
  C:\RIDE\LIB\RC51L.LIB(PGN1_INC)
  C:\RIDE\LIB\RC51L.LIB(COML)
  C:\RIDE\LIB\RC51L.LIB(STRCMP)
  C:\RIDE\LIB\RC51L.LIB(XPGN0)
LX51 CODE BANKING LINKER/LOCATOR V05.01.25                                                                       03/16/11  20:00:11

  C:\RIDE\LIB\RC51L.LIB(XPGN1)


LINK MAP OF MODULE: C:\DOCUMENTS AND SETTINGS\IB\MY DOCUMENTS\REMOTERAPPLICATIONS\HOPLA\COMPILE\HOPLA.AOF (HOPLA)

    TYPE     BASE       LENGTH    RELOCATION     SEGMENT NAME
    ----     ----       ------    ----------     ------------

    * * * * * * *   DATA/IDATA    M E M O R Y   * * * * * * *
    REG      0000H      0008H     ABSOLUTE       "REG BANK 0"
             0008H      0020H                    *** GAP ***
    BIT      0028H.0    0000H.1   UNIT           ?BI?TERMIO
             0028H.1    0037H.7                  *** GAP ***
    DATA     0060H      0008H     UNIT           ?DT?COMMONC
    DATA     0068H      0006H     UNIT           ?DT?TERMIO
    DATA     006EH      0001H     UNIT           ?DT?BANK?SWITCH
    IDATA    006FH      0001H     * * STACK * *  _STACK

    * * * * * * *   PDATA/XDATA   M E M O R Y   * * * * * * *
    XDATA    0000H      05C0H     ABSOLUTE       
    XDATA    05C0H      000CH     ABSOLUTE       
    XDATA    05CCH      0004H     ABSOLUTE       
    XDATA    05D0H      0004H     ABSOLUTE       
    XDATA    05D4H      0004H     ABSOLUTE       
    XDATA    05D8H      0004H     ABSOLUTE       
    XDATA    05DCH      03D4H     UNIT           ?XD?CFILE
    XDATA    09B0H      000BH     UNIT           ?XD?CustomFunction?CFILE
    XDATA    09BBH      0009H     UNIT           ?XD?_ParseCOM2?CFILE
    XDATA    09C4H      0003H     UNIT           ?XD?_ExecuteCmd?CFILE
    XDATA    09C7H      0038H     UNIT           ?XD?PLCRILDECLARATION
    XDATA    09FFH      0009H     UNIT           ?XD?MAIN
    XDATA    0A08H      001DH     UNIT           ?XD?BACKUP
    XDATA    0A25H      0003H     UNIT           ?XD?_SfrPLC_ProgramBackup?BACKUP
    XDATA    0A28H      000CH     UNIT           ?XD?_SfrPLC_ProgramRestore?BACKUP
    XDATA    0A34H      0034H     UNIT           ?XD?COMMONC
    XDATA    0A68H      0001H     UNIT           INPUTACQ_XDATA
    XDATA    0A69H      000BH     UNIT           ?XD?RTCLOCK
    XDATA    0A74H      0002H     UNIT           ?XD?_GetSerialMode?GETSERIALMODE
    XDATA    0A76H      00A0H     UNIT           STDVARS_XDATA
    XDATA    0B16H      0006H     UNIT           ?XD?SERIALFCTS0
    XDATA    0B1CH      0002H     UNIT           ?XD?_SetSerialMode?SETSERIALMODE
    XDATA    0B1EH      0008H     UNIT           ?XD?TERMIO
             0B26H      44DAH                    *** GAP ***
    XDATA    5000H      0100H     ABSOLUTE       
    XDATA    5100H      0100H     ABSOLUTE       
    XDATA    5200H      000CH     ABSOLUTE       
    XDATA    520CH      00B8H     ABSOLUTE       

    * * * * * * *   CODE          M E M O R Y   * * * * * * *
             0000H      0800H                    *** GAP ***
    CODE     0800H      0003H     ABSOLUTE       
    CODE     0803H      02BCH     INBLOCK        ?PR?PRINT?LIB51
    CODE     0ABFH      00D9H     INBLOCK        ?PR?MOVES?LIB51
    CODE     0B98H      0022H     INBLOCK        ?PR?MOVES_NOIL?LIB51
    CODE     0BBAH      0145H     UNIT           ?PR??strstr?STRSTR
    CODE     0CFFH      0013H     UNIT           ?PR??ISSPACE?LIB51
    CODE     0D12H      000EH     UNIT           ?PR??ISDIGIT?LIB51
    CODE     0D20H      0653H     UNIT           ?PR?LIB51
    CODE     1373H      0001H     UNIT           CODE_ElPLCLib_CODE
    CODE     1374H      0011H     UNIT           CODE_RilFile_CODE
    CODE     1385H      01ACH     UNIT           ?PR?CustomFunction?CFILE
    CODE     1531H      02A7H     UNIT           ?STR?CFILE
    CODE     17D8H      0247H     UNIT           ?PR?_ParseCOM2?CFILE
    CODE     1A1FH      0568H     UNIT           ?PR?_ExecuteCmd?CFILE
    CODE     1F87H      02DAH     UNIT           ?PR?ManageHeatingOutputs?CFILE
    CODE     2261H      0251H     UNIT           _C_INITD?CD
    CODE     24B2H      002DH     UNIT           ?PR?MAIN
    CODE     24DFH      005CH     UNIT           ?PR?Main?MAIN
    CODE     253BH      032DH     UNIT           ?PR?_SfrPLC_ProgramBackup?BACKUP
    CODE     2868H      0619H     UNIT           ?PR?_SfrPLC_ProgramRestore?BACKUP
    CODE     2E81H      0003H     UNIT           ?PR?COMMONC
    CODE     2E84H      0018H     UNIT           ?PR?SfrPLC_StartUp?COMMONC
    CODE     2E9CH      01EBH     UNIT           ?PR?SfrPLC_ProgramBegin?COMMONC
    CODE     3087H      0006H     UNIT           ?PR?SfrPLC_ProgramEnd?COMMONC
    CODE     308DH      00FBH     UNIT           INPUTACQ_CODE
    CODE     3188H      001FH     UNIT           OUTPUTMNG_CODE
    CODE     31A7H      0089H     UNIT           ?PR?SfrPLC_RTClock?RTCLOCK
LX51 CODE BANKING LINKER/LOCATOR V05.01.25                                                                       03/16/11  20:00:11

    CODE     3230H      000AH     UNIT           ?PR?GetCh?GETCH
    CODE     323AH      0019H     UNIT           ?PR?GetRxChars?GETRXCHARS
    CODE     3253H      0046H     UNIT           ?PR?_GetSerialMode?GETSERIALMODE
    CODE     3299H      0050H     UNIT           ?PR?SERIALFCTS0
    CODE     32E9H      0006H     UNIT           ?PR?SetVectors?SERIALFCTS0?S?SERIALFCTS0
    CODE     32EFH      0048H     UNIT           ?PR?_SetSerialMode?SETSERIALMODE
    CODE     3337H      0099H     UNIT           ?PR?_SetTermIOVectors?SETTERMIOVECTORS
    CODE     33D0H      0028H     UNIT           STARTUP_CODE
    CODE     33F8H      001FH     UNIT           ?PR?SfrSys_SystemStartUp?SYSTEM
    CODE     3417H      0050H     UNIT           ?PR?TERMIO
    CODE     3467H      0008H     UNIT           ?PR?IODeviceFctNotCorrect?TERMIO?S?TERMIO
    CODE     346FH      0003H     UNIT           ?PR?DeviceIsOpen?TERMIO?S?TERMIO
    CODE     3472H      0001H     UNIT           ?PR?IODeviceFctReturn?TERMIO
    CODE     3473H      0008H     UNIT           ?PR?IODeviceFctMissing?TERMIO
    CODE     347BH      0019H     UNIT           ?PR?TermIOTick?TERMIOTICK
    CODE     3494H      000BH     UNIT           ELSYSTEMLIB_CODE
    CODE     349FH      0025H     UNIT           ?BANK?SWITCH
    CODE     34C4H      0043H     UNIT           GETCHAR_CODE
    CODE     3507H      0069H     UNIT           INITSTATIC_CODE
    CODE     3570H      0039H     UNIT           PUTCHAR_CODE

UNRESOLVED EXTERNAL SYMBOLS

EXECUTABLE SUMMARY:
-------------------
    Total INTERNAL RAM storage requirement:  0017H.1 (23.1)
    Total EXTERNAL RAM storage requirement:  0DEAH (3562)
    Total     CODE     storage requirement:  2DA9H (11689)
Note:  Summary does not include dynamic stack requirements

SYMBOL TABLE FOR C:\DOCUMENTS AND SETTINGS\IB\MY DOCUMENTS\REMOTERAPPLICATIONS\HOPLA\COMPILE\HOPLA.AOF(ELPLCLIB)
-----------------------------------------------------------------------------------------------------------------

    VALUE              TYPE               NAME
    -----              ----               ----

	C:1373H            PUBLIC             PLC_L_ElPLCLib
	-------            MODULE             ELPLCLIB
	D:00CBH            SYMBOL             rcap2h
	D:0082H            SYMBOL             dpl
	D:0080H            SYMBOL             p0
	D:0090H            SYMBOL             p1
	D:00F0H            SYMBOL             b
	B:00CBH            SYMBOL             exen2
	B:00A2H            SYMBOL             a10
	D:00A0H            SYMBOL             p2
	D:0081H            SYMBOL             SP
	B:00C8H            SYMBOL             cprl2
	B:00BCH            SYMBOL             ps
	D:00B0H            SYMBOL             p3
	B:00A3H            SYMBOL             a11
	B:0091H            SYMBOL             t2ex
	D:0081H            SYMBOL             sp
	B:00D6H            SYMBOL             ac
	D:00CAH            SYMBOL             rcap2l
	B:00B4H            SYMBOL             t0
	B:00A4H            SYMBOL             a12
	B:00D2H            SYMBOL             ov
	B:00B5H            SYMBOL             t1
	B:00A5H            SYMBOL             a13
	B:009CH            SYMBOL             ren
	B:00AFH            SYMBOL             EA
	D:00C8H            SYMBOL             t2con
	B:00AFH            SYMBOL             ea
	B:00A6H            SYMBOL             a14
	B:0090H            SYMBOL             t2
	D:00E0H            SYMBOL             acc
	B:00A7H            SYMBOL             a15
	B:00C9H            SYMBOL             ct2
	B:00B6H            SYMBOL             wr
	B:00A9H            SYMBOL             et0
	B:00ABH            SYMBOL             et1
	B:008DH            SYMBOL             tf0
	B:00ADH            SYMBOL             et2
	B:008FH            SYMBOL             tf1
	B:00CFH            SYMBOL             tf2
	B:00CDH            SYMBOL             rclk
LX51 CODE BANKING LINKER/LOCATOR V05.01.25                                                                       03/16/11  20:00:11

	B:009AH            SYMBOL             rb8
	D:008CH            SYMBOL             th0
	B:00A8H            SYMBOL             ex0
	D:008DH            SYMBOL             th1
	B:0088H            SYMBOL             it0
	D:00CDH            SYMBOL             th2
	B:00CCH            SYMBOL             tclk
	B:00B0H            SYMBOL             rxd
	B:00AAH            SYMBOL             ex1
	D:00A8H            SYMBOL             ie
	B:009BH            SYMBOL             tb8
	B:008AH            SYMBOL             it1
	C:1373H            PUBLIC             PLC_L_ElPLCLib
	B:00D0H            SYMBOL             p
	B:00B1H            SYMBOL             txd
	D:0099H            SYMBOL             sbuf
	B:009FH            SYMBOL             sm0
	B:0093H            SYMBOL             cex0
	D:008AH            SYMBOL             tl0
	D:0087H            SYMBOL             pcon
	B:009EH            SYMBOL             sm1
	B:0094H            SYMBOL             cex1
	D:008BH            SYMBOL             tl1
	D:00CCH            SYMBOL             tl2
	B:009DH            SYMBOL             sm2
	B:0095H            SYMBOL             cex2
	D:0098H            SYMBOL             scon
	B:0096H            SYMBOL             cex3
	B:00B9H            SYMBOL             pt0
	B:0097H            SYMBOL             cex4
	D:0089H            SYMBOL             tmod
	D:0088H            SYMBOL             tcon
	B:00D3H            SYMBOL             rs0
	B:00CEH            SYMBOL             exf2
	B:00BBH            SYMBOL             pt1
	B:0080H            SYMBOL             ad0
	B:00D5H            SYMBOL             f0
	B:00D4H            SYMBOL             rs1
	B:00BDH            SYMBOL             pt2
	B:00B7H            SYMBOL             rd
	B:008CH            SYMBOL             tr0
	B:0081H            SYMBOL             ad1
	B:00D1H            SYMBOL             f1
	B:008EH            SYMBOL             tr1
	B:0082H            SYMBOL             ad2
	B:00CAH            SYMBOL             tr2
	B:00B8H            SYMBOL             px0
	B:00ACH            SYMBOL             es
	B:0083H            SYMBOL             ad3
	B:00BAH            SYMBOL             px1
	D:00B8H            SYMBOL             ip
	B:00A0H            SYMBOL             a8
	B:0092H            SYMBOL             ec1
	B:0084H            SYMBOL             ad4
	D:00D0H            SYMBOL             psw
	B:00A1H            SYMBOL             a9
	B:0085H            SYMBOL             ad5
	B:00B2H            SYMBOL             int0
	B:0098H            SYMBOL             ri
	B:0086H            SYMBOL             ad6
	B:00D7H            SYMBOL             cy
	B:00B3H            SYMBOL             int1
	D:0083H            SYMBOL             dph
	B:0087H            SYMBOL             ad7
	B:0099H            SYMBOL             ti
	B:0089H            SYMBOL             ie0
	B:008BH            SYMBOL             ie1
	C:1373H            LINE#              152
	-------            ENDMOD             ELPLCLIB
	N:5104H            PUBLIC             PLC_O_4
	N:5105H            PUBLIC             PLC_O_5
	N:5106H            PUBLIC             PLC_O_6
	N:5107H            PUBLIC             PLC_O_7
	N:5010H            PUBLIC             PLC_I_10
	N:5011H            PUBLIC             PLC_I_11
	N:5012H            PUBLIC             PLC_I_12
	N:5013H            PUBLIC             PLC_I_13
LX51 CODE BANKING LINKER/LOCATOR V05.01.25                                                                       03/16/11  20:00:11

	N:5014H            PUBLIC             PLC_I_14
	N:5015H            PUBLIC             PLC_I_15
	C:1374H            PUBLIC             PLC_L_RilFile
	N:0001H            PUBLIC             PLC_F_1
	N:5000H            PUBLIC             PLC_I_0
	N:5001H            PUBLIC             PLC_I_1
	N:5002H            PUBLIC             PLC_I_2
	N:5003H            PUBLIC             PLC_I_3
	N:5004H            PUBLIC             PLC_I_4
	N:5005H            PUBLIC             PLC_I_5
	N:5006H            PUBLIC             PLC_I_6
	N:5100H            PUBLIC             PLC_O_0
	N:5007H            PUBLIC             PLC_I_7
	N:5101H            PUBLIC             PLC_O_1
	N:5008H            PUBLIC             PLC_I_8
	N:5102H            PUBLIC             PLC_O_2
	N:5009H            PUBLIC             PLC_I_9
	N:5103H            PUBLIC             PLC_O_3
	-------            MODULE             RILFILE
	D:00CBH            SYMBOL             rcap2h
	D:0082H            SYMBOL             dpl
	D:0080H            SYMBOL             p0
	D:0090H            SYMBOL             p1
	D:00F0H            SYMBOL             b
	B:00CBH            SYMBOL             exen2
	B:00A2H            SYMBOL             a10
	D:00A0H            SYMBOL             p2
	D:0081H            SYMBOL             SP
	B:00C8H            SYMBOL             cprl2
	B:00BCH            SYMBOL             ps
	D:00B0H            SYMBOL             p3
	B:00A3H            SYMBOL             a11
	B:0091H            SYMBOL             t2ex
	D:0081H            SYMBOL             sp
	B:00D6H            SYMBOL             ac
	D:00CAH            SYMBOL             rcap2l
	B:00B4H            SYMBOL             t0
	B:00A4H            SYMBOL             a12
	B:00D2H            SYMBOL             ov
	B:00B5H            SYMBOL             t1
	B:00A5H            SYMBOL             a13
	B:009CH            SYMBOL             ren
	B:00AFH            SYMBOL             EA
	D:00C8H            SYMBOL             t2con
	B:00AFH            SYMBOL             ea
	B:00A6H            SYMBOL             a14
	B:0090H            SYMBOL             t2
	D:00E0H            SYMBOL             acc
	B:00A7H            SYMBOL             a15
	B:00C9H            SYMBOL             ct2
	B:00B6H            SYMBOL             wr
	B:00A9H            SYMBOL             et0
	B:00ABH            SYMBOL             et1
	B:008DH            SYMBOL             tf0
	B:00ADH            SYMBOL             et2
	B:008FH            SYMBOL             tf1
	B:00CFH            SYMBOL             tf2
	B:00CDH            SYMBOL             rclk
	B:009AH            SYMBOL             rb8
	D:008CH            SYMBOL             th0
	C:1384H            SYMBOL             Lbl$_0
	B:00A8H            SYMBOL             ex0
	D:008DH            SYMBOL             th1
	B:0088H            SYMBOL             it0
	D:00CDH            SYMBOL             th2
	B:00CCH            SYMBOL             tclk
	B:00B0H            SYMBOL             rxd
	B:00AAH            SYMBOL             ex1
	D:00A8H            SYMBOL             ie
	B:009BH            SYMBOL             tb8
	B:008AH            SYMBOL             it1
	C:1374H            PUBLIC             PLC_L_RilFile
	B:00D0H            SYMBOL             p
	B:00B1H            SYMBOL             txd
	D:0099H            SYMBOL             sbuf
	B:009FH            SYMBOL             sm0
	B:0093H            SYMBOL             cex0
LX51 CODE BANKING LINKER/LOCATOR V05.01.25                                                                       03/16/11  20:00:11

	D:008AH            SYMBOL             tl0
	D:0087H            SYMBOL             pcon
	B:009EH            SYMBOL             sm1
	B:0094H            SYMBOL             cex1
	D:008BH            SYMBOL             tl1
	D:00CCH            SYMBOL             tl2
	B:009DH            SYMBOL             sm2
	B:0095H            SYMBOL             cex2
	D:0098H            SYMBOL             scon
	B:0096H            SYMBOL             cex3
	B:00B9H            SYMBOL             pt0
	B:0097H            SYMBOL             cex4
	D:0089H            SYMBOL             tmod
	D:0088H            SYMBOL             tcon
	B:00D3H            SYMBOL             rs0
	B:00CEH            SYMBOL             exf2
	B:00BBH            SYMBOL             pt1
	B:0080H            SYMBOL             ad0
	B:00D5H            SYMBOL             f0
	B:00D4H            SYMBOL             rs1
	B:00BDH            SYMBOL             pt2
	B:00B7H            SYMBOL             rd
	B:008CH            SYMBOL             tr0
	B:0081H            SYMBOL             ad1
	B:00D1H            SYMBOL             f1
	B:008EH            SYMBOL             tr1
	B:0082H            SYMBOL             ad2
	B:00CAH            SYMBOL             tr2
	B:00B8H            SYMBOL             px0
	B:00ACH            SYMBOL             es
	B:0083H            SYMBOL             ad3
	B:00BAH            SYMBOL             px1
	D:00B8H            SYMBOL             ip
	B:00A0H            SYMBOL             a8
	B:0092H            SYMBOL             ec1
	B:0084H            SYMBOL             ad4
	D:00D0H            SYMBOL             psw
	B:00A1H            SYMBOL             a9
	B:0085H            SYMBOL             ad5
	B:00B2H            SYMBOL             int0
	B:0098H            SYMBOL             ri
	B:0086H            SYMBOL             ad6
	B:00D7H            SYMBOL             cy
	B:00B3H            SYMBOL             int1
	D:0083H            SYMBOL             dph
	B:0087H            SYMBOL             ad7
	B:0099H            SYMBOL             ti
	B:0089H            SYMBOL             ie0
	B:008BH            SYMBOL             ie1
	C:1374H            LINE#              125
	C:1377H            LINE#              126
	C:1378H            LINE#              127
	C:1379H            LINE#              130
	C:137BH            LINE#              131
	C:137DH            LINE#              132
	C:137FH            LINE#              133
	C:1382H            LINE#              134
	C:1384H            LINE#              144
	-------            ENDMOD             RILFILE
	-------            MODULE             CFile
	C:0000H            SYMBOL             _ICE_DUMMY_
	C:1385H            PUBLIC             CustomFunction
	C:1A1FH            PUBLIC             _ExecuteCmd
	C:1F87H            PUBLIC             ManageHeatingOutputs
	X:0998H            PUBLIC             comfortP1
	X:0980H            PUBLIC             comfortP0
	X:097CH            PUBLIC             defaultP0ZonaUnica
	X:0978H            PUBLIC             defaultZonaBagni
	X:0974H            PUBLIC             defaultZonaGiorno
	X:0970H            PUBLIC             defaultZonaNotte
	X:092EH            PUBLIC             commandlist
	X:090EH            SYMBOL             cmdline
	X:0908H            SYMBOL             argvect
	X:0907H            SYMBOL             argcnt
	X:0906H            SYMBOL             chptr
	C:17D8H            PUBLIC             _ParseCOM2
	X:061EH            PUBLIC             StatMinutiON
LX51 CODE BANKING LINKER/LOCATOR V05.01.25                                                                       03/16/11  20:00:11

	X:061CH            PUBLIC             TotOreON
	X:061AH            PUBLIC             TotMinutiON
	X:0618H            PUBLIC             PreviousStatus
	X:0610H            PUBLIC             RtcTimeNow
	X:0608H            PUBLIC             RtcONTime
	X:0600H            PUBLIC             RtcPLCSTARTTime
	X:05F8H            PUBLIC             RtcData
	X:05F6H            PUBLIC             openvalves
	X:05F4H            SYMBOL             nextaction
	X:05ECH            PUBLIC             DO
	X:05DCH            PUBLIC             DI
	D:00F0H            SYMBOL             B
	D:00E0H            SYMBOL             ACC
	B:00D7H            SYMBOL             CY
	B:00D6H            SYMBOL             AC
	B:00D5H            SYMBOL             F0
	B:00D4H            SYMBOL             RS1
	B:00D3H            SYMBOL             RS0
	B:00D2H            SYMBOL             OV
	B:00D1H            SYMBOL             F1
	B:00D0H            SYMBOL             P
	D:00D0H            SYMBOL             PSW
	D:00CDH            SYMBOL             TH2
	D:00CCH            SYMBOL             TL2
	D:00CBH            SYMBOL             RCAP2H
	D:00CAH            SYMBOL             RCAP2L
	B:00CFH            SYMBOL             TF2
	B:00CEH            SYMBOL             EXF2
	B:00CDH            SYMBOL             RCLK
	B:00CCH            SYMBOL             TCLK
	B:00CBH            SYMBOL             EXEN2
	B:00CAH            SYMBOL             TR2
	B:00C9H            SYMBOL             CT2
	B:00C8H            SYMBOL             CPRL2
	D:00C8H            SYMBOL             T2CON
	B:00BDH            SYMBOL             PT2
	B:00BCH            SYMBOL             PS
	B:00BBH            SYMBOL             PT1
	B:00BAH            SYMBOL             PX1
	B:00B9H            SYMBOL             PT0
	B:00B8H            SYMBOL             PX0
	D:00B8H            SYMBOL             IP
	B:00B7H            SYMBOL             RD
	B:00B6H            SYMBOL             WR
	B:00B5H            SYMBOL             T1
	B:00B4H            SYMBOL             T0
	B:00B3H            SYMBOL             INT1
	B:00B2H            SYMBOL             INT0
	B:00B1H            SYMBOL             TxD
	B:00B0H            SYMBOL             RxD
	D:00B0H            SYMBOL             P3
	B:00AFH            SYMBOL             EA
	B:00ADH            SYMBOL             ET2
	B:00ACH            SYMBOL             ES
	B:00ABH            SYMBOL             ET1
	B:00AAH            SYMBOL             EX1
	B:00A9H            SYMBOL             ET0
	B:00A8H            SYMBOL             EX0
	D:00A8H            SYMBOL             IE
	B:00A7H            SYMBOL             A15
	B:00A6H            SYMBOL             A14
	B:00A5H            SYMBOL             A13
	B:00A4H            SYMBOL             A12
	B:00A3H            SYMBOL             A11
	B:00A2H            SYMBOL             A10
	B:00A1H            SYMBOL             A9
	B:00A0H            SYMBOL             A8
	D:00A0H            SYMBOL             P2
	D:0099H            SYMBOL             SBUF
	B:009FH            SYMBOL             SM0
	B:009EH            SYMBOL             SM1
	B:009DH            SYMBOL             SM2
	B:009CH            SYMBOL             REN
	B:009BH            SYMBOL             TB8
	B:009AH            SYMBOL             RB8
	B:0099H            SYMBOL             TI
	B:0098H            SYMBOL             RI
LX51 CODE BANKING LINKER/LOCATOR V05.01.25                                                                       03/16/11  20:00:11

	D:0098H            SYMBOL             SCON
	B:0097H            SYMBOL             CEX4
	B:0096H            SYMBOL             CEX3
	B:0095H            SYMBOL             CEX2
	B:0094H            SYMBOL             CEX1
	B:0093H            SYMBOL             CEX0
	B:0092H            SYMBOL             EC1
	B:0091H            SYMBOL             T2EX
	B:0090H            SYMBOL             T2
	D:0090H            SYMBOL             P1
	D:008DH            SYMBOL             TH1
	D:008CH            SYMBOL             TH0
	D:008BH            SYMBOL             TL1
	D:008AH            SYMBOL             TL0
	D:0089H            SYMBOL             TMOD
	B:008FH            SYMBOL             TF1
	B:008EH            SYMBOL             TR1
	B:008DH            SYMBOL             TF0
	B:008CH            SYMBOL             TR0
	B:008BH            SYMBOL             IE1
	B:008AH            SYMBOL             IT1
	B:0089H            SYMBOL             IE0
	B:0088H            SYMBOL             IT0
	D:0088H            SYMBOL             TCON
	D:0087H            SYMBOL             PCON
	D:0083H            SYMBOL             DPH
	D:0082H            SYMBOL             DPL
	D:0081H            SYMBOL             SP
	B:0087H            SYMBOL             AD7
	B:0086H            SYMBOL             AD6
	B:0085H            SYMBOL             AD5
	B:0084H            SYMBOL             AD4
	B:0083H            SYMBOL             AD3
	B:0082H            SYMBOL             AD2
	B:0081H            SYMBOL             AD1
	B:0080H            SYMBOL             AD0
	D:0080H            SYMBOL             P0
	D:0081H            SYMBOL             __SP__
	-------            PROC               CustomFunction
	X:09B0H            SYMBOL             SerialStruct
	X:09B7H            SYMBOL             i
	X:09B9H            SYMBOL             j
	C:1385H            LINE#              176
	C:1385H            LINE#              176
	C:1385H            LINE#              181
	C:138EH            LINE#              186
	C:1399H            LINE#              187
	C:13A0H            LINE#              188
	C:13A7H            LINE#              189
	C:13AAH            LINE#              190
	C:13ADH            LINE#              191
	C:13B2H            LINE#              192
	C:13B5H            LINE#              193
	C:13BAH            LINE#              194
	C:13BDH            LINE#              195
	C:13C0H            LINE#              196
	C:13C7H            LINE#              197
	C:13CEH            LINE#              198
	C:13D5H            LINE#              199
	C:13D9H            LINE#              200
	C:13E0H            LINE#              203
	C:13E7H            LINE#              204
	C:13F3H            LINE#              205
	C:13FAH            LINE#              207
	C:1401H            LINE#              208
	C:1408H            LINE#              209
	C:142EH            LINE#              208
	C:1437H            LINE#              207
	C:1440H            LINE#              219
	C:1448H            LINE#              220
	C:1450H            LINE#              221
	C:1458H            LINE#              222
	C:1460H            LINE#              225
	C:1483H            LINE#              230
	C:148FH            LINE#              231
	C:1496H            LINE#              232
	C:14A2H            LINE#              233
LX51 CODE BANKING LINKER/LOCATOR V05.01.25                                                                       03/16/11  20:00:11

	C:14A9H            LINE#              235
	C:14B5H            LINE#              237
	C:14BFH            LINE#              238
	C:14C9H            LINE#              241
	C:14D5H            LINE#              243
	C:14DFH            LINE#              244
	C:14E9H            LINE#              245
	C:14F3H            LINE#              249
	C:14F9H            LINE#              251
	C:1505H            LINE#              252
	C:150CH            LINE#              254
	C:151FH            LINE#              261
	C:1522H            LINE#              271
	C:1530H            LINE#              273
	C:1530H            LINE#              273
	-------            ENDPROC            CustomFunction
	-------            PROC               _ParseCOM2
	X:09BBH            SYMBOL             argcnt
	X:09BDH            SYMBOL             argvect
	X:09C1H            SYMBOL             p
	X:09BFH            SYMBOL             c
	X:09C3H            SYMBOL             i
	X:09C0H            SYMBOL             retcmd
	C:17D8H            LINE#              280
	C:17D8H            LINE#              280
	C:17E6H            LINE#              287
	C:17F1H            LINE#              288
	C:17F4H            LINE#              290
	C:17FEH            LINE#              294
	C:1806H            LINE#              295
	C:1827H            LINE#              297
	C:1841H            LINE#              298
	C:1847H            LINE#              302
	C:184FH            LINE#              304
	C:1851H            LINE#              305
	C:1855H            LINE#              309
	C:1857H            LINE#              353
	C:1858H            LINE#              312
	C:1864H            LINE#              314
	C:1879H            LINE#              315
	C:187DH            LINE#              316
	C:1898H            LINE#              318
	C:189DH            LINE#              319
	C:18BCH            LINE#              320
	C:18BEH            LINE#              318
	C:18C7H            LINE#              322
	C:18CEH            LINE#              323
	C:18D0H            LINE#              353
	C:18D1H            LINE#              325
	C:18F6H            LINE#              327
	C:191DH            LINE#              330
	C:192DH            LINE#              331
	C:1938H            LINE#              353
	C:1939H            LINE#              334
	C:1950H            LINE#              335
	C:1960H            LINE#              338
	C:1969H            LINE#              339
	C:1974H            LINE#              353
	C:1975H            LINE#              342
	C:198FH            LINE#              343
	C:199CH            LINE#              344
	C:19F2H            LINE#              327
	C:19FBH            LINE#              348
	C:1A16H            LINE#              349
	C:1A1BH            LINE#              353
	C:1A1CH            LINE#              352
	C:1A1EH            LINE#              353
	C:1A1EH            LINE#              353
	-------            ENDPROC            _ParseCOM2
	-------            PROC               _ExecuteCmd
	X:09C4H            SYMBOL             cmd
	X:09C5H            SYMBOL             parm1
	X:09C6H            SYMBOL             i
	C:1A1FH            LINE#              355
	C:1A1FH            LINE#              355
	C:1A27H            LINE#              361
	C:1A32H            LINE#              362
LX51 CODE BANKING LINKER/LOCATOR V05.01.25                                                                       03/16/11  20:00:11

	C:1A35H            LINE#              364
	C:1A3CH            LINE#              366
	C:1ADDH            LINE#              369
	C:1AE7H            LINE#              370
	C:1AE9H            LINE#              500
	C:1AEAH            LINE#              371
	C:1AF2H            LINE#              372
	C:1AF9H            LINE#              373
	C:1AFCH            LINE#              376
	C:1B06H            LINE#              377
	C:1B08H            LINE#              500
	C:1B09H            LINE#              378
	C:1B11H            LINE#              379
	C:1B18H            LINE#              380
	C:1B1BH            LINE#              383
	C:1B25H            LINE#              384
	C:1B27H            LINE#              500
	C:1B28H            LINE#              385
	C:1B30H            LINE#              386
	C:1B37H            LINE#              387
	C:1B3AH            LINE#              390
	C:1B4CH            LINE#              392
	C:1B54H            LINE#              393
	C:1B5BH            LINE#              394
	C:1B5EH            LINE#              396
	C:1B60H            LINE#              500
	C:1B61H            LINE#              399
	C:1B6BH            LINE#              400
	C:1B6DH            LINE#              500
	C:1B6EH            LINE#              401
	C:1B76H            LINE#              402
	C:1B7DH            LINE#              403
	C:1B80H            LINE#              406
	C:1B8AH            LINE#              408
	C:1B93H            LINE#              409
	C:1B95H            LINE#              500
	C:1B96H            LINE#              411
	C:1BCCH            LINE#              412
	C:1BCFH            LINE#              415
	C:1BD9H            LINE#              417
	C:1BE2H            LINE#              418
	C:1BE4H            LINE#              500
	C:1BE5H            LINE#              420
	C:1C1BH            LINE#              421
	C:1C1EH            LINE#              424
	C:1C28H            LINE#              426
	C:1C31H            LINE#              427
	C:1C33H            LINE#              500
	C:1C34H            LINE#              430
	C:1C61H            LINE#              431
	C:1C64H            LINE#              434
	C:1C6EH            LINE#              436
	C:1C77H            LINE#              437
	C:1C79H            LINE#              500
	C:1C7AH            LINE#              439
	C:1CA7H            LINE#              440
	C:1CAAH            LINE#              445
	C:1CE1H            LINE#              446
	C:1D15H            LINE#              449
	C:1D47H            LINE#              452
	C:1D7EH            LINE#              453
	C:1DB5H            LINE#              457
	C:1DF2H            LINE#              458
	C:1E2FH            LINE#              459
	C:1E46H            LINE#              461
	C:1E4FH            LINE#              463
	C:1E52H            LINE#              466
	C:1E99H            LINE#              467
	C:1E9CH            LINE#              475
	C:1EA6H            LINE#              477
	C:1EC6H            LINE#              478
	C:1EC8H            LINE#              500
	C:1EC9H            LINE#              480
	C:1EDBH            LINE#              481
	C:1F0EH            LINE#              482
	C:1F10H            LINE#              490
	C:1F1AH            LINE#              492
LX51 CODE BANKING LINKER/LOCATOR V05.01.25                                                                       03/16/11  20:00:11

	C:1F3AH            LINE#              493
	C:1F3CH            LINE#              500
	C:1F3DH            LINE#              495
	C:1F51H            LINE#              496
	C:1F84H            LINE#              499
	C:1F86H            LINE#              500
	C:1F86H            LINE#              500
	-------            ENDPROC            _ExecuteCmd
	-------            PROC               ManageHeatingOutputs
	C:1F87H            LINE#              502
	C:1F87H            LINE#              502
	C:1F87H            LINE#              505
	C:1F8EH            LINE#              507
	C:1F93H            LINE#              508
	C:1F97H            LINE#              509
	C:1F9BH            LINE#              510
	C:1F9FH            LINE#              511
	C:1FA5H            LINE#              514
	C:1FABH            LINE#              517
	C:1FD2H            LINE#              523
	C:1FD8H            LINE#              524
	C:1FE6H            LINE#              525
	C:1FE8H            LINE#              529
	C:1FEDH            LINE#              537
	C:1FF3H            LINE#              540
	C:201AH            LINE#              544
	C:2020H            LINE#              545
	C:202EH            LINE#              546
	C:2030H            LINE#              551
	C:2035H            LINE#              558
	C:203BH            LINE#              561
	C:2062H            LINE#              565
	C:2068H            LINE#              566
	C:2076H            LINE#              567
	C:2078H            LINE#              572
	C:207DH            LINE#              578
	C:2083H            LINE#              580
	C:20A6H            LINE#              586
	C:20ACH            LINE#              587
	C:20BAH            LINE#              588
	C:20BCH            LINE#              591
	C:20C1H            LINE#              597
	C:20C9H            LINE#              598
	C:20D1H            LINE#              599
	C:20D9H            LINE#              600
	C:20E1H            LINE#              604
	C:2101H            LINE#              605
	C:2109H            LINE#              607
	C:210EH            LINE#              613
	C:2118H            LINE#              615
	C:2137H            LINE#              617
	C:213DH            LINE#              618
	C:213FH            LINE#              619
	C:2145H            LINE#              620
	C:2147H            LINE#              621
	C:214DH            LINE#              622
	C:214FH            LINE#              623
	C:2155H            LINE#              631
	C:2165H            LINE#              635
	C:219EH            LINE#              637
	C:21C6H            LINE#              638
	C:21CDH            LINE#              639
	C:21D4H            LINE#              644
	C:21E8H            LINE#              646
	C:21EFH            LINE#              647
	C:21F8H            LINE#              654
	C:220CH            LINE#              660
	C:2259H            LINE#              664
	C:2260H            LINE#              668
	C:2260H            LINE#              668
	-------            ENDPROC            ManageHeatingOutputs
	-------            ENDMOD             CFile
	-------            MODULE             PlcRilDeclaration
	C:0000H            SYMBOL             _ICE_DUMMY_
	X:520CH            PUBLIC             PLCBackupDataArea
	X:5200H            PUBLIC             PLCBackupHeader
	X:05C0H            PUBLIC             PLCBackupDummy0
LX51 CODE BANKING LINKER/LOCATOR V05.01.25                                                                       03/16/11  20:00:11

	X:05D8H            PUBLIC             PLC_DW_P0ZonaUnica
	X:05D4H            PUBLIC             PLC_DW_P1ZonaBagni
	X:05D0H            PUBLIC             PLC_DW_P1ZonaGiorno
	X:05CCH            PUBLIC             PLC_DW_P1ZonaNotte
	X:09E7H            PUBLIC             PLCLogicInputDebouncingBuffer
	X:09CFH            PUBLIC             PLCLogicInputDebouncingTime
	X:09C7H            PUBLIC             PLCRtcData
	X:0000H            PUBLIC             PLCMemoryFlags
	X:5100H            PUBLIC             PLCMemoryLogicOutputs
	X:5000H            PUBLIC             PLCMemoryLogicInputs
	D:00F0H            SYMBOL             B
	D:00E0H            SYMBOL             ACC
	B:00D7H            SYMBOL             CY
	B:00D6H            SYMBOL             AC
	B:00D5H            SYMBOL             F0
	B:00D4H            SYMBOL             RS1
	B:00D3H            SYMBOL             RS0
	B:00D2H            SYMBOL             OV
	B:00D1H            SYMBOL             F1
	B:00D0H            SYMBOL             P
	D:00D0H            SYMBOL             PSW
	D:00CDH            SYMBOL             TH2
	D:00CCH            SYMBOL             TL2
	D:00CBH            SYMBOL             RCAP2H
	D:00CAH            SYMBOL             RCAP2L
	B:00CFH            SYMBOL             TF2
	B:00CEH            SYMBOL             EXF2
	B:00CDH            SYMBOL             RCLK
	B:00CCH            SYMBOL             TCLK
	B:00CBH            SYMBOL             EXEN2
	B:00CAH            SYMBOL             TR2
	B:00C9H            SYMBOL             CT2
	B:00C8H            SYMBOL             CPRL2
	D:00C8H            SYMBOL             T2CON
	B:00BDH            SYMBOL             PT2
	B:00BCH            SYMBOL             PS
	B:00BBH            SYMBOL             PT1
	B:00BAH            SYMBOL             PX1
	B:00B9H            SYMBOL             PT0
	B:00B8H            SYMBOL             PX0
	D:00B8H            SYMBOL             IP
	B:00B7H            SYMBOL             RD
	B:00B6H            SYMBOL             WR
	B:00B5H            SYMBOL             T1
	B:00B4H            SYMBOL             T0
	B:00B3H            SYMBOL             INT1
	B:00B2H            SYMBOL             INT0
	B:00B1H            SYMBOL             TxD
	B:00B0H            SYMBOL             RxD
	D:00B0H            SYMBOL             P3
	B:00AFH            SYMBOL             EA
	B:00ADH            SYMBOL             ET2
	B:00ACH            SYMBOL             ES
	B:00ABH            SYMBOL             ET1
	B:00AAH            SYMBOL             EX1
	B:00A9H            SYMBOL             ET0
	B:00A8H            SYMBOL             EX0
	D:00A8H            SYMBOL             IE
	B:00A7H            SYMBOL             A15
	B:00A6H            SYMBOL             A14
	B:00A5H            SYMBOL             A13
	B:00A4H            SYMBOL             A12
	B:00A3H            SYMBOL             A11
	B:00A2H            SYMBOL             A10
	B:00A1H            SYMBOL             A9
	B:00A0H            SYMBOL             A8
	D:00A0H            SYMBOL             P2
	D:0099H            SYMBOL             SBUF
	B:009FH            SYMBOL             SM0
	B:009EH            SYMBOL             SM1
	B:009DH            SYMBOL             SM2
	B:009CH            SYMBOL             REN
	B:009BH            SYMBOL             TB8
	B:009AH            SYMBOL             RB8
	B:0099H            SYMBOL             TI
	B:0098H            SYMBOL             RI
	D:0098H            SYMBOL             SCON
LX51 CODE BANKING LINKER/LOCATOR V05.01.25                                                                       03/16/11  20:00:11

	B:0097H            SYMBOL             CEX4
	B:0096H            SYMBOL             CEX3
	B:0095H            SYMBOL             CEX2
	B:0094H            SYMBOL             CEX1
	B:0093H            SYMBOL             CEX0
	B:0092H            SYMBOL             EC1
	B:0091H            SYMBOL             T2EX
	B:0090H            SYMBOL             T2
	D:0090H            SYMBOL             P1
	D:008DH            SYMBOL             TH1
	D:008CH            SYMBOL             TH0
	D:008BH            SYMBOL             TL1
	D:008AH            SYMBOL             TL0
	D:0089H            SYMBOL             TMOD
	B:008FH            SYMBOL             TF1
	B:008EH            SYMBOL             TR1
	B:008DH            SYMBOL             TF0
	B:008CH            SYMBOL             TR0
	B:008BH            SYMBOL             IE1
	B:008AH            SYMBOL             IT1
	B:0089H            SYMBOL             IE0
	B:0088H            SYMBOL             IT0
	D:0088H            SYMBOL             TCON
	D:0087H            SYMBOL             PCON
	D:0083H            SYMBOL             DPH
	D:0082H            SYMBOL             DPL
	D:0081H            SYMBOL             SP
	B:0087H            SYMBOL             AD7
	B:0086H            SYMBOL             AD6
	B:0085H            SYMBOL             AD5
	B:0084H            SYMBOL             AD4
	B:0083H            SYMBOL             AD3
	B:0082H            SYMBOL             AD2
	B:0081H            SYMBOL             AD1
	B:0080H            SYMBOL             AD0
	D:0080H            SYMBOL             P0
	-------            ENDMOD             PlcRilDeclaration
	-------            MODULE             Main
	C:0000H            SYMBOL             _ICE_DUMMY_
	C:24DFH            PUBLIC             Main
	C:24B2H            PUBLIC             PLCRemoterProjectInfo
	X:09FFH            SYMBOL             PLCUserBackupInfo
	D:0081H            SYMBOL             __SP__
	D:00F0H            SYMBOL             B
	D:00E0H            SYMBOL             ACC
	B:00D7H            SYMBOL             CY
	B:00D6H            SYMBOL             AC
	B:00D5H            SYMBOL             F0
	B:00D4H            SYMBOL             RS1
	B:00D3H            SYMBOL             RS0
	B:00D2H            SYMBOL             OV
	B:00D1H            SYMBOL             F1
	B:00D0H            SYMBOL             P
	D:00D0H            SYMBOL             PSW
	D:00CDH            SYMBOL             TH2
	D:00CCH            SYMBOL             TL2
	D:00CBH            SYMBOL             RCAP2H
	D:00CAH            SYMBOL             RCAP2L
	B:00CFH            SYMBOL             TF2
	B:00CEH            SYMBOL             EXF2
	B:00CDH            SYMBOL             RCLK
	B:00CCH            SYMBOL             TCLK
	B:00CBH            SYMBOL             EXEN2
	B:00CAH            SYMBOL             TR2
	B:00C9H            SYMBOL             CT2
	B:00C8H            SYMBOL             CPRL2
	D:00C8H            SYMBOL             T2CON
	B:00BDH            SYMBOL             PT2
	B:00BCH            SYMBOL             PS
	B:00BBH            SYMBOL             PT1
	B:00BAH            SYMBOL             PX1
	B:00B9H            SYMBOL             PT0
	B:00B8H            SYMBOL             PX0
	D:00B8H            SYMBOL             IP
	B:00B7H            SYMBOL             RD
	B:00B6H            SYMBOL             WR
	B:00B5H            SYMBOL             T1
LX51 CODE BANKING LINKER/LOCATOR V05.01.25                                                                       03/16/11  20:00:11

	B:00B4H            SYMBOL             T0
	B:00B3H            SYMBOL             INT1
	B:00B2H            SYMBOL             INT0
	B:00B1H            SYMBOL             TxD
	B:00B0H            SYMBOL             RxD
	D:00B0H            SYMBOL             P3
	B:00AFH            SYMBOL             EA
	B:00ADH            SYMBOL             ET2
	B:00ACH            SYMBOL             ES
	B:00ABH            SYMBOL             ET1
	B:00AAH            SYMBOL             EX1
	B:00A9H            SYMBOL             ET0
	B:00A8H            SYMBOL             EX0
	D:00A8H            SYMBOL             IE
	B:00A7H            SYMBOL             A15
	B:00A6H            SYMBOL             A14
	B:00A5H            SYMBOL             A13
	B:00A4H            SYMBOL             A12
	B:00A3H            SYMBOL             A11
	B:00A2H            SYMBOL             A10
	B:00A1H            SYMBOL             A9
	B:00A0H            SYMBOL             A8
	D:00A0H            SYMBOL             P2
	D:0099H            SYMBOL             SBUF
	B:009FH            SYMBOL             SM0
	B:009EH            SYMBOL             SM1
	B:009DH            SYMBOL             SM2
	B:009CH            SYMBOL             REN
	B:009BH            SYMBOL             TB8
	B:009AH            SYMBOL             RB8
	B:0099H            SYMBOL             TI
	B:0098H            SYMBOL             RI
	D:0098H            SYMBOL             SCON
	B:0097H            SYMBOL             CEX4
	B:0096H            SYMBOL             CEX3
	B:0095H            SYMBOL             CEX2
	B:0094H            SYMBOL             CEX1
	B:0093H            SYMBOL             CEX0
	B:0092H            SYMBOL             EC1
	B:0091H            SYMBOL             T2EX
	B:0090H            SYMBOL             T2
	D:0090H            SYMBOL             P1
	D:008DH            SYMBOL             TH1
	D:008CH            SYMBOL             TH0
	D:008BH            SYMBOL             TL1
	D:008AH            SYMBOL             TL0
	D:0089H            SYMBOL             TMOD
	B:008FH            SYMBOL             TF1
	B:008EH            SYMBOL             TR1
	B:008DH            SYMBOL             TF0
	B:008CH            SYMBOL             TR0
	B:008BH            SYMBOL             IE1
	B:008AH            SYMBOL             IT1
	B:0089H            SYMBOL             IE0
	B:0088H            SYMBOL             IT0
	D:0088H            SYMBOL             TCON
	D:0087H            SYMBOL             PCON
	D:0083H            SYMBOL             DPH
	D:0082H            SYMBOL             DPL
	D:0081H            SYMBOL             SP
	B:0087H            SYMBOL             AD7
	B:0086H            SYMBOL             AD6
	B:0085H            SYMBOL             AD5
	B:0084H            SYMBOL             AD4
	B:0083H            SYMBOL             AD3
	B:0082H            SYMBOL             AD2
	B:0081H            SYMBOL             AD1
	B:0080H            SYMBOL             AD0
	D:0080H            SYMBOL             P0
	-------            PROC               Main
	C:24DFH            LINE#              42
	C:24DFH            LINE#              42
	C:24DFH            LINE#              44
	C:24E6H            LINE#              46
	C:24E9H            LINE#              48
	C:24F3H            LINE#              50
	C:24F6H            LINE#              52
LX51 CODE BANKING LINKER/LOCATOR V05.01.25                                                                       03/16/11  20:00:11

	C:24FDH            LINE#              57
	C:2504H            LINE#              59
	C:2507H            LINE#              61
	C:250EH            LINE#              62
	C:2517H            LINE#              63
	C:2520H            LINE#              65
	C:2523H            LINE#              67
	C:2526H            LINE#              68
	C:2529H            LINE#              70
	C:2530H            LINE#              72
	C:2533H            LINE#              74
	C:253AH            LINE#              77
	C:253AH            LINE#              77
	-------            ENDPROC            Main
	-------            ENDMOD             Main
	-------            MODULE             Backup
	C:0000H            SYMBOL             _ICE_DUMMY_
	C:2868H            PUBLIC             _SfrPLC_ProgramRestore
	C:253BH            PUBLIC             _SfrPLC_ProgramBackup
	D:00F0H            SYMBOL             B
	D:00E0H            SYMBOL             ACC
	B:00D7H            SYMBOL             CY
	B:00D6H            SYMBOL             AC
	B:00D5H            SYMBOL             F0
	B:00D4H            SYMBOL             RS1
	B:00D3H            SYMBOL             RS0
	B:00D2H            SYMBOL             OV
	B:00D1H            SYMBOL             F1
	B:00D0H            SYMBOL             P
	D:00D0H            SYMBOL             PSW
	D:00CDH            SYMBOL             TH2
	D:00CCH            SYMBOL             TL2
	D:00CBH            SYMBOL             RCAP2H
	D:00CAH            SYMBOL             RCAP2L
	B:00CFH            SYMBOL             TF2
	B:00CEH            SYMBOL             EXF2
	B:00CDH            SYMBOL             RCLK
	B:00CCH            SYMBOL             TCLK
	B:00CBH            SYMBOL             EXEN2
	B:00CAH            SYMBOL             TR2
	B:00C9H            SYMBOL             CT2
	B:00C8H            SYMBOL             CPRL2
	D:00C8H            SYMBOL             T2CON
	B:00BDH            SYMBOL             PT2
	B:00BCH            SYMBOL             PS
	B:00BBH            SYMBOL             PT1
	B:00BAH            SYMBOL             PX1
	B:00B9H            SYMBOL             PT0
	B:00B8H            SYMBOL             PX0
	D:00B8H            SYMBOL             IP
	B:00B7H            SYMBOL             RD
	B:00B6H            SYMBOL             WR
	B:00B5H            SYMBOL             T1
	B:00B4H            SYMBOL             T0
	B:00B3H            SYMBOL             INT1
	B:00B2H            SYMBOL             INT0
	B:00B1H            SYMBOL             TxD
	B:00B0H            SYMBOL             RxD
	D:00B0H            SYMBOL             P3
	B:00AFH            SYMBOL             EA
	B:00ADH            SYMBOL             ET2
	B:00ACH            SYMBOL             ES
	B:00ABH            SYMBOL             ET1
	B:00AAH            SYMBOL             EX1
	B:00A9H            SYMBOL             ET0
	B:00A8H            SYMBOL             EX0
	D:00A8H            SYMBOL             IE
	B:00A7H            SYMBOL             A15
	B:00A6H            SYMBOL             A14
	B:00A5H            SYMBOL             A13
	B:00A4H            SYMBOL             A12
	B:00A3H            SYMBOL             A11
	B:00A2H            SYMBOL             A10
	B:00A1H            SYMBOL             A9
	B:00A0H            SYMBOL             A8
	D:00A0H            SYMBOL             P2
	D:0099H            SYMBOL             SBUF
LX51 CODE BANKING LINKER/LOCATOR V05.01.25                                                                       03/16/11  20:00:11

	B:009FH            SYMBOL             SM0
	B:009EH            SYMBOL             SM1
	B:009DH            SYMBOL             SM2
	B:009CH            SYMBOL             REN
	B:009BH            SYMBOL             TB8
	B:009AH            SYMBOL             RB8
	B:0099H            SYMBOL             TI
	B:0098H            SYMBOL             RI
	D:0098H            SYMBOL             SCON
	B:0097H            SYMBOL             CEX4
	B:0096H            SYMBOL             CEX3
	B:0095H            SYMBOL             CEX2
	B:0094H            SYMBOL             CEX1
	B:0093H            SYMBOL             CEX0
	B:0092H            SYMBOL             EC1
	B:0091H            SYMBOL             T2EX
	B:0090H            SYMBOL             T2
	D:0090H            SYMBOL             P1
	D:008DH            SYMBOL             TH1
	D:008CH            SYMBOL             TH0
	D:008BH            SYMBOL             TL1
	D:008AH            SYMBOL             TL0
	D:0089H            SYMBOL             TMOD
	B:008FH            SYMBOL             TF1
	B:008EH            SYMBOL             TR1
	B:008DH            SYMBOL             TF0
	B:008CH            SYMBOL             TR0
	B:008BH            SYMBOL             IE1
	B:008AH            SYMBOL             IT1
	B:0089H            SYMBOL             IE0
	B:0088H            SYMBOL             IT0
	D:0088H            SYMBOL             TCON
	D:0087H            SYMBOL             PCON
	D:0083H            SYMBOL             DPH
	D:0082H            SYMBOL             DPL
	D:0081H            SYMBOL             SP
	B:0087H            SYMBOL             AD7
	B:0086H            SYMBOL             AD6
	B:0085H            SYMBOL             AD5
	B:0084H            SYMBOL             AD4
	B:0083H            SYMBOL             AD3
	B:0082H            SYMBOL             AD2
	B:0081H            SYMBOL             AD1
	B:0080H            SYMBOL             AD0
	D:0080H            SYMBOL             P0
	-------            PROC               _SfrPLC_ProgramBackup
	X:0A25H            SYMBOL             S
	X:0A27H            SYMBOL             i
	X:0A08H            SYMBOL             CaseNr
	X:0A09H            SYMBOL             WriteCaseNr
	X:0A0AH            SYMBOL             BytesToWrite
	X:0A0BH            SYMBOL             ByteNr
	X:0A0DH            SYMBOL             CRCBuffer
	X:0A0FH            SYMBOL             TimeBuf
	X:0A11H            SYMBOL             DestinationAdd
	X:0A13H            SYMBOL             AddressToWrite
	X:0A15H            SYMBOL             DataToWrite
	C:253BH            LINE#              74
	C:253BH            LINE#              74
	C:2543H            LINE#              93
	C:2556H            LINE#              293
	C:2557H            LINE#              98
	C:255CH            LINE#              102
	C:2568H            LINE#              106
	C:256EH            LINE#              293
	C:256FH            LINE#              109
	C:2574H            LINE#              123
	C:257AH            LINE#              124
	C:2582H            LINE#              127
	C:258EH            LINE#              133
	C:2599H            LINE#              134
	C:259FH            LINE#              142
	C:25A6H            LINE#              143
	C:2606H            LINE#              151
	C:260BH            LINE#              152
	C:2619H            LINE#              293
	C:261AH            LINE#              157
LX51 CODE BANKING LINKER/LOCATOR V05.01.25                                                                       03/16/11  20:00:11

	C:2620H            LINE#              158
	C:2627H            LINE#              163
	C:2635H            LINE#              165
	C:263DH            LINE#              293
	C:263EH            LINE#              168
	C:2643H            LINE#              169
	C:2645H            LINE#              174
	C:264AH            LINE#              175
	C:264EH            LINE#              185
	C:2692H            LINE#              192
	C:269AH            LINE#              193
	C:26A5H            LINE#              195
	C:26CDH            LINE#              197
	C:26D5H            LINE#              198
	C:26DCH            LINE#              199
	C:26E2H            LINE#              200
	C:26E3H            LINE#              209
	C:26F1H            LINE#              210
	C:2715H            LINE#              211
	C:2730H            LINE#              212
	C:2736H            LINE#              213
	C:2747H            LINE#              214
	C:2758H            LINE#              215
	C:275EH            LINE#              216
	C:275FH            LINE#              223
	C:278EH            LINE#              224
	C:2795H            LINE#              226
	C:279BH            LINE#              228
	C:279CH            LINE#              236
	C:27A4H            LINE#              237
	C:27ADH            LINE#              239
	C:27B6H            LINE#              241
	C:27C7H            LINE#              242
	C:27CDH            LINE#              243
	C:27D3H            LINE#              244
	C:27D4H            LINE#              252
	C:27DCH            LINE#              253
	C:27E7H            LINE#              255
	C:27F0H            LINE#              257
	C:2808H            LINE#              258
	C:280EH            LINE#              259
	C:2814H            LINE#              260
	C:2815H            LINE#              268
	C:281DH            LINE#              269
	C:2828H            LINE#              271
	C:2831H            LINE#              273
	C:2842H            LINE#              274
	C:2848H            LINE#              275
	C:284EH            LINE#              276
	C:284FH            LINE#              282
	C:2855H            LINE#              283
	C:285BH            LINE#              284
	C:285CH            LINE#              289
	C:2862H            LINE#              290
	C:2867H            LINE#              293
	C:2867H            LINE#              293
	-------            ENDPROC            _SfrPLC_ProgramBackup
	-------            PROC               _SfrPLC_ProgramRestore
	X:0A28H            SYMBOL             S
	X:0A32H            SYMBOL             i
	X:0A2AH            SYMBOL             ByteNr
	X:0A30H            SYMBOL             CRCBuffer
	X:0A2CH            SYMBOL             AuxBuf
	X:0A19H            SYMBOL             AuxHeader
	C:2868H            LINE#              308
	C:2868H            LINE#              308
	C:2870H            LINE#              324
	C:287DH            LINE#              460
	C:287EH            LINE#              329
	C:2885H            LINE#              330
	C:2888H            LINE#              335
	C:28BDH            LINE#              336
	C:28C0H            LINE#              341
	C:28E5H            LINE#              342
	C:28F8H            LINE#              343
	C:2927H            LINE#              345
	C:2937H            LINE#              350
LX51 CODE BANKING LINKER/LOCATOR V05.01.25                                                                       03/16/11  20:00:11

	C:2977H            LINE#              336
	C:297AH            LINE#              353
	C:29AFH            LINE#              336
	C:29B2H            LINE#              362
	C:29E1H            LINE#              336
	C:29E4H            LINE#              371
	C:2A0AH            LINE#              373
	C:2A5FH            LINE#              336
	C:2A62H            LINE#              376
	C:2A7DH            LINE#              377
	C:2A80H            LINE#              371
	C:2A94H            LINE#              380
	C:2AADH            LINE#              386
	C:2AD3H            LINE#              388
	C:2B33H            LINE#              336
	C:2B36H            LINE#              391
	C:2B51H            LINE#              392
	C:2B54H            LINE#              386
	C:2B68H            LINE#              399
	C:2B83H            LINE#              336
	C:2B86H            LINE#              405
	C:2BA6H            LINE#              407
	C:2C06H            LINE#              336
	C:2C09H            LINE#              410
	C:2C5EH            LINE#              336
	C:2C61H            LINE#              413
	C:2C64H            LINE#              405
	C:2C78H            LINE#              419
	C:2CB8H            LINE#              336
	C:2CBBH            LINE#              422
	C:2CFBH            LINE#              336
	X:0A32H            SYMBOL             i
	C:2CFEH            LINE#              433
	C:2D1EH            LINE#              435
	C:2D89H            LINE#              336
	X:0A32H            SYMBOL             i
	C:2D8CH            LINE#              438
	C:2D8FH            LINE#              433
	C:2DA3H            LINE#              444
	X:0A32H            SYMBOL             i
	C:2DDEH            LINE#              445
	X:0A32H            SYMBOL             i
	C:2DE1H            LINE#              444
	C:2E0FH            LINE#              460
	X:0A32H            SYMBOL             i
	C:2E10H            LINE#              455
	C:2E42H            LINE#              456
	X:0A32H            SYMBOL             i
	C:2E45H            LINE#              455
	C:2E73H            LINE#              458
	C:2E7AH            LINE#              459
	C:2E80H            LINE#              460
	C:2E80H            LINE#              460
	-------            ENDPROC            _SfrPLC_ProgramRestore
	-------            ENDMOD             Backup
	-------            MODULE             CommonC
	C:0000H            SYMBOL             _ICE_DUMMY_
	X:0A63H            SYMBOL             Clock500TimBuf
	X:0A61H            SYMBOL             Clock100TimBuf
	X:0A5FH            SYMBOL             TimeBaseTimBuf
	D:0064H            PUBLIC             SfrPLC_AccB
	D:0060H            PUBLIC             SfrPLC_AccA
	X:0A5BH            PUBLIC             PLCErrors
	X:0A59H            PUBLIC             PLCMaxLoopTime
	X:0A57H            PUBLIC             PLCMinLoopTime
	X:0A55H            PUBLIC             PLCLoopTime
	X:0A53H            PUBLIC             PLCSystemTime
	X:0A52H            PUBLIC             PLCRandom
	X:0A51H            PUBLIC             PLCBackupEnd
	X:0A50H            PUBLIC             PLCBackupOneShot
	X:0A4FH            PUBLIC             PLCBackupDisable
	X:0A4EH            PUBLIC             PLCRestoreFault
	X:0A4DH            PUBLIC             PLCEquFlag
	X:0A4CH            PUBLIC             PLCGrtFlag
	X:0A4BH            PUBLIC             PLCLesFlag
	X:0A4AH            PUBLIC             PLCConvError
	X:0A49H            PUBLIC             PLCMathError
LX51 CODE BANKING LINKER/LOCATOR V05.01.25                                                                       03/16/11  20:00:11

	X:0A48H            PUBLIC             PLCSubIsNegative
	X:0A47H            PUBLIC             PLCPulse1000
	X:0A46H            PUBLIC             PLCPulse500
	X:0A45H            PUBLIC             PLCPulse100
	X:0A44H            PUBLIC             PLCTimeBase12800
	X:0A43H            PUBLIC             PLCTimeBase6400
	X:0A42H            PUBLIC             PLCTimeBase3200
	X:0A41H            PUBLIC             PLCTimeBase1600
	X:0A40H            PUBLIC             PLCTimeBase800
	X:0A3FH            PUBLIC             PLCTimeBase400
	X:0A3EH            PUBLIC             PLCTimeBase200
	X:0A3DH            PUBLIC             PLCTimeBase100
	X:0A3CH            PUBLIC             PLCLoopToggle
	X:0A3BH            PUBLIC             PLCFirstLoop
	X:0A3AH            PUBLIC             PLCClock1000
	X:0A39H            PUBLIC             PLCClock500
	X:0A38H            PUBLIC             PLCClock100
	X:0A37H            PUBLIC             PLCChrReceived
	X:0A36H            PUBLIC             PLCTxBufEmpty
	X:0A35H            PUBLIC             PLCTxBufFull
	X:0A34H            PUBLIC             PLCRxBufEmpty
	C:2E83H            PUBLIC             SfrPLC_AlwaysZero
	C:2E82H            PUBLIC             SfrPLC_AlwaysOne
	C:2E81H            PUBLIC             SfrPLC_CodeControl
	C:3087H            PUBLIC             SfrPLC_ProgramEnd
	C:2E9CH            PUBLIC             SfrPLC_ProgramBegin
	C:2E84H            PUBLIC             SfrPLC_StartUp
	D:00F0H            SYMBOL             B
	D:00E0H            SYMBOL             ACC
	B:00D7H            SYMBOL             CY
	B:00D6H            SYMBOL             AC
	B:00D5H            SYMBOL             F0
	B:00D4H            SYMBOL             RS1
	B:00D3H            SYMBOL             RS0
	B:00D2H            SYMBOL             OV
	B:00D1H            SYMBOL             F1
	B:00D0H            SYMBOL             P
	D:00D0H            SYMBOL             PSW
	D:00CDH            SYMBOL             TH2
	D:00CCH            SYMBOL             TL2
	D:00CBH            SYMBOL             RCAP2H
	D:00CAH            SYMBOL             RCAP2L
	B:00CFH            SYMBOL             TF2
	B:00CEH            SYMBOL             EXF2
	B:00CDH            SYMBOL             RCLK
	B:00CCH            SYMBOL             TCLK
	B:00CBH            SYMBOL             EXEN2
	B:00CAH            SYMBOL             TR2
	B:00C9H            SYMBOL             CT2
	B:00C8H            SYMBOL             CPRL2
	D:00C8H            SYMBOL             T2CON
	B:00BDH            SYMBOL             PT2
	B:00BCH            SYMBOL             PS
	B:00BBH            SYMBOL             PT1
	B:00BAH            SYMBOL             PX1
	B:00B9H            SYMBOL             PT0
	B:00B8H            SYMBOL             PX0
	D:00B8H            SYMBOL             IP
	B:00B7H            SYMBOL             RD
	B:00B6H            SYMBOL             WR
	B:00B5H            SYMBOL             T1
	B:00B4H            SYMBOL             T0
	B:00B3H            SYMBOL             INT1
	B:00B2H            SYMBOL             INT0
	B:00B1H            SYMBOL             TxD
	B:00B0H            SYMBOL             RxD
	D:00B0H            SYMBOL             P3
	B:00AFH            SYMBOL             EA
	B:00ADH            SYMBOL             ET2
	B:00ACH            SYMBOL             ES
	B:00ABH            SYMBOL             ET1
	B:00AAH            SYMBOL             EX1
	B:00A9H            SYMBOL             ET0
	B:00A8H            SYMBOL             EX0
	D:00A8H            SYMBOL             IE
	B:00A7H            SYMBOL             A15
	B:00A6H            SYMBOL             A14
LX51 CODE BANKING LINKER/LOCATOR V05.01.25                                                                       03/16/11  20:00:11

	B:00A5H            SYMBOL             A13
	B:00A4H            SYMBOL             A12
	B:00A3H            SYMBOL             A11
	B:00A2H            SYMBOL             A10
	B:00A1H            SYMBOL             A9
	B:00A0H            SYMBOL             A8
	D:00A0H            SYMBOL             P2
	D:0099H            SYMBOL             SBUF
	B:009FH            SYMBOL             SM0
	B:009EH            SYMBOL             SM1
	B:009DH            SYMBOL             SM2
	B:009CH            SYMBOL             REN
	B:009BH            SYMBOL             TB8
	B:009AH            SYMBOL             RB8
	B:0099H            SYMBOL             TI
	B:0098H            SYMBOL             RI
	D:0098H            SYMBOL             SCON
	B:0097H            SYMBOL             CEX4
	B:0096H            SYMBOL             CEX3
	B:0095H            SYMBOL             CEX2
	B:0094H            SYMBOL             CEX1
	B:0093H            SYMBOL             CEX0
	B:0092H            SYMBOL             EC1
	B:0091H            SYMBOL             T2EX
	B:0090H            SYMBOL             T2
	D:0090H            SYMBOL             P1
	D:008DH            SYMBOL             TH1
	D:008CH            SYMBOL             TH0
	D:008BH            SYMBOL             TL1
	D:008AH            SYMBOL             TL0
	D:0089H            SYMBOL             TMOD
	B:008FH            SYMBOL             TF1
	B:008EH            SYMBOL             TR1
	B:008DH            SYMBOL             TF0
	B:008CH            SYMBOL             TR0
	B:008BH            SYMBOL             IE1
	B:008AH            SYMBOL             IT1
	B:0089H            SYMBOL             IE0
	B:0088H            SYMBOL             IT0
	D:0088H            SYMBOL             TCON
	D:0087H            SYMBOL             PCON
	D:0083H            SYMBOL             DPH
	D:0082H            SYMBOL             DPL
	D:0081H            SYMBOL             SP
	B:0087H            SYMBOL             AD7
	B:0086H            SYMBOL             AD6
	B:0085H            SYMBOL             AD5
	B:0084H            SYMBOL             AD4
	B:0083H            SYMBOL             AD3
	B:0082H            SYMBOL             AD2
	B:0081H            SYMBOL             AD1
	B:0080H            SYMBOL             AD0
	D:0080H            SYMBOL             P0
	-------            PROC               SfrPLC_StartUp
	C:2E84H            LINE#              115
	C:2E84H            LINE#              115
	C:2E84H            LINE#              119
	C:2E87H            LINE#              123
	C:2E8EH            LINE#              124
	C:2E92H            LINE#              125
	C:2E96H            LINE#              126
	C:2E9BH            LINE#              127
	C:2E9BH            LINE#              127
	-------            ENDPROC            SfrPLC_StartUp
	-------            PROC               SfrPLC_ProgramBegin
	X:0A65H            SYMBOL             LoopTimeInit
	X:0A66H            SYMBOL             LoopTimeBuf
	C:2E9CH            LINE#              142
	C:2E9CH            LINE#              142
	C:2E9CH            LINE#              154
	C:2E9FH            LINE#              158
	C:2EB2H            LINE#              159
	C:2EBAH            LINE#              166
	C:2EC5H            LINE#              172
	C:2ECEH            LINE#              174
	C:2EEDH            LINE#              176
	C:2EF3H            LINE#              178
LX51 CODE BANKING LINKER/LOCATOR V05.01.25                                                                       03/16/11  20:00:11

	C:2EF6H            LINE#              179
	C:2F04H            LINE#              180
	C:2F0CH            LINE#              184
	C:2F22H            LINE#              185
	C:2F32H            LINE#              187
	C:2F49H            LINE#              188
	C:2F59H            LINE#              194
	C:2F69H            LINE#              201
	C:2F70H            LINE#              205
	C:2F78H            LINE#              210
	C:2F7DH            LINE#              211
	C:2F98H            LINE#              213
	C:2FA1H            LINE#              215
	C:2FB2H            LINE#              216
	C:2FB8H            LINE#              218
	C:2FC1H            LINE#              219
	C:2FC8H            LINE#              220
	C:2FCFH            LINE#              221
	C:2FD6H            LINE#              222
	C:2FDDH            LINE#              223
	C:2FE4H            LINE#              224
	C:2FEBH            LINE#              225
	C:2FF0H            LINE#              230
	C:300BH            LINE#              232
	C:3014H            LINE#              234
	C:3025H            LINE#              235
	C:302CH            LINE#              240
	C:3031H            LINE#              241
	C:3033H            LINE#              242
	C:304EH            LINE#              244
	C:3057H            LINE#              246
	C:3068H            LINE#              248
	C:3071H            LINE#              250
	C:3077H            LINE#              252
	C:3080H            LINE#              253
	C:3086H            LINE#              256
	C:3086H            LINE#              256
	-------            ENDPROC            SfrPLC_ProgramBegin
	-------            PROC               SfrPLC_ProgramEnd
	C:3087H            LINE#              271
	C:3087H            LINE#              271
	C:3087H            LINE#              273
	C:308CH            LINE#              274
	C:308CH            LINE#              274
	-------            ENDPROC            SfrPLC_ProgramEnd
	-------            ENDMOD             CommonC
	C:308DH            PUBLIC             ?SfrPLC_InputAcq
	-------            MODULE             INPUTACQ
	C:30ADH            SYMBOL             FirstLoopCheck
	D:00CBH            SYMBOL             rcap2h
	D:0082H            SYMBOL             dpl
	D:0080H            SYMBOL             p0
	D:0090H            SYMBOL             p1
	C:30B3H            SYMBOL             InputLoop1st
	D:00F0H            SYMBOL             b
	B:00CBH            SYMBOL             exen2
	B:00A2H            SYMBOL             a10
	D:00A0H            SYMBOL             p2
	D:0081H            SYMBOL             SP
	B:00C8H            SYMBOL             cprl2
	B:00BCH            SYMBOL             ps
	D:00B0H            SYMBOL             p3
	B:00A3H            SYMBOL             a11
	B:0091H            SYMBOL             t2ex
	D:0081H            SYMBOL             sp
	B:00D6H            SYMBOL             ac
	D:00CAH            SYMBOL             rcap2l
	B:00B4H            SYMBOL             t0
	B:00A4H            SYMBOL             a12
	B:00D2H            SYMBOL             ov
	B:00B5H            SYMBOL             t1
	B:00A5H            SYMBOL             a13
	B:009CH            SYMBOL             ren
	C:3101H            SYMBOL             ShiftInput1st
	B:00AFH            SYMBOL             EA
	D:00C8H            SYMBOL             t2con
	B:00AFH            SYMBOL             ea
LX51 CODE BANKING LINKER/LOCATOR V05.01.25                                                                       03/16/11  20:00:11

	B:00A6H            SYMBOL             a14
	B:0090H            SYMBOL             t2
	D:00E0H            SYMBOL             acc
	B:00A7H            SYMBOL             a15
	B:00C9H            SYMBOL             ct2
	B:00B6H            SYMBOL             wr
	B:00A9H            SYMBOL             et0
	C:3109H            SYMBOL             InputLoop
	B:00ABH            SYMBOL             et1
	B:008DH            SYMBOL             tf0
	C:3146H            SYMBOL             TimeIsZero
	B:00ADH            SYMBOL             et2
	B:008FH            SYMBOL             tf1
	B:00CFH            SYMBOL             tf2
	B:00CDH            SYMBOL             rclk
	B:009AH            SYMBOL             rb8
	D:008CH            SYMBOL             th0
	B:00A8H            SYMBOL             ex0
	D:008DH            SYMBOL             th1
	B:0088H            SYMBOL             it0
	C:308DH            PUBLIC             ?SfrPLC_InputAcq
	C:3171H            SYMBOL             TimeIsReach
	C:3180H            SYMBOL             ShiftInput
	D:00CDH            SYMBOL             th2
[...]
	B:0098H            SYMBOL             ri
	B:0086H            SYMBOL             ad6
	B:00D7H            SYMBOL             cy
	B:00B3H            SYMBOL             int1
	D:0083H            SYMBOL             dph
	B:0087H            SYMBOL             ad7
	B:0099H            SYMBOL             ti
	B:0089H            SYMBOL             ie0
	C:34C4H            PUBLIC             getchar
	B:008BH            SYMBOL             ie1
	C:34C4H            LINE#              63
	C:34C6H            LINE#              64
	C:34C8H            LINE#              65
	C:34CAH            LINE#              66
	C:34CCH            LINE#              67
	C:34CEH            LINE#              68
	C:34D0H            LINE#              69
	C:34D2H            LINE#              70
	C:34D4H            LINE#              71
	C:34D6H            LINE#              72
	C:34D8H            LINE#              73
	C:34DBH            LINE#              77
	C:34DEH            LINE#              78
	C:34E0H            LINE#              79
	C:34E3H            LINE#              80
	C:34E5H            LINE#              84
	C:34E7H            LINE#              85
	C:34E9H            LINE#              86
	C:34EBH            LINE#              87
	C:34EDH            LINE#              88
	C:34EFH            LINE#              89
	C:34F1H            LINE#              90
	C:34F3H            LINE#              91
	C:34F5H            LINE#              92
	C:34F7H            LINE#              93
	C:34F9H            LINE#              94
	C:34FBH            LINE#              95
	C:34FCH            LINE#              96
	C:34FDH            LINE#              100
	C:34FFH            LINE#              101
	C:3501H            LINE#              102
	C:3502H            LINE#              106
LX51 CODE BANKING LINKER/LOCATOR V05.01.25                                                                       03/16/11  20:00:11

	C:3504H            LINE#              107
	C:3506H            LINE#              108
	-------            ENDMOD             GETCHAR
	C:3507H            PUBLIC             SfrSys_InitStatic
	-------            MODULE             INITSTATIC
	C:3536H            SYMBOL             __SIZE_LOOP_1__
	D:00CBH            SYMBOL             rcap2h
	D:0082H            SYMBOL             dpl
	D:0080H            SYMBOL             p0
	C:3568H            SYMBOL             __MASK_GEN__
	C:3539H            SYMBOL             __XDATA_INIT__
	D:0090H            SYMBOL             p1
	D:00F0H            SYMBOL             b
	B:00CBH            SYMBOL             exen2
	B:00A2H            SYMBOL             a10
	D:00A0H            SYMBOL             p2
	D:0081H            SYMBOL             SP
	B:00C8H            SYMBOL             cprl2
	B:00BCH            SYMBOL             ps
	D:00B0H            SYMBOL             p3
	B:00A3H            SYMBOL             a11
	B:0091H            SYMBOL             t2ex
	D:0081H            SYMBOL             sp
	B:00D6H            SYMBOL             ac
	D:00CAH            SYMBOL             rcap2l
	B:00B4H            SYMBOL             t0
	B:00A4H            SYMBOL             a12
	B:00D2H            SYMBOL             ov
	B:00B5H            SYMBOL             t1
	B:00A5H            SYMBOL             a13
	B:009CH            SYMBOL             ren
	C:3507H            PUBLIC             SfrSys_InitStatic
	B:00AFH            SYMBOL             EA
	D:00C8H            SYMBOL             t2con
	B:00AFH            SYMBOL             ea
	B:00A6H            SYMBOL             a14
	B:0090H            SYMBOL             t2
	D:00E0H            SYMBOL             acc
	B:00A7H            SYMBOL             a15
	C:3529H            SYMBOL             __INIT_LOOP__
	B:00C9H            SYMBOL             ct2
	B:00B6H            SYMBOL             wr
	B:00A9H            SYMBOL             et0
	B:00ABH            SYMBOL             et1
	B:008DH            SYMBOL             tf0
	B:00ADH            SYMBOL             et2
	B:008FH            SYMBOL             tf1
	B:00CFH            SYMBOL             tf2
	B:00CDH            SYMBOL             rclk
	B:009AH            SYMBOL             rb8
	D:008CH            SYMBOL             th0
	C:356BH            SYMBOL             __MASK_APPLY__
	B:00A8H            SYMBOL             ex0
	D:008DH            SYMBOL             th1
	B:0088H            SYMBOL             it0
	C:3553H            SYMBOL             __BIT_INIT__
	D:00CDH            SYMBOL             th2
	B:00CCH            SYMBOL             tclk
	B:00B0H            SYMBOL             rxd
	B:00AAH            SYMBOL             ex1
	D:00A8H            SYMBOL             ie
	B:009BH            SYMBOL             tb8
	B:008AH            SYMBOL             it1
	C:352FH            SYMBOL             __ZERO_INIT__
	C:3534H            SYMBOL             __SIZE_LOOP__
	B:00D0H            SYMBOL             p
	B:00B1H            SYMBOL             txd
	D:0099H            SYMBOL             sbuf
	B:009FH            SYMBOL             sm0
	B:0093H            SYMBOL             cex0
	D:008AH            SYMBOL             tl0
	D:0087H            SYMBOL             pcon
	B:009EH            SYMBOL             sm1
	B:0094H            SYMBOL             cex1
	D:008BH            SYMBOL             tl1
	D:00CCH            SYMBOL             tl2
	B:009DH            SYMBOL             sm2
LX51 CODE BANKING LINKER/LOCATOR V05.01.25                                                                       03/16/11  20:00:11

	B:0095H            SYMBOL             cex2
	D:0098H            SYMBOL             scon
	B:0096H            SYMBOL             cex3
	B:00B9H            SYMBOL             pt0
	B:0097H            SYMBOL             cex4
	D:0089H            SYMBOL             tmod
	D:0088H            SYMBOL             tcon
	C:3510H            SYMBOL             __INIDATA_LABEL__
	B:00D3H            SYMBOL             rs0
	B:00CEH            SYMBOL             exf2
	B:00BBH            SYMBOL             pt1
	B:0080H            SYMBOL             ad0
	B:00D5H            SYMBOL             f0
	B:00D4H            SYMBOL             rs1
	B:00BDH            SYMBOL             pt2
	B:00B7H            SYMBOL             rd
	B:008CH            SYMBOL             tr0
	B:0081H            SYMBOL             ad1
	B:00D1H            SYMBOL             f1
	B:008EH            SYMBOL             tr1
	B:0082H            SYMBOL             ad2
	B:00CAH            SYMBOL             tr2
	B:00B8H            SYMBOL             px0
	B:00ACH            SYMBOL             es
	B:0083H            SYMBOL             ad3
	B:00BAH            SYMBOL             px1
	D:00B8H            SYMBOL             ip
	B:00A0H            SYMBOL             a8
	B:0092H            SYMBOL             ec1
	B:0084H            SYMBOL             ad4
	C:356FH            SYMBOL             __END_OF_INIT__
	D:00D0H            SYMBOL             psw
	B:00A1H            SYMBOL             a9
	B:0085H            SYMBOL             ad5
	B:00B2H            SYMBOL             int0
	B:0098H            SYMBOL             ri
	B:0086H            SYMBOL             ad6
	B:00D7H            SYMBOL             cy
	B:00B3H            SYMBOL             int1
	D:0083H            SYMBOL             dph
	B:0087H            SYMBOL             ad7
	B:0099H            SYMBOL             ti
	C:350AH            SYMBOL             __PAQ__
	B:0089H            SYMBOL             ie0
	B:008BH            SYMBOL             ie1
	C:3507H            LINE#              55
	C:350AH            LINE#              60
	C:350BH            LINE#              61
	C:350CH            LINE#              62
	C:350EH            LINE#              63
	C:3510H            LINE#              74
	C:3511H            LINE#              75
	C:3512H            LINE#              76
	C:3514H            LINE#              82
	C:3515H            LINE#              83
	C:3516H            LINE#              84
	C:3518H            LINE#              89
	C:3519H            LINE#              90
	C:351AH            LINE#              91
	C:351BH            LINE#              92
	C:351CH            LINE#              93
	C:351DH            LINE#              94
	C:351FH            LINE#              95
	C:3521H            LINE#              96
	C:3524H            LINE#              100
	C:3525H            LINE#              101
	C:3526H            LINE#              102
	C:3527H            LINE#              103
	C:3529H            LINE#              108
	C:352AH            LINE#              109
	C:352DH            LINE#              113
	C:352EH            LINE#              114
	C:352FH            LINE#              118
	C:3532H            LINE#              122
	C:3533H            LINE#              123
	C:3534H            LINE#              125
	C:3536H            LINE#              127
LX51 CODE BANKING LINKER/LOCATOR V05.01.25                                                                       03/16/11  20:00:11

	C:3537H            LINE#              128
	C:3539H            LINE#              132
	C:353BH            LINE#              133
	C:353DH            LINE#              134
	C:353FH            LINE#              135
	C:3541H            LINE#              136
	C:3542H            LINE#              137
	C:3544H            LINE#              138
	C:3545H            LINE#              139
	C:3546H            LINE#              140
	C:3548H            LINE#              141
	C:354AH            LINE#              142
	C:354CH            LINE#              143
	C:354EH            LINE#              144
	C:354FH            LINE#              145
	C:3551H            LINE#              146
	C:3553H            LINE#              150
	C:3554H            LINE#              151
	C:3555H            LINE#              152
	C:3556H            LINE#              153
	C:3557H            LINE#              154
	C:3559H            LINE#              155
	C:355BH            LINE#              156
	C:355CH            LINE#              157
	C:355DH            LINE#              158
	C:355FH            LINE#              159
	C:3560H            LINE#              160
	C:3561H            LINE#              161
	C:3562H            LINE#              162
	C:3563H            LINE#              163
	C:3566H            LINE#              164
	C:3568H            LINE#              168
	C:3569H            LINE#              169
	C:356BH            LINE#              173
	C:356CH            LINE#              174
	C:356DH            LINE#              175
	C:356FH            LINE#              179
	-------            ENDMOD             INITSTATIC
	C:3570H            PUBLIC             _putchar
	-------            MODULE             PUTCHAR
	C:35A4H            SYMBOL             PutChCall
	D:00CBH            SYMBOL             rcap2h
	D:0082H            SYMBOL             dpl
	D:0080H            SYMBOL             p0
	D:0090H            SYMBOL             p1
	D:00F0H            SYMBOL             b
	B:00CBH            SYMBOL             exen2
	B:00A2H            SYMBOL             a10
	D:00A0H            SYMBOL             p2
	D:0081H            SYMBOL             SP
	B:00C8H            SYMBOL             cprl2
	B:00BCH            SYMBOL             ps
	D:00B0H            SYMBOL             p3
	B:00A3H            SYMBOL             a11
	B:0091H            SYMBOL             t2ex
	D:0081H            SYMBOL             sp
	B:00D6H            SYMBOL             ac
	D:00CAH            SYMBOL             rcap2l
	B:00B4H            SYMBOL             t0
	B:00A4H            SYMBOL             a12
	B:00D2H            SYMBOL             ov
	B:00B5H            SYMBOL             t1
	B:00A5H            SYMBOL             a13
	B:009CH            SYMBOL             ren
	B:00AFH            SYMBOL             EA
	D:00C8H            SYMBOL             t2con
	B:00AFH            SYMBOL             ea
	B:00A6H            SYMBOL             a14
	B:0090H            SYMBOL             t2
	D:00E0H            SYMBOL             acc
	B:00A7H            SYMBOL             a15
	B:00C9H            SYMBOL             ct2
	B:00B6H            SYMBOL             wr
	B:00A9H            SYMBOL             et0
	B:00ABH            SYMBOL             et1
	B:008DH            SYMBOL             tf0
	B:00ADH            SYMBOL             et2
LX51 CODE BANKING LINKER/LOCATOR V05.01.25                                                                       03/16/11  20:00:11

	B:008FH            SYMBOL             tf1
	B:00CFH            SYMBOL             tf2
	B:00CDH            SYMBOL             rclk
	B:009AH            SYMBOL             rb8
	D:008CH            SYMBOL             th0
	B:00A8H            SYMBOL             ex0
	D:008DH            SYMBOL             th1
	B:0088H            SYMBOL             it0
	D:00CDH            SYMBOL             th2
	B:00CCH            SYMBOL             tclk
	B:00B0H            SYMBOL             rxd
	B:00AAH            SYMBOL             ex1
	D:00A8H            SYMBOL             ie
	B:009BH            SYMBOL             tb8
	B:008AH            SYMBOL             it1
	B:00D0H            SYMBOL             p
	B:00B1H            SYMBOL             txd
	D:0099H            SYMBOL             sbuf
	B:009FH            SYMBOL             sm0
	B:0093H            SYMBOL             cex0
	D:008AH            SYMBOL             tl0
	D:0087H            SYMBOL             pcon
	B:009EH            SYMBOL             sm1
	B:0094H            SYMBOL             cex1
	D:008BH            SYMBOL             tl1
	D:00CCH            SYMBOL             tl2
	B:009DH            SYMBOL             sm2
	B:0095H            SYMBOL             cex2
	D:0098H            SYMBOL             scon
	B:0096H            SYMBOL             cex3
	B:00B9H            SYMBOL             pt0
	B:0097H            SYMBOL             cex4
	D:0089H            SYMBOL             tmod
	D:0088H            SYMBOL             tcon
	B:00D3H            SYMBOL             rs0
	B:00CEH            SYMBOL             exf2
	B:00BBH            SYMBOL             pt1
	B:0080H            SYMBOL             ad0
	B:00D5H            SYMBOL             f0
	B:00D4H            SYMBOL             rs1
	B:00BDH            SYMBOL             pt2
	B:00B7H            SYMBOL             rd
	B:008CH            SYMBOL             tr0
	B:0081H            SYMBOL             ad1
	C:3570H            PUBLIC             _putchar
	B:00D1H            SYMBOL             f1
	B:008EH            SYMBOL             tr1
	B:0082H            SYMBOL             ad2
	B:00CAH            SYMBOL             tr2
	B:00B8H            SYMBOL             px0
	B:00ACH            SYMBOL             es
	B:0083H            SYMBOL             ad3
	B:00BAH            SYMBOL             px1
	D:00B8H            SYMBOL             ip
	B:00A0H            SYMBOL             a8
	B:0092H            SYMBOL             ec1
	B:0084H            SYMBOL             ad4
	D:00D0H            SYMBOL             psw
	B:00A1H            SYMBOL             a9
	B:0085H            SYMBOL             ad5
	B:00B2H            SYMBOL             int0
	B:0098H            SYMBOL             ri
	B:0086H            SYMBOL             ad6
	B:00D7H            SYMBOL             cy
	B:00B3H            SYMBOL             int1
	D:0083H            SYMBOL             dph
	B:0087H            SYMBOL             ad7
	B:0099H            SYMBOL             ti
	B:0089H            SYMBOL             ie0
	B:008BH            SYMBOL             ie1
	C:3570H            LINE#              54
	C:3572H            LINE#              55
	C:3574H            LINE#              56
	C:3576H            LINE#              57
	C:3578H            LINE#              58
	C:357AH            LINE#              59
	C:357CH            LINE#              60
LX51 CODE BANKING LINKER/LOCATOR V05.01.25                                                                       03/16/11  20:00:11

	C:357EH            LINE#              61
	C:3580H            LINE#              62
	C:3582H            LINE#              63
	C:3584H            LINE#              64
	C:3586H            LINE#              65
	C:3588H            LINE#              66
	C:358BH            LINE#              70
	C:358DH            LINE#              71
	C:358FH            LINE#              72
	C:3591H            LINE#              73
	C:3593H            LINE#              74
	C:3595H            LINE#              75
	C:3597H            LINE#              76
	C:3599H            LINE#              77
	C:359BH            LINE#              78
	C:359DH            LINE#              79
	C:359FH            LINE#              80
	C:35A1H            LINE#              81
	C:35A3H            LINE#              82
	C:35A4H            LINE#              86
	C:35A6H            LINE#              87
	C:35A8H            LINE#              88
	-------            ENDMOD             PUTCHAR
	C:0D20H            PUBLIC             ?C_DECDPTR
	C:0D30H            PUBLIC             ?C_DPTR2DPTR
	C:0D3AH            PUBLIC             ?C_CBADDMUL
	C:0D4FH            PUBLIC             ?C_INDCALL
	C:2261H            PUBLIC             ?C_INITSEGSTART
	C:0B98H            PUBLIC             MV4_XD2SN?C
	C:0BA0H            PUBLIC             _MV_XD2SN_0
	C:0ABFH            PUBLIC             MV4_XD2RG?C
	C:0ACBH            PUBLIC             MV4_RG2XD?C
	C:0AD7H            PUBLIC             XD2XD4?C
	C:0803H            PUBLIC             ?printf3
	C:080BH            PUBLIC             ?sprintf3
	C:0D54H            PUBLIC             ?C_LADD
	C:0D64H            PUBLIC             ?C_IMULX
	C:0D69H            PUBLIC             ?C_IMUL
	C:0D7DH            PUBLIC             ?C_SIDIV
	C:0DA5H            PUBLIC             ?C_UIDIV
	C:0E2AH            PUBLIC             CPL_R4R5
	C:0E32H            PUBLIC             CPL_R6R7
	C:0DDDH            PUBLIC             DIV_2
	C:0E3AH            PUBLIC             RST_STK4?C
	C:0E4FH            PUBLIC             ?strcpy
	C:0E51H            PUBLIC             __STRCPY_NXT1__
	C:0E49H            PUBLIC             ?C_CPY
	C:0FACH            PUBLIC             ?strlen
	C:0FFEH            PUBLIC             __NULL_POINTER__
	C:0FFBH            PUBLIC             __LOCAL_END__
	C:1003H            PUBLIC             ?memcpy
	C:1003H            PUBLIC             ?C_MEMCPY
	C:1023H            PUBLIC             ?memcmp
	C:1083H            PUBLIC             __flag1
	C:0D12H            PUBLIC             ?isdigit
	C:0CFFH            PUBLIC             ?isspace
	C:0BBAH            PUBLIC             ?strstr
	-------            MODULE             strstr
	C:0000H            SYMBOL             _ICE_DUMMY_
	-------            PROC               ?strstr
	-------            ENDPROC            ?strstr
	-------            ENDMOD             strstr
	C:0AF2H            PUBLIC             IPGN0?C
	C:0B1DH            PUBLIC             IPGN1?C
	C:0B48H            PUBLIC             XPGN0INC?C
	C:0B4CH            PUBLIC             XPGN1INC?C
	C:0B50H            PUBLIC             IPGN0INC?C
	C:0B54H            PUBLIC             __PGN0_INC__
	C:0B5AH            PUBLIC             __PGN1_INC__
	C:1098H            PUBLIC             ?C_LOP
	C:10A7H            PUBLIC             ?strcmp
	C:10AFH            PUBLIC             __STRCMP_NXT1__
	C:0B60H            PUBLIC             XPGN0?C
	C:0B7CH            PUBLIC             XPGN1?C

UNCALLED SEGMENTS:
------------------
LX51 CODE BANKING LINKER/LOCATOR V05.01.25                                                                       03/16/11  20:00:11

    ?PR?COMMONC

LINK/LOCATE RUN COMPLETE,  NO ERROR FOUND.

