LX51 CODE BANKING LINKER/LOCATOR V05.01.25                                     02/26/11  15:33:44
MS-DOS LX51 CODE BANKING LINKER/LOCATOR V05.01.25,  INVOKED BY:
c:\RIDE\Bin\LX51.EXE "C:\Documents and Settings\ib\My Documents\RemoterApplications\HOPLA\Compile&
\ElPLCLib.obj","C:\Documents and Settings\ib\My Documents\RemoterApplications\HOPLA\Compile\RilFi&
le.obj","C:\Documents and Settings\ib\My Documents\RemoterApplications\HOPLA\Compile\CFile.obj","&
C:\Documents and Settings\ib\My Documents\RemoterApplications\HOPLA\Compile\PlcRilDeclaration.obj&
","C:\Documents and Settings\ib\My Documents\RemoterApplications\HOPLA\Compile\Main.obj","C:\Prog&
ram Files\Elsist\Remoter\Lib\Raisonance\Pfb042l000\FbModbusAsciiSl.lib","C:\Program Files\Elsist\&
Remoter\Lib\Raisonance\Sfr036e000\ElPLCLib.lib","C:\Program Files\Elsist\Remoter\Lib\Raisonance\S&
fr043b300\ElSystemLib.lib" TO("C:\Documents and Settings\ib\My Documents\RemoterApplications\HOPL&
A\Compile\HOPLA.aof") PR("C:\Documents and Settings\ib\My Documents\RemoterApplications\HOPLA\Rel&
ease\HOPLA.m51") XSIZE(24575) CSIZE(65535) RS(127) RSI(127) CO(00800H) XD(00000H) DT(060H) ID(000&
H) BI(040H) ABSCODEOFFS(00800H) PL(77) PW(132) IX MAP NOOVERLAY


MEMORY MODEL: LARGE WITH IEEE REVERSE FLOATING POINT ARITHMETIC


INPUT MODULES INCLUDED
  C:\DOCUMENTS AND SETTINGS\IB\MY DOCUMENTS\REMOTERAPPLICATIONS\HOPLA\COMPILE\ELPLCLIB.OBJ(ELPLCLIB)
  C:\DOCUMENTS AND SETTINGS\IB\MY DOCUMENTS\REMOTERAPPLICATIONS\HOPLA\COMPILE\RILFILE.OBJ(RILFILE)
  C:\DOCUMENTS AND SETTINGS\IB\MY DOCUMENTS\REMOTERAPPLICATIONS\HOPLA\COMPILE\CFILE.OBJ(CFILE)
  C:\DOCUMENTS AND SETTINGS\IB\MY DOCUMENTS\REMOTERAPPLICATIONS\HOPLA\COMPILE\PLCRILDECLARATION.OBJ(PLCRILDECLARATION)
  C:\DOCUMENTS AND SETTINGS\IB\MY DOCUMENTS\REMOTERAPPLICATIONS\HOPLA\COMPILE\MAIN.OBJ(MAIN)
  C:\PROGRAM FILES\ELSIST\REMOTER\LIB\RAISONANCE\SFR036E000\ELPLCLIB.LIB(BACKUP)
  C:\PROGRAM FILES\ELSIST\REMOTER\LIB\RAISONANCE\SFR036E000\ELPLCLIB.LIB(COMMONC)
  C:\PROGRAM FILES\ELSIST\REMOTER\LIB\RAISONANCE\SFR036E000\ELPLCLIB.LIB(INPUTACQ)
  C:\PROGRAM FILES\ELSIST\REMOTER\LIB\RAISONANCE\SFR036E000\ELPLCLIB.LIB(OUTPUTMNG)
  C:\PROGRAM FILES\ELSIST\REMOTER\LIB\RAISONANCE\SFR036E000\ELPLCLIB.LIB(RTCLOCK)
  C:\PROGRAM FILES\ELSIST\REMOTER\LIB\RAISONANCE\SFR043B300\ELSYSTEMLIB.LIB(GETCH)
  C:\PROGRAM FILES\ELSIST\REMOTER\LIB\RAISONANCE\SFR043B300\ELSYSTEMLIB.LIB(GETRXCHARS)
  C:\PROGRAM FILES\ELSIST\REMOTER\LIB\RAISONANCE\SFR043B300\ELSYSTEMLIB.LIB(GETSERIALMODE)
  C:\PROGRAM FILES\ELSIST\REMOTER\LIB\RAISONANCE\SFR043B300\ELSYSTEMLIB.LIB(KERNELFCTS)
  C:\PROGRAM FILES\ELSIST\REMOTER\LIB\RAISONANCE\SFR043B300\ELSYSTEMLIB.LIB(KERNELVARS)
  C:\PROGRAM FILES\ELSIST\REMOTER\LIB\RAISONANCE\SFR043B300\ELSYSTEMLIB.LIB(SERIALFCTS0)
  C:\PROGRAM FILES\ELSIST\REMOTER\LIB\RAISONANCE\SFR043B300\ELSYSTEMLIB.LIB(SETSERIALMODE)
  C:\PROGRAM FILES\ELSIST\REMOTER\LIB\RAISONANCE\SFR043B300\ELSYSTEMLIB.LIB(SETTERMIOVECTORS)
  C:\PROGRAM FILES\ELSIST\REMOTER\LIB\RAISONANCE\SFR043B300\ELSYSTEMLIB.LIB(STARTUP)
  C:\PROGRAM FILES\ELSIST\REMOTER\LIB\RAISONANCE\SFR043B300\ELSYSTEMLIB.LIB(SYSTEM)
  C:\PROGRAM FILES\ELSIST\REMOTER\LIB\RAISONANCE\SFR043B300\ELSYSTEMLIB.LIB(TERMIO)
  C:\PROGRAM FILES\ELSIST\REMOTER\LIB\RAISONANCE\SFR043B300\ELSYSTEMLIB.LIB(TERMIOTICK)
  C:\PROGRAM FILES\ELSIST\REMOTER\LIB\RAISONANCE\SFR043B300\ELSYSTEMLIB.LIB(SFR043B300)
  C:\PROGRAM FILES\ELSIST\REMOTER\LIB\RAISONANCE\SFR043B300\ELSYSTEMLIB.LIB(BANKSWITCH)
  C:\PROGRAM FILES\ELSIST\REMOTER\LIB\RAISONANCE\SFR043B300\ELSYSTEMLIB.LIB(GETCHAR)
  C:\PROGRAM FILES\ELSIST\REMOTER\LIB\RAISONANCE\SFR043B300\ELSYSTEMLIB.LIB(INITSTATIC)
  C:\PROGRAM FILES\ELSIST\REMOTER\LIB\RAISONANCE\SFR043B300\ELSYSTEMLIB.LIB(PUTCHAR)
  C:\RIDE\LIB\RC51L.LIB(_C_DECDP)
  C:\RIDE\LIB\RC51L.LIB(_C_DP2DP)
  C:\RIDE\LIB\RC51L.LIB(_C_CBAM)
  C:\RIDE\LIB\RC51L.LIB(_C_INDCL)
  C:\RIDE\LIB\RC51L.LIB(_C_INITD)
  C:\RIDE\LIB\RC51L.LIB(MV_XD2SN4)
  C:\RIDE\LIB\RC51L.LIB(MV_XD2RG4)
  C:\RIDE\LIB\RC51L.LIB(MV_RG2XD4)
  C:\RIDE\LIB\RC51L.LIB(XD2XD4)
  C:\RIDE\LIB\RC51L.LIB(PRINT1)
  C:\RIDE\LIB\RC51L.LIB(LADD)
  C:\RIDE\LIB\RC51L.LIB(MULS)
  C:\RIDE\LIB\RC51L.LIB(DIVS)
  C:\RIDE\LIB\RC51L.LIB(RSTSTK4)
  C:\RIDE\LIB\RC51L.LIB(STRCPY)
  C:\RIDE\LIB\RC51L.LIB(SHARING)
  C:\RIDE\LIB\RC51L.LIB(MEMCPY)
  C:\RIDE\LIB\RC51L.LIB(MEMCMP)
  C:\RIDE\LIB\RC51L.LIB(XPGN0_INC)
  C:\RIDE\LIB\RC51L.LIB(XPGN1_INC)
  C:\RIDE\LIB\RC51L.LIB(IPGN0_INC)
  C:\RIDE\LIB\RC51L.LIB(PGN0_INC)
  C:\RIDE\LIB\RC51L.LIB(PGN1_INC)
  C:\RIDE\LIB\RC51L.LIB(COML)
  C:\RIDE\LIB\RC51L.LIB(STRCMP)
  C:\RIDE\LIB\RC51L.LIB(XPGN0)
  C:\RIDE\LIB\RC51L.LIB(XPGN1)
  C:\RIDE\LIB\RC51L.LIB(IPGN0)


LINK MAP OF MODULE: C:\DOCUMENTS AND SETTINGS\IB\MY DOCUMENTS\REMOTERAPPLICATIONS\HOPLA\COMPILE\HOPLA.AOF (HOPLA)

    TYPE     BASE       LENGTH    RELOCATION     SEGMENT NAME
LX51 CODE BANKING LINKER/LOCATOR V05.01.25                                                                       02/26/11  15:33:44

    ----     ----       ------    ----------     ------------

    * * * * * * *   DATA/IDATA    M E M O R Y   * * * * * * *
    REG      0000H      0008H     ABSOLUTE       "REG BANK 0"
             0008H      0020H                    *** GAP ***
    BIT      0028H.0    0000H.1   UNIT           ?BI?TERMIO
             0028H.1    0037H.7                  *** GAP ***
    DATA     0060H      0008H     UNIT           ?DT?COMMONC
    DATA     0068H      0006H     UNIT           ?DT?TERMIO
    DATA     006EH      0001H     UNIT           ?DT?BANK?SWITCH
    IDATA    006FH      0001H     * * STACK * *  _STACK

    * * * * * * *   PDATA/XDATA   M E M O R Y   * * * * * * *
    XDATA    0000H      05C0H     ABSOLUTE       
    XDATA    05C0H      035EH     UNIT           ?XD?CFILE
    XDATA    091EH      000BH     UNIT           ?XD?CustomFunction?CFILE
    XDATA    0929H      0001H     UNIT           ?XD?ParseCOM?CFILE
    XDATA    092AH      0003H     UNIT           ?XD?_ExecuteCmd?CFILE
    XDATA    092DH      0038H     UNIT           ?XD?PLCRILDECLARATION
    XDATA    0965H      0009H     UNIT           ?XD?MAIN
    XDATA    096EH      001DH     UNIT           ?XD?BACKUP
    XDATA    098BH      0003H     UNIT           ?XD?_SfrPLC_ProgramBackup?BACKUP
    XDATA    098EH      000CH     UNIT           ?XD?_SfrPLC_ProgramRestore?BACKUP
    XDATA    099AH      0034H     UNIT           ?XD?COMMONC
    XDATA    09CEH      0001H     UNIT           INPUTACQ_XDATA
    XDATA    09CFH      000BH     UNIT           ?XD?RTCLOCK
    XDATA    09DAH      0002H     UNIT           ?XD?_GetSerialMode?GETSERIALMODE
    XDATA    09DCH      00A0H     UNIT           STDVARS_XDATA
    XDATA    0A7CH      0006H     UNIT           ?XD?SERIALFCTS0
    XDATA    0A82H      0002H     UNIT           ?XD?_SetSerialMode?SETSERIALMODE
    XDATA    0A84H      0008H     UNIT           ?XD?TERMIO
             0A8CH      4574H                    *** GAP ***
    XDATA    5000H      0100H     ABSOLUTE       
    XDATA    5100H      0100H     ABSOLUTE       
    XDATA    5200H      000CH     ABSOLUTE       
    XDATA    520CH      0080H     ABSOLUTE       

    * * * * * * *   CODE          M E M O R Y   * * * * * * *
             0000H      0800H                    *** GAP ***
    CODE     0800H      0003H     ABSOLUTE       
    CODE     0803H      0281H     INBLOCK        ?PR?PRINT?LIB51
    CODE     0A84H      00AEH     INBLOCK        ?PR?MOVES?LIB51
    CODE     0B32H      0022H     INBLOCK        ?PR?MOVES_NOIL?LIB51
    CODE     0B54H      05AFH     UNIT           ?PR?LIB51
    CODE     1103H      0001H     UNIT           CODE_ElPLCLib_CODE
    CODE     1104H      0011H     UNIT           CODE_RilFile_CODE
    CODE     1115H      0121H     UNIT           ?PR?CustomFunction?CFILE
    CODE     1236H      01DDH     UNIT           ?PR?ParseCOM?CFILE
    CODE     1413H      029AH     UNIT           ?STR?CFILE
    CODE     16ADH      0543H     UNIT           ?PR?_ExecuteCmd?CFILE
    CODE     1BF0H      02DAH     UNIT           ?PR?ManageHeatingOutputs?CFILE
    CODE     1ECAH      01DEH     UNIT           _C_INITD?CD
    CODE     20A8H      002DH     UNIT           ?PR?MAIN
    CODE     20D5H      005CH     UNIT           ?PR?Main?MAIN
    CODE     2131H      032DH     UNIT           ?PR?_SfrPLC_ProgramBackup?BACKUP
    CODE     245EH      0619H     UNIT           ?PR?_SfrPLC_ProgramRestore?BACKUP
    CODE     2A77H      0003H     UNIT           ?PR?COMMONC
    CODE     2A7AH      0018H     UNIT           ?PR?SfrPLC_StartUp?COMMONC
    CODE     2A92H      01EBH     UNIT           ?PR?SfrPLC_ProgramBegin?COMMONC
    CODE     2C7DH      0006H     UNIT           ?PR?SfrPLC_ProgramEnd?COMMONC
    CODE     2C83H      00FBH     UNIT           INPUTACQ_CODE
    CODE     2D7EH      001FH     UNIT           OUTPUTMNG_CODE
    CODE     2D9DH      0089H     UNIT           ?PR?SfrPLC_RTClock?RTCLOCK
    CODE     2E26H      000AH     UNIT           ?PR?GetCh?GETCH
    CODE     2E30H      0019H     UNIT           ?PR?GetRxChars?GETRXCHARS
    CODE     2E49H      0046H     UNIT           ?PR?_GetSerialMode?GETSERIALMODE
    CODE     2E8FH      0050H     UNIT           ?PR?SERIALFCTS0
    CODE     2EDFH      0006H     UNIT           ?PR?SetVectors?SERIALFCTS0?S?SERIALFCTS0
    CODE     2EE5H      0048H     UNIT           ?PR?_SetSerialMode?SETSERIALMODE
    CODE     2F2DH      0099H     UNIT           ?PR?_SetTermIOVectors?SETTERMIOVECTORS
    CODE     2FC6H      0028H     UNIT           STARTUP_CODE
    CODE     2FEEH      001FH     UNIT           ?PR?SfrSys_SystemStartUp?SYSTEM
    CODE     300DH      0050H     UNIT           ?PR?TERMIO
    CODE     305DH      0008H     UNIT           ?PR?IODeviceFctNotCorrect?TERMIO?S?TERMIO
    CODE     3065H      0003H     UNIT           ?PR?DeviceIsOpen?TERMIO?S?TERMIO
    CODE     3068H      0001H     UNIT           ?PR?IODeviceFctReturn?TERMIO
    CODE     3069H      0008H     UNIT           ?PR?IODeviceFctMissing?TERMIO
LX51 CODE BANKING LINKER/LOCATOR V05.01.25                                                                       02/26/11  15:33:44

    CODE     3071H      0019H     UNIT           ?PR?TermIOTick?TERMIOTICK
    CODE     308AH      000BH     UNIT           ELSYSTEMLIB_CODE
    CODE     3095H      0025H     UNIT           ?BANK?SWITCH
    CODE     30BAH      0043H     UNIT           GETCHAR_CODE
    CODE     30FDH      0069H     UNIT           INITSTATIC_CODE
    CODE     3166H      0039H     UNIT           PUTCHAR_CODE

UNRESOLVED EXTERNAL SYMBOLS

EXECUTABLE SUMMARY:
-------------------
    Total INTERNAL RAM storage requirement:  0017H.1 (23.1)
    Total EXTERNAL RAM storage requirement:  0D18H (3352)
    Total     CODE     storage requirement:  299FH (10655)
Note:  Summary does not include dynamic stack requirements

SYMBOL TABLE FOR C:\DOCUMENTS AND SETTINGS\IB\MY DOCUMENTS\REMOTERAPPLICATIONS\HOPLA\COMPILE\HOPLA.AOF(ELPLCLIB)
-----------------------------------------------------------------------------------------------------------------

    VALUE              TYPE               NAME
    -----              ----               ----

	C:1103H            PUBLIC             PLC_L_ElPLCLib
	-------            MODULE             ELPLCLIB
	D:00CBH            SYMBOL             rcap2h
	D:0082H            SYMBOL             dpl
	D:0080H            SYMBOL             p0
	D:0090H            SYMBOL             p1
	D:00F0H            SYMBOL             b
	B:00CBH            SYMBOL             exen2
	B:00A2H            SYMBOL             a10
	D:00A0H            SYMBOL             p2
	D:0081H            SYMBOL             SP
	B:00C8H            SYMBOL             cprl2
	B:00BCH            SYMBOL             ps
	D:00B0H            SYMBOL             p3
	B:00A3H            SYMBOL             a11
	B:0091H            SYMBOL             t2ex
	D:0081H            SYMBOL             sp
	B:00D6H            SYMBOL             ac
	D:00CAH            SYMBOL             rcap2l
	B:00B4H            SYMBOL             t0
	B:00A4H            SYMBOL             a12
	B:00D2H            SYMBOL             ov
	B:00B5H            SYMBOL             t1
	B:00A5H            SYMBOL             a13
	B:009CH            SYMBOL             ren
	B:00AFH            SYMBOL             EA
	D:00C8H            SYMBOL             t2con
	B:00AFH            SYMBOL             ea
	B:00A6H            SYMBOL             a14
	B:0090H            SYMBOL             t2
	D:00E0H            SYMBOL             acc
	B:00A7H            SYMBOL             a15
	B:00C9H            SYMBOL             ct2
	B:00B6H            SYMBOL             wr
	B:00A9H            SYMBOL             et0
	B:00ABH            SYMBOL             et1
	B:008DH            SYMBOL             tf0
	B:00ADH            SYMBOL             et2
	B:008FH            SYMBOL             tf1
	B:00CFH            SYMBOL             tf2
	B:00CDH            SYMBOL             rclk
	B:009AH            SYMBOL             rb8
	D:008CH            SYMBOL             th0
	B:00A8H            SYMBOL             ex0
	D:008DH            SYMBOL             th1
	B:0088H            SYMBOL             it0
	D:00CDH            SYMBOL             th2
	B:00CCH            SYMBOL             tclk
	B:00B0H            SYMBOL             rxd
	B:00AAH            SYMBOL             ex1
	D:00A8H            SYMBOL             ie
	B:009BH            SYMBOL             tb8
	B:008AH            SYMBOL             it1
	C:1103H            PUBLIC             PLC_L_ElPLCLib
	B:00D0H            SYMBOL             p
LX51 CODE BANKING LINKER/LOCATOR V05.01.25                                                                       02/26/11  15:33:44

	B:00B1H            SYMBOL             txd
	D:0099H            SYMBOL             sbuf
	B:009FH            SYMBOL             sm0
	B:0093H            SYMBOL             cex0
	D:008AH            SYMBOL             tl0
	D:0087H            SYMBOL             pcon
	B:009EH            SYMBOL             sm1
	B:0094H            SYMBOL             cex1
	D:008BH            SYMBOL             tl1
	D:00CCH            SYMBOL             tl2
	B:009DH            SYMBOL             sm2
	B:0095H            SYMBOL             cex2
	D:0098H            SYMBOL             scon
	B:0096H            SYMBOL             cex3
	B:00B9H            SYMBOL             pt0
	B:0097H            SYMBOL             cex4
	D:0089H            SYMBOL             tmod
	D:0088H            SYMBOL             tcon
	B:00D3H            SYMBOL             rs0
	B:00CEH            SYMBOL             exf2
	B:00BBH            SYMBOL             pt1
	B:0080H            SYMBOL             ad0
	B:00D5H            SYMBOL             f0
	B:00D4H            SYMBOL             rs1
	B:00BDH            SYMBOL             pt2
	B:00B7H            SYMBOL             rd
	B:008CH            SYMBOL             tr0
	B:0081H            SYMBOL             ad1
	B:00D1H            SYMBOL             f1
	B:008EH            SYMBOL             tr1
	B:0082H            SYMBOL             ad2
	B:00CAH            SYMBOL             tr2
	B:00B8H            SYMBOL             px0
	B:00ACH            SYMBOL             es
	B:0083H            SYMBOL             ad3
	B:00BAH            SYMBOL             px1
	D:00B8H            SYMBOL             ip
	B:00A0H            SYMBOL             a8
	B:0092H            SYMBOL             ec1
	B:0084H            SYMBOL             ad4
	D:00D0H            SYMBOL             psw
	B:00A1H            SYMBOL             a9
	B:0085H            SYMBOL             ad5
	B:00B2H            SYMBOL             int0
	B:0098H            SYMBOL             ri
	B:0086H            SYMBOL             ad6
	B:00D7H            SYMBOL             cy
	B:00B3H            SYMBOL             int1
	D:0083H            SYMBOL             dph
	B:0087H            SYMBOL             ad7
	B:0099H            SYMBOL             ti
	B:0089H            SYMBOL             ie0
	B:008BH            SYMBOL             ie1
	C:1103H            LINE#              152
	-------            ENDMOD             ELPLCLIB
	N:5104H            PUBLIC             PLC_O_4
	N:5105H            PUBLIC             PLC_O_5
	N:5106H            PUBLIC             PLC_O_6
	N:5107H            PUBLIC             PLC_O_7
	N:5010H            PUBLIC             PLC_I_10
	N:5011H            PUBLIC             PLC_I_11
	N:5012H            PUBLIC             PLC_I_12
	N:5013H            PUBLIC             PLC_I_13
	N:5014H            PUBLIC             PLC_I_14
	N:5015H            PUBLIC             PLC_I_15
	C:1104H            PUBLIC             PLC_L_RilFile
	N:0001H            PUBLIC             PLC_F_1
	N:5000H            PUBLIC             PLC_I_0
	N:5001H            PUBLIC             PLC_I_1
	N:5002H            PUBLIC             PLC_I_2
	N:5003H            PUBLIC             PLC_I_3
	N:5004H            PUBLIC             PLC_I_4
	N:5005H            PUBLIC             PLC_I_5
	N:5006H            PUBLIC             PLC_I_6
	N:5100H            PUBLIC             PLC_O_0
	N:5007H            PUBLIC             PLC_I_7
	N:5101H            PUBLIC             PLC_O_1
LX51 CODE BANKING LINKER/LOCATOR V05.01.25                                                                       02/26/11  15:33:44

	N:5008H            PUBLIC             PLC_I_8
	N:5102H            PUBLIC             PLC_O_2
	N:5009H            PUBLIC             PLC_I_9
	N:5103H            PUBLIC             PLC_O_3
	-------            MODULE             RILFILE
	D:00CBH            SYMBOL             rcap2h
	D:0082H            SYMBOL             dpl
	D:0080H            SYMBOL             p0
	D:0090H            SYMBOL             p1
	D:00F0H            SYMBOL             b
	B:00CBH            SYMBOL             exen2
	B:00A2H            SYMBOL             a10
	D:00A0H            SYMBOL             p2
	D:0081H            SYMBOL             SP
	B:00C8H            SYMBOL             cprl2
	B:00BCH            SYMBOL             ps
	D:00B0H            SYMBOL             p3
	B:00A3H            SYMBOL             a11
	B:0091H            SYMBOL             t2ex
	D:0081H            SYMBOL             sp
	B:00D6H            SYMBOL             ac
	D:00CAH            SYMBOL             rcap2l
	B:00B4H            SYMBOL             t0
	B:00A4H            SYMBOL             a12
	B:00D2H            SYMBOL             ov
	B:00B5H            SYMBOL             t1
	B:00A5H            SYMBOL             a13
	B:009CH            SYMBOL             ren
	B:00AFH            SYMBOL             EA
	D:00C8H            SYMBOL             t2con
	B:00AFH            SYMBOL             ea
	B:00A6H            SYMBOL             a14
	B:0090H            SYMBOL             t2
	D:00E0H            SYMBOL             acc
	B:00A7H            SYMBOL             a15
	B:00C9H            SYMBOL             ct2
	B:00B6H            SYMBOL             wr
	B:00A9H            SYMBOL             et0
	B:00ABH            SYMBOL             et1
	B:008DH            SYMBOL             tf0
	B:00ADH            SYMBOL             et2
	B:008FH            SYMBOL             tf1
	B:00CFH            SYMBOL             tf2
	B:00CDH            SYMBOL             rclk
	B:009AH            SYMBOL             rb8
	D:008CH            SYMBOL             th0
	C:1114H            SYMBOL             Lbl$_0
	B:00A8H            SYMBOL             ex0
	D:008DH            SYMBOL             th1
	B:0088H            SYMBOL             it0
	D:00CDH            SYMBOL             th2
	B:00CCH            SYMBOL             tclk
	B:00B0H            SYMBOL             rxd
	B:00AAH            SYMBOL             ex1
	D:00A8H            SYMBOL             ie
	B:009BH            SYMBOL             tb8
	B:008AH            SYMBOL             it1
	C:1104H            PUBLIC             PLC_L_RilFile
	B:00D0H            SYMBOL             p
	B:00B1H            SYMBOL             txd
	D:0099H            SYMBOL             sbuf
	B:009FH            SYMBOL             sm0
	B:0093H            SYMBOL             cex0
	D:008AH            SYMBOL             tl0
	D:0087H            SYMBOL             pcon
	B:009EH            SYMBOL             sm1
	B:0094H            SYMBOL             cex1
	D:008BH            SYMBOL             tl1
	D:00CCH            SYMBOL             tl2
	B:009DH            SYMBOL             sm2
	B:0095H            SYMBOL             cex2
	D:0098H            SYMBOL             scon
	B:0096H            SYMBOL             cex3
	B:00B9H            SYMBOL             pt0
	B:0097H            SYMBOL             cex4
	D:0089H            SYMBOL             tmod
	D:0088H            SYMBOL             tcon
LX51 CODE BANKING LINKER/LOCATOR V05.01.25                                                                       02/26/11  15:33:44

	B:00D3H            SYMBOL             rs0
	B:00CEH            SYMBOL             exf2
	B:00BBH            SYMBOL             pt1
	B:0080H            SYMBOL             ad0
	B:00D5H            SYMBOL             f0
	B:00D4H            SYMBOL             rs1
	B:00BDH            SYMBOL             pt2
	B:00B7H            SYMBOL             rd
	B:008CH            SYMBOL             tr0
	B:0081H            SYMBOL             ad1
	B:00D1H            SYMBOL             f1
	B:008EH            SYMBOL             tr1
	B:0082H            SYMBOL             ad2
	B:00CAH            SYMBOL             tr2
	B:00B8H            SYMBOL             px0
	B:00ACH            SYMBOL             es
	B:0083H            SYMBOL             ad3
	B:00BAH            SYMBOL             px1
	D:00B8H            SYMBOL             ip
	B:00A0H            SYMBOL             a8
	B:0092H            SYMBOL             ec1
	B:0084H            SYMBOL             ad4
	D:00D0H            SYMBOL             psw
	B:00A1H            SYMBOL             a9
	B:0085H            SYMBOL             ad5
	B:00B2H            SYMBOL             int0
	B:0098H            SYMBOL             ri
	B:0086H            SYMBOL             ad6
	B:00D7H            SYMBOL             cy
	B:00B3H            SYMBOL             int1
	D:0083H            SYMBOL             dph
	B:0087H            SYMBOL             ad7
	B:0099H            SYMBOL             ti
	B:0089H            SYMBOL             ie0
	B:008BH            SYMBOL             ie1
	C:1104H            LINE#              121
	C:1107H            LINE#              122
	C:1108H            LINE#              123
	C:1109H            LINE#              126
	C:110BH            LINE#              127
	C:110DH            LINE#              128
	C:110FH            LINE#              129
	C:1112H            LINE#              130
	C:1114H            LINE#              132
	-------            ENDMOD             RILFILE
	-------            MODULE             CFile
	C:0000H            SYMBOL             _ICE_DUMMY_
	C:1115H            PUBLIC             CustomFunction
	C:16ADH            PUBLIC             _ExecuteCmd
	C:1236H            PUBLIC             ParseCOM
	C:1BF0H            PUBLIC             ManageHeatingOutputs
	X:0902H            PUBLIC             comfortP1
	X:08EAH            PUBLIC             comfortP0
	X:0602H            PUBLIC             StatMinutiON
	X:0600H            PUBLIC             TotOreON
	X:05FEH            PUBLIC             TotMinutiON
	X:05FCH            PUBLIC             PreviousStatus
	X:05F4H            PUBLIC             RtcTimeNow
	X:05ECH            PUBLIC             RtcONTime
	X:05E4H            PUBLIC             RtcPLCSTARTTime
	X:05DCH            PUBLIC             RtcData
	X:05DAH            PUBLIC             openvalves
	X:05D8H            SYMBOL             nextaction
	X:05D0H            PUBLIC             DO
	X:05C0H            PUBLIC             DI
	D:00F0H            SYMBOL             B
	D:00E0H            SYMBOL             ACC
	B:00D7H            SYMBOL             CY
	B:00D6H            SYMBOL             AC
	B:00D5H            SYMBOL             F0
	B:00D4H            SYMBOL             RS1
	B:00D3H            SYMBOL             RS0
	B:00D2H            SYMBOL             OV
	B:00D1H            SYMBOL             F1
	B:00D0H            SYMBOL             P
	D:00D0H            SYMBOL             PSW
	D:00CDH            SYMBOL             TH2
LX51 CODE BANKING LINKER/LOCATOR V05.01.25                                                                       02/26/11  15:33:44

	D:00CCH            SYMBOL             TL2
	D:00CBH            SYMBOL             RCAP2H
	D:00CAH            SYMBOL             RCAP2L
	B:00CFH            SYMBOL             TF2
	B:00CEH            SYMBOL             EXF2
	B:00CDH            SYMBOL             RCLK
	B:00CCH            SYMBOL             TCLK
	B:00CBH            SYMBOL             EXEN2
	B:00CAH            SYMBOL             TR2
	B:00C9H            SYMBOL             CT2
	B:00C8H            SYMBOL             CPRL2
	D:00C8H            SYMBOL             T2CON
	B:00BDH            SYMBOL             PT2
	B:00BCH            SYMBOL             PS
	B:00BBH            SYMBOL             PT1
	B:00BAH            SYMBOL             PX1
	B:00B9H            SYMBOL             PT0
	B:00B8H            SYMBOL             PX0
	D:00B8H            SYMBOL             IP
	B:00B7H            SYMBOL             RD
	B:00B6H            SYMBOL             WR
	B:00B5H            SYMBOL             T1
	B:00B4H            SYMBOL             T0
	B:00B3H            SYMBOL             INT1
	B:00B2H            SYMBOL             INT0
	B:00B1H            SYMBOL             TxD
	B:00B0H            SYMBOL             RxD
	D:00B0H            SYMBOL             P3
	B:00AFH            SYMBOL             EA
	B:00ADH            SYMBOL             ET2
	B:00ACH            SYMBOL             ES
	B:00ABH            SYMBOL             ET1
	B:00AAH            SYMBOL             EX1
	B:00A9H            SYMBOL             ET0
	B:00A8H            SYMBOL             EX0
	D:00A8H            SYMBOL             IE
	B:00A7H            SYMBOL             A15
	B:00A6H            SYMBOL             A14
	B:00A5H            SYMBOL             A13
	B:00A4H            SYMBOL             A12
	B:00A3H            SYMBOL             A11
	B:00A2H            SYMBOL             A10
	B:00A1H            SYMBOL             A9
	B:00A0H            SYMBOL             A8
	D:00A0H            SYMBOL             P2
	D:0099H            SYMBOL             SBUF
	B:009FH            SYMBOL             SM0
	B:009EH            SYMBOL             SM1
	B:009DH            SYMBOL             SM2
	B:009CH            SYMBOL             REN
	B:009BH            SYMBOL             TB8
	B:009AH            SYMBOL             RB8
	B:0099H            SYMBOL             TI
	B:0098H            SYMBOL             RI
	D:0098H            SYMBOL             SCON
	B:0097H            SYMBOL             CEX4
	B:0096H            SYMBOL             CEX3
	B:0095H            SYMBOL             CEX2
	B:0094H            SYMBOL             CEX1
	B:0093H            SYMBOL             CEX0
	B:0092H            SYMBOL             EC1
	B:0091H            SYMBOL             T2EX
	B:0090H            SYMBOL             T2
	D:0090H            SYMBOL             P1
	D:008DH            SYMBOL             TH1
	D:008CH            SYMBOL             TH0
	D:008BH            SYMBOL             TL1
	D:008AH            SYMBOL             TL0
	D:0089H            SYMBOL             TMOD
	B:008FH            SYMBOL             TF1
	B:008EH            SYMBOL             TR1
	B:008DH            SYMBOL             TF0
	B:008CH            SYMBOL             TR0
	B:008BH            SYMBOL             IE1
	B:008AH            SYMBOL             IT1
	B:0089H            SYMBOL             IE0
	B:0088H            SYMBOL             IT0
LX51 CODE BANKING LINKER/LOCATOR V05.01.25                                                                       02/26/11  15:33:44

	D:0088H            SYMBOL             TCON
	D:0087H            SYMBOL             PCON
	D:0083H            SYMBOL             DPH
	D:0082H            SYMBOL             DPL
	D:0081H            SYMBOL             SP
	B:0087H            SYMBOL             AD7
	B:0086H            SYMBOL             AD6
	B:0085H            SYMBOL             AD5
	B:0084H            SYMBOL             AD4
	B:0083H            SYMBOL             AD3
	B:0082H            SYMBOL             AD2
	B:0081H            SYMBOL             AD1
	B:0080H            SYMBOL             AD0
	D:0080H            SYMBOL             P0
	D:0081H            SYMBOL             __SP__
	-------            PROC               CustomFunction
	X:091EH            SYMBOL             SerialStruct
	X:0925H            SYMBOL             i
	X:0927H            SYMBOL             j
	C:1115H            LINE#              154
	C:1115H            LINE#              154
	C:1115H            LINE#              159
	C:111EH            LINE#              164
	C:1129H            LINE#              165
	C:1130H            LINE#              166
	C:1137H            LINE#              167
	C:113AH            LINE#              168
	C:113DH            LINE#              169
	C:1142H            LINE#              170
	C:1145H            LINE#              171
	C:114AH            LINE#              172
	C:114DH            LINE#              173
	C:1150H            LINE#              174
	C:1157H            LINE#              175
	C:115EH            LINE#              176
	C:1165H            LINE#              177
	C:1169H            LINE#              178
	C:1170H            LINE#              181
	C:1177H            LINE#              182
	C:1183H            LINE#              183
	C:118AH            LINE#              185
	C:1191H            LINE#              186
	C:1198H            LINE#              187
	C:11BEH            LINE#              186
	C:11C7H            LINE#              185
	C:11D0H            LINE#              197
	C:11D8H            LINE#              198
	C:11E0H            LINE#              199
	C:11E8H            LINE#              200
	C:11F0H            LINE#              203
	C:11F3H            LINE#              206
	C:11F9H            LINE#              208
	C:1205H            LINE#              209
	C:120CH            LINE#              211
	C:121FH            LINE#              235
	C:1222H            LINE#              236
	C:1224H            LINE#              239
	C:1227H            LINE#              245
	C:1235H            LINE#              247
	C:1235H            LINE#              247
	-------            ENDPROC            CustomFunction
	-------            PROC               ParseCOM
	X:091AH            SYMBOL             cmd
	X:091BH            SYMBOL             op_len
	X:091CH            SYMBOL             op_cnt
	X:091DH            SYMBOL             parm1
	X:0929H            SYMBOL             c
	C:1236H            LINE#              250
	C:1236H            LINE#              250
	C:1236H            LINE#              259
	C:1241H            LINE#              260
	C:1244H            LINE#              262
	C:124EH            LINE#              266
	C:1256H            LINE#              269
	C:131CH            LINE#              279
	C:1324H            LINE#              280
	C:1328H            LINE#              281
LX51 CODE BANKING LINKER/LOCATOR V05.01.25                                                                       02/26/11  15:33:44

	C:1331H            LINE#              282
	C:1332H            LINE#              290
	C:133AH            LINE#              291
	C:133EH            LINE#              292
	C:1347H            LINE#              293
	C:1348H            LINE#              301
	C:1350H            LINE#              302
	C:1354H            LINE#              303
	C:135DH            LINE#              304
	C:135EH            LINE#              309
	C:1366H            LINE#              310
	C:136FH            LINE#              311
	C:1380H            LINE#              312
	C:1381H            LINE#              316
	C:1387H            LINE#              317
	C:13A3H            LINE#              319
	C:13B4H            LINE#              322
	C:13B5H            LINE#              324
	C:13BDH            LINE#              326
	C:13C7H            LINE#              328
	C:13C8H            LINE#              330
	C:13D0H            LINE#              332
	C:13E2H            LINE#              336
	C:13EFH            LINE#              337
	C:1400H            LINE#              345
	C:1401H            LINE#              341
	C:1412H            LINE#              345
	C:1412H            LINE#              345
	-------            ENDPROC            ParseCOM
	-------            PROC               _ExecuteCmd
	X:092AH            SYMBOL             cmd
	X:092BH            SYMBOL             parm1
	X:092CH            SYMBOL             i
	C:16ADH            LINE#              347
	C:16ADH            LINE#              347
	C:16B5H            LINE#              354
	C:16C0H            LINE#              355
	C:16C3H            LINE#              357
	C:16CAH            LINE#              359
	C:1765H            LINE#              362
	C:176FH            LINE#              363
	C:1771H            LINE#              505
	C:1772H            LINE#              364
	C:177AH            LINE#              365
	C:1781H            LINE#              366
	C:1784H            LINE#              369
	C:178EH            LINE#              370
	C:1790H            LINE#              505
	C:1791H            LINE#              371
	C:1799H            LINE#              372
	C:17A0H            LINE#              373
	C:17A3H            LINE#              376
	C:17B5H            LINE#              378
	C:17BDH            LINE#              379
	C:17C4H            LINE#              380
	C:17C7H            LINE#              382
	C:17C9H            LINE#              505
	C:17CAH            LINE#              385
	C:17D4H            LINE#              386
	C:17D6H            LINE#              505
	C:17D7H            LINE#              387
	C:17DFH            LINE#              388
	C:17E6H            LINE#              389
	C:17E9H            LINE#              392
	C:17F3H            LINE#              394
	C:17FCH            LINE#              395
	C:17FEH            LINE#              505
	C:17FFH            LINE#              397
	C:1835H            LINE#              398
	C:1838H            LINE#              401
	C:1842H            LINE#              403
	C:184BH            LINE#              404
	C:184DH            LINE#              505
	C:184EH            LINE#              406
	C:1884H            LINE#              407
	C:1887H            LINE#              410
	C:1891H            LINE#              412
LX51 CODE BANKING LINKER/LOCATOR V05.01.25                                                                       02/26/11  15:33:44

	C:189AH            LINE#              413
	C:189CH            LINE#              505
	C:189DH            LINE#              416
	C:18CAH            LINE#              417
	C:18CDH            LINE#              420
	C:18D7H            LINE#              422
	C:18E0H            LINE#              423
	C:18E2H            LINE#              505
	C:18E3H            LINE#              425
	C:1910H            LINE#              426
	C:1913H            LINE#              446
	C:194AH            LINE#              447
	C:197EH            LINE#              454
	C:19B0H            LINE#              457
	C:19E7H            LINE#              458
	C:1A1EH            LINE#              462
	C:1A5BH            LINE#              463
	C:1A98H            LINE#              464
	C:1AAFH            LINE#              466
	C:1AB8H            LINE#              468
	C:1ABBH            LINE#              471
	C:1B02H            LINE#              472
	C:1B05H            LINE#              480
	C:1B0FH            LINE#              482
	C:1B2FH            LINE#              483
	C:1B31H            LINE#              505
	C:1B32H            LINE#              485
	C:1B44H            LINE#              486
	C:1B77H            LINE#              487
	C:1B79H            LINE#              495
	C:1B83H            LINE#              497
	C:1BA3H            LINE#              498
	C:1BA5H            LINE#              505
	C:1BA6H            LINE#              500
	C:1BBAH            LINE#              501
	C:1BEDH            LINE#              504
	C:1BEFH            LINE#              505
	C:1BEFH            LINE#              505
	-------            ENDPROC            _ExecuteCmd
	-------            PROC               ManageHeatingOutputs
	C:1BF0H            LINE#              507
	C:1BF0H            LINE#              507
	C:1BF0H            LINE#              510
	C:1BF7H            LINE#              512
	C:1BFCH            LINE#              513
	C:1C00H            LINE#              514
	C:1C04H            LINE#              515
	C:1C08H            LINE#              516
	C:1C0EH            LINE#              519
	C:1C14H            LINE#              522
	C:1C3BH            LINE#              528
	C:1C41H            LINE#              529
	C:1C4FH            LINE#              530
	C:1C51H            LINE#              534
	C:1C56H            LINE#              542
	C:1C5CH            LINE#              545
	C:1C83H            LINE#              549
	C:1C89H            LINE#              550
	C:1C97H            LINE#              551
	C:1C99H            LINE#              556
	C:1C9EH            LINE#              563
	C:1CA4H            LINE#              566
	C:1CCBH            LINE#              570
	C:1CD1H            LINE#              571
	C:1CDFH            LINE#              572
	C:1CE1H            LINE#              577
	C:1CE6H            LINE#              583
	C:1CECH            LINE#              585
	C:1D0FH            LINE#              591
	C:1D15H            LINE#              592
	C:1D23H            LINE#              593
	C:1D25H            LINE#              596
	C:1D2AH            LINE#              602
	C:1D32H            LINE#              603
	C:1D3AH            LINE#              604
	C:1D42H            LINE#              605
	C:1D4AH            LINE#              609
LX51 CODE BANKING LINKER/LOCATOR V05.01.25                                                                       02/26/11  15:33:44

	C:1D6AH            LINE#              610
	C:1D72H            LINE#              612
	C:1D77H            LINE#              618
	C:1D81H            LINE#              620
	C:1DA0H            LINE#              622
	C:1DA6H            LINE#              623
	C:1DA8H            LINE#              624
	C:1DAEH            LINE#              625
	C:1DB0H            LINE#              626
	C:1DB6H            LINE#              627
	C:1DB8H            LINE#              628
	C:1DBEH            LINE#              636
	C:1DCEH            LINE#              640
	C:1E07H            LINE#              642
	C:1E2FH            LINE#              643
	C:1E36H            LINE#              644
	C:1E3DH            LINE#              649
	C:1E51H            LINE#              651
	C:1E58H            LINE#              652
	C:1E61H            LINE#              659
	C:1E75H            LINE#              665
	C:1EC2H            LINE#              669
	C:1EC9H            LINE#              673
	C:1EC9H            LINE#              673
	-------            ENDPROC            ManageHeatingOutputs
	-------            ENDMOD             CFile
	-------            MODULE             PlcRilDeclaration
	C:0000H            SYMBOL             _ICE_DUMMY_
	X:520CH            PUBLIC             PLCBackupDataArea
	X:5200H            PUBLIC             PLCBackupHeader
	X:094DH            PUBLIC             PLCLogicInputDebouncingBuffer
	X:0935H            PUBLIC             PLCLogicInputDebouncingTime
	X:092DH            PUBLIC             PLCRtcData
	X:0000H            PUBLIC             PLCMemoryFlags
	X:5100H            PUBLIC             PLCMemoryLogicOutputs
	X:5000H            PUBLIC             PLCMemoryLogicInputs
	D:00F0H            SYMBOL             B
	D:00E0H            SYMBOL             ACC
	B:00D7H            SYMBOL             CY
	B:00D6H            SYMBOL             AC
	B:00D5H            SYMBOL             F0
	B:00D4H            SYMBOL             RS1
	B:00D3H            SYMBOL             RS0
	B:00D2H            SYMBOL             OV
	B:00D1H            SYMBOL             F1
	B:00D0H            SYMBOL             P
	D:00D0H            SYMBOL             PSW
	D:00CDH            SYMBOL             TH2
	D:00CCH            SYMBOL             TL2
	D:00CBH            SYMBOL             RCAP2H
	D:00CAH            SYMBOL             RCAP2L
	B:00CFH            SYMBOL             TF2
	B:00CEH            SYMBOL             EXF2
	B:00CDH            SYMBOL             RCLK
	B:00CCH            SYMBOL             TCLK
	B:00CBH            SYMBOL             EXEN2
	B:00CAH            SYMBOL             TR2
	B:00C9H            SYMBOL             CT2
	B:00C8H            SYMBOL             CPRL2
	D:00C8H            SYMBOL             T2CON
	B:00BDH            SYMBOL             PT2
	B:00BCH            SYMBOL             PS
	B:00BBH            SYMBOL             PT1
	B:00BAH            SYMBOL             PX1
	B:00B9H            SYMBOL             PT0
	B:00B8H            SYMBOL             PX0
	D:00B8H            SYMBOL             IP
	B:00B7H            SYMBOL             RD
	B:00B6H            SYMBOL             WR
	B:00B5H            SYMBOL             T1
	B:00B4H            SYMBOL             T0
	B:00B3H            SYMBOL             INT1
	B:00B2H            SYMBOL             INT0
	B:00B1H            SYMBOL             TxD
	B:00B0H            SYMBOL             RxD
	D:00B0H            SYMBOL             P3
	B:00AFH            SYMBOL             EA
LX51 CODE BANKING LINKER/LOCATOR V05.01.25                                                                       02/26/11  15:33:44

	B:00ADH            SYMBOL             ET2
	B:00ACH            SYMBOL             ES
	B:00ABH            SYMBOL             ET1
	B:00AAH            SYMBOL             EX1
	B:00A9H            SYMBOL             ET0
	B:00A8H            SYMBOL             EX0
	D:00A8H            SYMBOL             IE
	B:00A7H            SYMBOL             A15
	B:00A6H            SYMBOL             A14
	B:00A5H            SYMBOL             A13
	B:00A4H            SYMBOL             A12
	B:00A3H            SYMBOL             A11
	B:00A2H            SYMBOL             A10
	B:00A1H            SYMBOL             A9
	B:00A0H            SYMBOL             A8
	D:00A0H            SYMBOL             P2
	D:0099H            SYMBOL             SBUF
	B:009FH            SYMBOL             SM0
	B:009EH            SYMBOL             SM1
	B:009DH            SYMBOL             SM2
	B:009CH            SYMBOL             REN
	B:009BH            SYMBOL             TB8
	B:009AH            SYMBOL             RB8
	B:0099H            SYMBOL             TI
	B:0098H            SYMBOL             RI
	D:0098H            SYMBOL             SCON
	B:0097H            SYMBOL             CEX4
	B:0096H            SYMBOL             CEX3
	B:0095H            SYMBOL             CEX2
	B:0094H            SYMBOL             CEX1
	B:0093H            SYMBOL             CEX0
	B:0092H            SYMBOL             EC1
	B:0091H            SYMBOL             T2EX
	B:0090H            SYMBOL             T2
	D:0090H            SYMBOL             P1
	D:008DH            SYMBOL             TH1
	D:008CH            SYMBOL             TH0
	D:008BH            SYMBOL             TL1
	D:008AH            SYMBOL             TL0
	D:0089H            SYMBOL             TMOD
	B:008FH            SYMBOL             TF1
	B:008EH            SYMBOL             TR1
	B:008DH            SYMBOL             TF0
	B:008CH            SYMBOL             TR0
	B:008BH            SYMBOL             IE1
	B:008AH            SYMBOL             IT1
	B:0089H            SYMBOL             IE0
	B:0088H            SYMBOL             IT0
	D:0088H            SYMBOL             TCON
	D:0087H            SYMBOL             PCON
	D:0083H            SYMBOL             DPH
	D:0082H            SYMBOL             DPL
	D:0081H            SYMBOL             SP
	B:0087H            SYMBOL             AD7
	B:0086H            SYMBOL             AD6
	B:0085H            SYMBOL             AD5
	B:0084H            SYMBOL             AD4
	B:0083H            SYMBOL             AD3
	B:0082H            SYMBOL             AD2
	B:0081H            SYMBOL             AD1
	B:0080H            SYMBOL             AD0
	D:0080H            SYMBOL             P0
	-------            ENDMOD             PlcRilDeclaration
	-------            MODULE             Main
	C:0000H            SYMBOL             _ICE_DUMMY_
	C:20D5H            PUBLIC             Main
	C:20A8H            PUBLIC             PLCRemoterProjectInfo
	X:0965H            SYMBOL             PLCUserBackupInfo
	D:0081H            SYMBOL             __SP__
	D:00F0H            SYMBOL             B
	D:00E0H            SYMBOL             ACC
	B:00D7H            SYMBOL             CY
	B:00D6H            SYMBOL             AC
	B:00D5H            SYMBOL             F0
	B:00D4H            SYMBOL             RS1
	B:00D3H            SYMBOL             RS0
	B:00D2H            SYMBOL             OV
LX51 CODE BANKING LINKER/LOCATOR V05.01.25                                                                       02/26/11  15:33:44

	B:00D1H            SYMBOL             F1
	B:00D0H            SYMBOL             P
	D:00D0H            SYMBOL             PSW
	D:00CDH            SYMBOL             TH2
	D:00CCH            SYMBOL             TL2
	D:00CBH            SYMBOL             RCAP2H
	D:00CAH            SYMBOL             RCAP2L
	B:00CFH            SYMBOL             TF2
	B:00CEH            SYMBOL             EXF2
	B:00CDH            SYMBOL             RCLK
	B:00CCH            SYMBOL             TCLK
	B:00CBH            SYMBOL             EXEN2
	B:00CAH            SYMBOL             TR2
	B:00C9H            SYMBOL             CT2
	B:00C8H            SYMBOL             CPRL2
	D:00C8H            SYMBOL             T2CON
	B:00BDH            SYMBOL             PT2
	B:00BCH            SYMBOL             PS
	B:00BBH            SYMBOL             PT1
	B:00BAH            SYMBOL             PX1
	B:00B9H            SYMBOL             PT0
	B:00B8H            SYMBOL             PX0
	D:00B8H            SYMBOL             IP
	B:00B7H            SYMBOL             RD
	B:00B6H            SYMBOL             WR
	B:00B5H            SYMBOL             T1
	B:00B4H            SYMBOL             T0
	B:00B3H            SYMBOL             INT1
	B:00B2H            SYMBOL             INT0
	B:00B1H            SYMBOL             TxD
	B:00B0H            SYMBOL             RxD
	D:00B0H            SYMBOL             P3
	B:00AFH            SYMBOL             EA
	B:00ADH            SYMBOL             ET2
	B:00ACH            SYMBOL             ES
	B:00ABH            SYMBOL             ET1
	B:00AAH            SYMBOL             EX1
	B:00A9H            SYMBOL             ET0
	B:00A8H            SYMBOL             EX0
	D:00A8H            SYMBOL             IE
	B:00A7H            SYMBOL             A15
	B:00A6H            SYMBOL             A14
	B:00A5H            SYMBOL             A13
	B:00A4H            SYMBOL             A12
	B:00A3H            SYMBOL             A11
	B:00A2H            SYMBOL             A10
	B:00A1H            SYMBOL             A9
	B:00A0H            SYMBOL             A8
	D:00A0H            SYMBOL             P2
	D:0099H            SYMBOL             SBUF
	B:009FH            SYMBOL             SM0
	B:009EH            SYMBOL             SM1
	B:009DH            SYMBOL             SM2
	B:009CH            SYMBOL             REN
	B:009BH            SYMBOL             TB8
	B:009AH            SYMBOL             RB8
	B:0099H            SYMBOL             TI
	B:0098H            SYMBOL             RI
	D:0098H            SYMBOL             SCON
	B:0097H            SYMBOL             CEX4
	B:0096H            SYMBOL             CEX3
	B:0095H            SYMBOL             CEX2
	B:0094H            SYMBOL             CEX1
	B:0093H            SYMBOL             CEX0
	B:0092H            SYMBOL             EC1
	B:0091H            SYMBOL             T2EX
	B:0090H            SYMBOL             T2
	D:0090H            SYMBOL             P1
	D:008DH            SYMBOL             TH1
	D:008CH            SYMBOL             TH0
	D:008BH            SYMBOL             TL1
	D:008AH            SYMBOL             TL0
	D:0089H            SYMBOL             TMOD
	B:008FH            SYMBOL             TF1
	B:008EH            SYMBOL             TR1
	B:008DH            SYMBOL             TF0
	B:008CH            SYMBOL             TR0
LX51 CODE BANKING LINKER/LOCATOR V05.01.25                                                                       02/26/11  15:33:44

	B:008BH            SYMBOL             IE1
	B:008AH            SYMBOL             IT1
	B:0089H            SYMBOL             IE0
	B:0088H            SYMBOL             IT0
	D:0088H            SYMBOL             TCON
	D:0087H            SYMBOL             PCON
	D:0083H            SYMBOL             DPH
	D:0082H            SYMBOL             DPL
	D:0081H            SYMBOL             SP
	B:0087H            SYMBOL             AD7
	B:0086H            SYMBOL             AD6
	B:0085H            SYMBOL             AD5
	B:0084H            SYMBOL             AD4
	B:0083H            SYMBOL             AD3
	B:0082H            SYMBOL             AD2
	B:0081H            SYMBOL             AD1
	B:0080H            SYMBOL             AD0
	D:0080H            SYMBOL             P0
	-------            PROC               Main
	C:20D5H            LINE#              42
	C:20D5H            LINE#              42
	C:20D5H            LINE#              44
	C:20DCH            LINE#              46
	C:20DFH            LINE#              48
	C:20E9H            LINE#              50
	C:20ECH            LINE#              52
	C:20F3H            LINE#              57
	C:20FAH            LINE#              59
	C:20FDH            LINE#              61
	C:2104H            LINE#              62
	C:210DH            LINE#              63
	C:2116H            LINE#              65
	C:2119H            LINE#              67
	C:211CH            LINE#              68
	C:211FH            LINE#              70
	C:2126H            LINE#              72
	C:2129H            LINE#              74
	C:2130H            LINE#              77
	C:2130H            LINE#              77
	-------            ENDPROC            Main
	-------            ENDMOD             Main
	-------            MODULE             Backup
	C:0000H            SYMBOL             _ICE_DUMMY_
	C:245EH            PUBLIC             _SfrPLC_ProgramRestore
	C:2131H            PUBLIC             _SfrPLC_ProgramBackup
	D:00F0H            SYMBOL             B
	D:00E0H            SYMBOL             ACC
	B:00D7H            SYMBOL             CY
	B:00D6H            SYMBOL             AC
	B:00D5H            SYMBOL             F0
	B:00D4H            SYMBOL             RS1
	B:00D3H            SYMBOL             RS0
	B:00D2H            SYMBOL             OV
	B:00D1H            SYMBOL             F1
	B:00D0H            SYMBOL             P
	D:00D0H            SYMBOL             PSW
	D:00CDH            SYMBOL             TH2
	D:00CCH            SYMBOL             TL2
	D:00CBH            SYMBOL             RCAP2H
	D:00CAH            SYMBOL             RCAP2L
	B:00CFH            SYMBOL             TF2
	B:00CEH            SYMBOL             EXF2
	B:00CDH            SYMBOL             RCLK
	B:00CCH            SYMBOL             TCLK
	B:00CBH            SYMBOL             EXEN2
	B:00CAH            SYMBOL             TR2
	B:00C9H            SYMBOL             CT2
	B:00C8H            SYMBOL             CPRL2
	D:00C8H            SYMBOL             T2CON
	B:00BDH            SYMBOL             PT2
	B:00BCH            SYMBOL             PS
	B:00BBH            SYMBOL             PT1
	B:00BAH            SYMBOL             PX1
	B:00B9H            SYMBOL             PT0
	B:00B8H            SYMBOL             PX0
	D:00B8H            SYMBOL             IP
	B:00B7H            SYMBOL             RD
LX51 CODE BANKING LINKER/LOCATOR V05.01.25                                                                       02/26/11  15:33:44

	B:00B6H            SYMBOL             WR
	B:00B5H            SYMBOL             T1
	B:00B4H            SYMBOL             T0
	B:00B3H            SYMBOL             INT1
	B:00B2H            SYMBOL             INT0
	B:00B1H            SYMBOL             TxD
	B:00B0H            SYMBOL             RxD
	D:00B0H            SYMBOL             P3
	B:00AFH            SYMBOL             EA
	B:00ADH            SYMBOL             ET2
	B:00ACH            SYMBOL             ES
	B:00ABH            SYMBOL             ET1
	B:00AAH            SYMBOL             EX1
	B:00A9H            SYMBOL             ET0
	B:00A8H            SYMBOL             EX0
	D:00A8H            SYMBOL             IE
	B:00A7H            SYMBOL             A15
	B:00A6H            SYMBOL             A14
	B:00A5H            SYMBOL             A13
	B:00A4H            SYMBOL             A12
	B:00A3H            SYMBOL             A11
	B:00A2H            SYMBOL             A10
	B:00A1H            SYMBOL             A9
	B:00A0H            SYMBOL             A8
	D:00A0H            SYMBOL             P2
	D:0099H            SYMBOL             SBUF
	B:009FH            SYMBOL             SM0
	B:009EH            SYMBOL             SM1
	B:009DH            SYMBOL             SM2
	B:009CH            SYMBOL             REN
	B:009BH            SYMBOL             TB8
	B:009AH            SYMBOL             RB8
	B:0099H            SYMBOL             TI
	B:0098H            SYMBOL             RI
	D:0098H            SYMBOL             SCON
	B:0097H            SYMBOL             CEX4
	B:0096H            SYMBOL             CEX3
	B:0095H            SYMBOL             CEX2
	B:0094H            SYMBOL             CEX1
	B:0093H            SYMBOL             CEX0
	B:0092H            SYMBOL             EC1
	B:0091H            SYMBOL             T2EX
	B:0090H            SYMBOL             T2
	D:0090H            SYMBOL             P1
	D:008DH            SYMBOL             TH1
	D:008CH            SYMBOL             TH0
	D:008BH            SYMBOL             TL1
	D:008AH            SYMBOL             TL0
	D:0089H            SYMBOL             TMOD
	B:008FH            SYMBOL             TF1
	B:008EH            SYMBOL             TR1
	B:008DH            SYMBOL             TF0
	B:008CH            SYMBOL             TR0
	B:008BH            SYMBOL             IE1
	B:008AH            SYMBOL             IT1
	B:0089H            SYMBOL             IE0
	B:0088H            SYMBOL             IT0
	D:0088H            SYMBOL             TCON
	D:0087H            SYMBOL             PCON
	D:0083H            SYMBOL             DPH
	D:0082H            SYMBOL             DPL
	D:0081H            SYMBOL             SP
	B:0087H            SYMBOL             AD7
	B:0086H            SYMBOL             AD6
	B:0085H            SYMBOL             AD5
	B:0084H            SYMBOL             AD4
	B:0083H            SYMBOL             AD3
	B:0082H            SYMBOL             AD2
	B:0081H            SYMBOL             AD1
	B:0080H            SYMBOL             AD0
	D:0080H            SYMBOL             P0
	-------            PROC               _SfrPLC_ProgramBackup
	X:098BH            SYMBOL             S
	X:098DH            SYMBOL             i
	X:096EH            SYMBOL             CaseNr
	X:096FH            SYMBOL             WriteCaseNr
	X:0970H            SYMBOL             BytesToWrite
LX51 CODE BANKING LINKER/LOCATOR V05.01.25                                                                       02/26/11  15:33:44

	X:0971H            SYMBOL             ByteNr
	X:0973H            SYMBOL             CRCBuffer
	X:0975H            SYMBOL             TimeBuf
	X:0977H            SYMBOL             DestinationAdd
	X:0979H            SYMBOL             AddressToWrite
	X:097BH            SYMBOL             DataToWrite
	C:2131H            LINE#              74
	C:2131H            LINE#              74
	C:2139H            LINE#              93
	C:214CH            LINE#              293
	C:214DH            LINE#              98
	C:2152H            LINE#              102
	C:215EH            LINE#              106
	C:2164H            LINE#              293
	C:2165H            LINE#              109
	C:216AH            LINE#              123
	C:2170H            LINE#              124
	C:2178H            LINE#              127
	C:2184H            LINE#              133
	C:218FH            LINE#              134
	C:2195H            LINE#              142
	C:219CH            LINE#              143
	C:21FCH            LINE#              151
	C:2201H            LINE#              152
	C:220FH            LINE#              293
	C:2210H            LINE#              157
	C:2216H            LINE#              158
	C:221DH            LINE#              163
	C:222BH            LINE#              165
	C:2233H            LINE#              293
	C:2234H            LINE#              168
	C:2239H            LINE#              169
	C:223BH            LINE#              174
	C:2240H            LINE#              175
	C:2244H            LINE#              185
	C:2288H            LINE#              192
	C:2290H            LINE#              193
	C:229BH            LINE#              195
	C:22C3H            LINE#              197
	C:22CBH            LINE#              198
	C:22D2H            LINE#              199
	C:22D8H            LINE#              200
	C:22D9H            LINE#              209
	C:22E7H            LINE#              210
	C:230BH            LINE#              211
	C:2326H            LINE#              212
	C:232CH            LINE#              213
	C:233DH            LINE#              214
	C:234EH            LINE#              215
	C:2354H            LINE#              216
	C:2355H            LINE#              223
	C:2384H            LINE#              224
	C:238BH            LINE#              226
	C:2391H            LINE#              228
	C:2392H            LINE#              236
	C:239AH            LINE#              237
	C:23A3H            LINE#              239
	C:23ACH            LINE#              241
	C:23BDH            LINE#              242
	C:23C3H            LINE#              243
	C:23C9H            LINE#              244
	C:23CAH            LINE#              252
	C:23D2H            LINE#              253
	C:23DDH            LINE#              255
	C:23E6H            LINE#              257
	C:23FEH            LINE#              258
	C:2404H            LINE#              259
	C:240AH            LINE#              260
	C:240BH            LINE#              268
	C:2413H            LINE#              269
	C:241EH            LINE#              271
	C:2427H            LINE#              273
	C:2438H            LINE#              274
	C:243EH            LINE#              275
	C:2444H            LINE#              276
	C:2445H            LINE#              282
	C:244BH            LINE#              283
LX51 CODE BANKING LINKER/LOCATOR V05.01.25                                                                       02/26/11  15:33:44

	C:2451H            LINE#              284
	C:2452H            LINE#              289
	C:2458H            LINE#              290
	C:245DH            LINE#              293
	C:245DH            LINE#              293
	-------            ENDPROC            _SfrPLC_ProgramBackup
	-------            PROC               _SfrPLC_ProgramRestore
	X:098EH            SYMBOL             S
	X:0998H            SYMBOL             i
	X:0990H            SYMBOL             ByteNr
	X:0996H            SYMBOL             CRCBuffer
	X:0992H            SYMBOL             AuxBuf
	X:097FH            SYMBOL             AuxHeader
	C:245EH            LINE#              308
	C:245EH            LINE#              308
	C:2466H            LINE#              324
	C:2473H            LINE#              460
	C:2474H            LINE#              329
	C:247BH            LINE#              330
	C:247EH            LINE#              335
	C:24B3H            LINE#              336
	C:24B6H            LINE#              341
	C:24DBH            LINE#              342
	C:24EEH            LINE#              343
	C:251DH            LINE#              345
	C:252DH            LINE#              350
	C:256DH            LINE#              336
	C:2570H            LINE#              353
	C:25A5H            LINE#              336
	C:25A8H            LINE#              362
	C:25D7H            LINE#              336
	C:25DAH            LINE#              371
	C:2600H            LINE#              373
	C:2655H            LINE#              336
	C:2658H            LINE#              376
	C:2673H            LINE#              377
	C:2676H            LINE#              371
	C:268AH            LINE#              380
	C:26A3H            LINE#              386
	C:26C9H            LINE#              388
	C:2729H            LINE#              336
	C:272CH            LINE#              391
	C:2747H            LINE#              392
	C:274AH            LINE#              386
	C:275EH            LINE#              399
	C:2779H            LINE#              336
	C:277CH            LINE#              405
	C:279CH            LINE#              407
	C:27FCH            LINE#              336
	C:27FFH            LINE#              410
	C:2854H            LINE#              336
	C:2857H            LINE#              413
	C:285AH            LINE#              405
	C:286EH            LINE#              419
	C:28AEH            LINE#              336
	C:28B1H            LINE#              422
	C:28F1H            LINE#              336
	X:0998H            SYMBOL             i
	C:28F4H            LINE#              433
	C:2914H            LINE#              435
	C:297FH            LINE#              336
	X:0998H            SYMBOL             i
	C:2982H            LINE#              438
	C:2985H            LINE#              433
	C:2999H            LINE#              444
	X:0998H            SYMBOL             i
	C:29D4H            LINE#              445
	X:0998H            SYMBOL             i
	C:29D7H            LINE#              444
	C:2A05H            LINE#              460
	X:0998H            SYMBOL             i
	C:2A06H            LINE#              455
	C:2A38H            LINE#              456
	X:0998H            SYMBOL             i
	C:2A3BH            LINE#              455
	C:2A69H            LINE#              458
	C:2A70H            LINE#              459
LX51 CODE BANKING LINKER/LOCATOR V05.01.25                                                                       02/26/11  15:33:44

	C:2A76H            LINE#              460
	C:2A76H            LINE#              460
	-------            ENDPROC            _SfrPLC_ProgramRestore
	-------            ENDMOD             Backup
	-------            MODULE             CommonC
	C:0000H            SYMBOL             _ICE_DUMMY_
	X:09C9H            SYMBOL             Clock500TimBuf
	X:09C7H            SYMBOL             Clock100TimBuf
	X:09C5H            SYMBOL             TimeBaseTimBuf
	D:0064H            PUBLIC             SfrPLC_AccB
	D:0060H            PUBLIC             SfrPLC_AccA
	X:09C1H            PUBLIC             PLCErrors
	X:09BFH            PUBLIC             PLCMaxLoopTime
	X:09BDH            PUBLIC             PLCMinLoopTime
	X:09BBH            PUBLIC             PLCLoopTime
	X:09B9H            PUBLIC             PLCSystemTime
	X:09B8H            PUBLIC             PLCRandom
	X:09B7H            PUBLIC             PLCBackupEnd
	X:09B6H            PUBLIC             PLCBackupOneShot
	X:09B5H            PUBLIC             PLCBackupDisable
	X:09B4H            PUBLIC             PLCRestoreFault
	X:09B3H            PUBLIC             PLCEquFlag
	X:09B2H            PUBLIC             PLCGrtFlag
	X:09B1H            PUBLIC             PLCLesFlag
	X:09B0H            PUBLIC             PLCConvError
	X:09AFH            PUBLIC             PLCMathError
	X:09AEH            PUBLIC             PLCSubIsNegative
	X:09ADH            PUBLIC             PLCPulse1000
	X:09ACH            PUBLIC             PLCPulse500
	X:09ABH            PUBLIC             PLCPulse100
	X:09AAH            PUBLIC             PLCTimeBase12800
	X:09A9H            PUBLIC             PLCTimeBase6400
	X:09A8H            PUBLIC             PLCTimeBase3200
	X:09A7H            PUBLIC             PLCTimeBase1600
	X:09A6H            PUBLIC             PLCTimeBase800
	X:09A5H            PUBLIC             PLCTimeBase400
	X:09A4H            PUBLIC             PLCTimeBase200
	X:09A3H            PUBLIC             PLCTimeBase100
	X:09A2H            PUBLIC             PLCLoopToggle
	X:09A1H            PUBLIC             PLCFirstLoop
	X:09A0H            PUBLIC             PLCClock1000
	X:099FH            PUBLIC             PLCClock500
	X:099EH            PUBLIC             PLCClock100
	X:099DH            PUBLIC             PLCChrReceived
	X:099CH            PUBLIC             PLCTxBufEmpty
	X:099BH            PUBLIC             PLCTxBufFull
	X:099AH            PUBLIC             PLCRxBufEmpty
	C:2A79H            PUBLIC             SfrPLC_AlwaysZero
	C:2A78H            PUBLIC             SfrPLC_AlwaysOne
	C:2A77H            PUBLIC             SfrPLC_CodeControl
	C:2C7DH            PUBLIC             SfrPLC_ProgramEnd
	C:2A92H            PUBLIC             SfrPLC_ProgramBegin
	C:2A7AH            PUBLIC             SfrPLC_StartUp
	D:00F0H            SYMBOL             B
	D:00E0H            SYMBOL             ACC
	B:00D7H            SYMBOL             CY
	B:00D6H            SYMBOL             AC
	B:00D5H            SYMBOL             F0
	B:00D4H            SYMBOL             RS1
	B:00D3H            SYMBOL             RS0
	B:00D2H            SYMBOL             OV
	B:00D1H            SYMBOL             F1
	B:00D0H            SYMBOL             P
	D:00D0H            SYMBOL             PSW
	D:00CDH            SYMBOL             TH2
	D:00CCH            SYMBOL             TL2
	D:00CBH            SYMBOL             RCAP2H
	D:00CAH            SYMBOL             RCAP2L
	B:00CFH            SYMBOL             TF2
	B:00CEH            SYMBOL             EXF2
	B:00CDH            SYMBOL             RCLK
	B:00CCH            SYMBOL             TCLK
	B:00CBH            SYMBOL             EXEN2
	B:00CAH            SYMBOL             TR2
	B:00C9H            SYMBOL             CT2
	B:00C8H            SYMBOL             CPRL2
	D:00C8H            SYMBOL             T2CON
LX51 CODE BANKING LINKER/LOCATOR V05.01.25                                                                       02/26/11  15:33:44

	B:00BDH            SYMBOL             PT2
	B:00BCH            SYMBOL             PS
	B:00BBH            SYMBOL             PT1
	B:00BAH            SYMBOL             PX1
	B:00B9H            SYMBOL             PT0
	B:00B8H            SYMBOL             PX0
	D:00B8H            SYMBOL             IP
	B:00B7H            SYMBOL             RD
	B:00B6H            SYMBOL             WR
	B:00B5H            SYMBOL             T1
	B:00B4H            SYMBOL             T0
	B:00B3H            SYMBOL             INT1
	B:00B2H            SYMBOL             INT0
	B:00B1H            SYMBOL             TxD
	B:00B0H            SYMBOL             RxD
	D:00B0H            SYMBOL             P3
	B:00AFH            SYMBOL             EA
	B:00ADH            SYMBOL             ET2
	B:00ACH            SYMBOL             ES
	B:00ABH            SYMBOL             ET1
	B:00AAH            SYMBOL             EX1
	B:00A9H            SYMBOL             ET0
	B:00A8H            SYMBOL             EX0
	D:00A8H            SYMBOL             IE
	B:00A7H            SYMBOL             A15
	B:00A6H            SYMBOL             A14
	B:00A5H            SYMBOL             A13
	B:00A4H            SYMBOL             A12
	B:00A3H            SYMBOL             A11
	B:00A2H            SYMBOL             A10
	B:00A1H            SYMBOL             A9
	B:00A0H            SYMBOL             A8
	D:00A0H            SYMBOL             P2
	D:0099H            SYMBOL             SBUF
	B:009FH            SYMBOL             SM0
	B:009EH            SYMBOL             SM1
	B:009DH            SYMBOL             SM2
	B:009CH            SYMBOL             REN
	B:009BH            SYMBOL             TB8
	B:009AH            SYMBOL             RB8
	B:0099H            SYMBOL             TI
	B:0098H            SYMBOL             RI
	D:0098H            SYMBOL             SCON
	B:0097H            SYMBOL             CEX4
	B:0096H            SYMBOL             CEX3
	B:0095H            SYMBOL             CEX2
	B:0094H            SYMBOL             CEX1
	B:0093H            SYMBOL             CEX0
	B:0092H            SYMBOL             EC1
	B:0091H            SYMBOL             T2EX
	B:0090H            SYMBOL             T2
	D:0090H            SYMBOL             P1
	D:008DH            SYMBOL             TH1
	D:008CH            SYMBOL             TH0
	D:008BH            SYMBOL             TL1
	D:008AH            SYMBOL             TL0
	D:0089H            SYMBOL             TMOD
	B:008FH            SYMBOL             TF1
	B:008EH            SYMBOL             TR1
	B:008DH            SYMBOL             TF0
	B:008CH            SYMBOL             TR0
	B:008BH            SYMBOL             IE1
	B:008AH            SYMBOL             IT1
	B:0089H            SYMBOL             IE0
	B:0088H            SYMBOL             IT0
	D:0088H            SYMBOL             TCON
	D:0087H            SYMBOL             PCON
	D:0083H            SYMBOL             DPH
	D:0082H            SYMBOL             DPL
	D:0081H            SYMBOL             SP
	B:0087H            SYMBOL             AD7
	B:0086H            SYMBOL             AD6
	B:0085H            SYMBOL             AD5
	B:0084H            SYMBOL             AD4
	B:0083H            SYMBOL             AD3
	B:0082H            SYMBOL             AD2
	B:0081H            SYMBOL             AD1
LX51 CODE BANKING LINKER/LOCATOR V05.01.25                                                                       02/26/11  15:33:44

	B:0080H            SYMBOL             AD0
	D:0080H            SYMBOL             P0
	-------            PROC               SfrPLC_StartUp
	C:2A7AH            LINE#              115
	C:2A7AH            LINE#              115
	C:2A7AH            LINE#              119
	C:2A7DH            LINE#              123
	C:2A84H            LINE#              124
	C:2A88H            LINE#              125
	C:2A8CH            LINE#              126
	C:2A91H            LINE#              127
	C:2A91H            LINE#              127
	-------            ENDPROC            SfrPLC_StartUp
	-------            PROC               SfrPLC_ProgramBegin
	X:09CBH            SYMBOL             LoopTimeInit
	X:09CCH            SYMBOL             LoopTimeBuf
	C:2A92H            LINE#              142
	C:2A92H            LINE#              142
	C:2A92H            LINE#              154
	C:2A95H            LINE#              158
	C:2AA8H            LINE#              159
	C:2AB0H            LINE#              166
	C:2ABBH            LINE#              172
	C:2AC4H            LINE#              174
	C:2AE3H            LINE#              176
	C:2AE9H            LINE#              178
	C:2AECH            LINE#              179
	C:2AFAH            LINE#              180
	C:2B02H            LINE#              184
	C:2B18H            LINE#              185
	C:2B28H            LINE#              187
	C:2B3FH            LINE#              188
	C:2B4FH            LINE#              194
	C:2B5FH            LINE#              201
	C:2B66H            LINE#              205
	C:2B6EH            LINE#              210
	C:2B73H            LINE#              211
	C:2B8EH            LINE#              213
	C:2B97H            LINE#              215
	C:2BA8H            LINE#              216
	C:2BAEH            LINE#              218
	C:2BB7H            LINE#              219
	C:2BBEH            LINE#              220
	C:2BC5H            LINE#              221
	C:2BCCH            LINE#              222
	C:2BD3H            LINE#              223
	C:2BDAH            LINE#              224
	C:2BE1H            LINE#              225
	C:2BE6H            LINE#              230
	C:2C01H            LINE#              232
	C:2C0AH            LINE#              234
	C:2C1BH            LINE#              235
	C:2C22H            LINE#              240
	C:2C27H            LINE#              241
	C:2C29H            LINE#              242
	C:2C44H            LINE#              244
	C:2C4DH            LINE#              246
	C:2C5EH            LINE#              248
	C:2C67H            LINE#              250
	C:2C6DH            LINE#              252
	C:2C76H            LINE#              253
	C:2C7CH            LINE#              256
	C:2C7CH            LINE#              256
	-------            ENDPROC            SfrPLC_ProgramBegin
	-------            PROC               SfrPLC_ProgramEnd
	C:2C7DH            LINE#              271
	C:2C7DH            LINE#              271
	C:2C7DH            LINE#              273
	C:2C82H            LINE#              274
	C:2C82H            LINE#              274
	-------            ENDPROC            SfrPLC_ProgramEnd
	-------            ENDMOD             CommonC
	C:2C83H            PUBLIC             ?SfrPLC_InputAcq
	-------            MODULE             INPUTACQ
	C:2CA3H            SYMBOL             FirstLoopCheck
	D:00CBH            SYMBOL             rcap2h
	D:0082H            SYMBOL             dpl
LX51 CODE BANKING LINKER/LOCATOR V05.01.25                                                                       02/26/11  15:33:44

	D:0080H            SYMBOL             p0
	D:0090H            SYMBOL             p1
	C:2CA9H            SYMBOL             InputLoop1st
	D:00F0H            SYMBOL             b
	B:00CBH            SYMBOL             exen2
	B:00A2H            SYMBOL             a10
	D:00A0H            SYMBOL             p2
	D:0081H            SYMBOL             SP
	B:00C8H            SYMBOL             cprl2
	B:00BCH            SYMBOL             ps
	D:00B0H            SYMBOL             p3
	B:00A3H            SYMBOL             a11
	B:0091H            SYMBOL             t2ex
	D:0081H            SYMBOL             sp
	B:00D6H            SYMBOL             ac
	D:00CAH            SYMBOL             rcap2l
	B:00B4H            SYMBOL             t0
	B:00A4H            SYMBOL             a12
	B:00D2H            SYMBOL             ov
	B:00B5H            SYMBOL             t1
	B:00A5H            SYMBOL             a13
	B:009CH            SYMBOL             ren
	C:2CF7H            SYMBOL             ShiftInput1st
	B:00AFH            SYMBOL             EA
	D:00C8H            SYMBOL             t2con
	B:00AFH            SYMBOL             ea
	B:00A6H            SYMBOL             a14
	B:0090H            SYMBOL             t2
	D:00E0H            SYMBOL             acc
	B:00A7H            SYMBOL             a15
	B:00C9H            SYMBOL             ct2
	B:00B6H            SYMBOL             wr
	B:00A9H            SYMBOL             et0
	C:2CFFH            SYMBOL             InputLoop
	B:00ABH            SYMBOL             et1
	B:008DH            SYMBOL             tf0
	C:2D3CH            SYMBOL             TimeIsZero
	B:00ADH            SYMBOL             et2
	B:008FH            SYMBOL             tf1
	B:00CFH            SYMBOL             tf2
	B:00CDH            SYMBOL             rclk
	B:009AH            SYMBOL             rb8
	D:008CH            SYMBOL             th0
	B:00A8H            SYMBOL             ex0
	D:008DH            SYMBOL             th1
	B:0088H            SYMBOL             it0
	C:2C83H            PUBLIC             ?SfrPLC_InputAcq
	C:2D67H            SYMBOL             TimeIsReach
	C:2D76H            SYMBOL             ShiftInput
	D:00CDH            SYMBOL             th2
	B:00CCH            SYMBOL             tclk
	B:00B0H            SYMBOL             rxd
	B:00AAH            SYMBOL             ex1
	D:00A8H            SYMBOL             ie
	B:009BH            SYMBOL             tb8
	B:008AH            SYMBOL             it1
	C:2D65H            SYMBOL             AddTimeEnd
	C:2CDAH            SYMBOL             InputIsSet1st
	B:00D0H            SYMBOL             p
	B:00B1H            SYMBOL             txd
	D:0099H            SYMBOL             sbuf
	B:009FH            SYMBOL             sm0
	B:0093H            SYMBOL             cex0
	D:008AH            SYMBOL             tl0
	D:0087H            SYMBOL             pcon
	B:009EH            SYMBOL             sm1
	B:0094H            SYMBOL             cex1
	D:008BH            SYMBOL             tl1
	D:00CCH            SYMBOL             tl2
	B:009DH            SYMBOL             sm2
	B:0095H            SYMBOL             cex2
	D:0098H            SYMBOL             scon
	B:0096H            SYMBOL             cex3
	B:00B9H            SYMBOL             pt0
	B:0097H            SYMBOL             cex4
	D:0089H            SYMBOL             tmod
	D:0088H            SYMBOL             tcon
LX51 CODE BANKING LINKER/LOCATOR V05.01.25                                                                       02/26/11  15:33:44

	B:00D3H            SYMBOL             rs0
	B:00CEH            SYMBOL             exf2
	B:00BBH            SYMBOL             pt1
	B:0080H            SYMBOL             ad0
	B:00D5H            SYMBOL             f0
	B:00D4H            SYMBOL             rs1
	B:00BDH            SYMBOL             pt2
	B:00B7H            SYMBOL             rd
	B:008CH            SYMBOL             tr0
	B:0081H            SYMBOL             ad1
	B:00D1H            SYMBOL             f1
	B:008EH            SYMBOL             tr1
	B:0082H            SYMBOL             ad2
	C:2D4DH            SYMBOL             InputIsSet
	B:00CAH            SYMBOL             tr2
	B:00B8H            SYMBOL             px0
	B:00ACH            SYMBOL             es
	B:0083H            SYMBOL             ad3
	B:00BAH            SYMBOL             px1
	D:00B8H            SYMBOL             ip
	B:00A0H            SYMBOL             a8
	B:0092H            SYMBOL             ec1
	B:0084H            SYMBOL             ad4
	C:2D21H            SYMBOL             IsDebouncing
	D:00D0H            SYMBOL             psw
	B:00A1H            SYMBOL             a9
	B:0085H            SYMBOL             ad5
	C:2CA0H            SYMBOL             IsLessThan256
[...]
	B:00B8H            SYMBOL             px0
	B:00ACH            SYMBOL             es
	B:0083H            SYMBOL             ad3
	B:00BAH            SYMBOL             px1
	D:00B8H            SYMBOL             ip
	B:00A0H            SYMBOL             a8
	B:0092H            SYMBOL             ec1
	B:0084H            SYMBOL             ad4
	D:00D0H            SYMBOL             psw
	B:00A1H            SYMBOL             a9
	B:0085H            SYMBOL             ad5
	B:00B2H            SYMBOL             int0
	B:0098H            SYMBOL             ri
	B:0086H            SYMBOL             ad6
	B:00D7H            SYMBOL             cy
	B:00B3H            SYMBOL             int1
	D:0083H            SYMBOL             dph
	B:0087H            SYMBOL             ad7
	B:0099H            SYMBOL             ti
	B:0089H            SYMBOL             ie0
	C:30BAH            PUBLIC             getchar
	B:008BH            SYMBOL             ie1
	C:30BAH            LINE#              63
	C:30BCH            LINE#              64
	C:30BEH            LINE#              65
	C:30C0H            LINE#              66
	C:30C2H            LINE#              67
	C:30C4H            LINE#              68
LX51 CODE BANKING LINKER/LOCATOR V05.01.25                                                                       02/26/11  15:33:44

	C:30C6H            LINE#              69
	C:30C8H            LINE#              70
	C:30CAH            LINE#              71
	C:30CCH            LINE#              72
	C:30CEH            LINE#              73
	C:30D1H            LINE#              77
	C:30D4H            LINE#              78
	C:30D6H            LINE#              79
	C:30D9H            LINE#              80
	C:30DBH            LINE#              84
	C:30DDH            LINE#              85
	C:30DFH            LINE#              86
	C:30E1H            LINE#              87
	C:30E3H            LINE#              88
	C:30E5H            LINE#              89
	C:30E7H            LINE#              90
	C:30E9H            LINE#              91
	C:30EBH            LINE#              92
	C:30EDH            LINE#              93
	C:30EFH            LINE#              94
	C:30F1H            LINE#              95
	C:30F2H            LINE#              96
	C:30F3H            LINE#              100
	C:30F5H            LINE#              101
	C:30F7H            LINE#              102
	C:30F8H            LINE#              106
	C:30FAH            LINE#              107
	C:30FCH            LINE#              108
	-------            ENDMOD             GETCHAR
	C:30FDH            PUBLIC             SfrSys_InitStatic
	-------            MODULE             INITSTATIC
	C:312CH            SYMBOL             __SIZE_LOOP_1__
	D:00CBH            SYMBOL             rcap2h
	D:0082H            SYMBOL             dpl
	D:0080H            SYMBOL             p0
	C:315EH            SYMBOL             __MASK_GEN__
	C:312FH            SYMBOL             __XDATA_INIT__
	D:0090H            SYMBOL             p1
	D:00F0H            SYMBOL             b
	B:00CBH            SYMBOL             exen2
	B:00A2H            SYMBOL             a10
	D:00A0H            SYMBOL             p2
	D:0081H            SYMBOL             SP
	B:00C8H            SYMBOL             cprl2
	B:00BCH            SYMBOL             ps
	D:00B0H            SYMBOL             p3
	B:00A3H            SYMBOL             a11
	B:0091H            SYMBOL             t2ex
	D:0081H            SYMBOL             sp
	B:00D6H            SYMBOL             ac
	D:00CAH            SYMBOL             rcap2l
	B:00B4H            SYMBOL             t0
	B:00A4H            SYMBOL             a12
	B:00D2H            SYMBOL             ov
	B:00B5H            SYMBOL             t1
	B:00A5H            SYMBOL             a13
	B:009CH            SYMBOL             ren
	C:30FDH            PUBLIC             SfrSys_InitStatic
	B:00AFH            SYMBOL             EA
	D:00C8H            SYMBOL             t2con
	B:00AFH            SYMBOL             ea
	B:00A6H            SYMBOL             a14
	B:0090H            SYMBOL             t2
	D:00E0H            SYMBOL             acc
	B:00A7H            SYMBOL             a15
	C:311FH            SYMBOL             __INIT_LOOP__
	B:00C9H            SYMBOL             ct2
	B:00B6H            SYMBOL             wr
	B:00A9H            SYMBOL             et0
	B:00ABH            SYMBOL             et1
	B:008DH            SYMBOL             tf0
	B:00ADH            SYMBOL             et2
	B:008FH            SYMBOL             tf1
	B:00CFH            SYMBOL             tf2
	B:00CDH            SYMBOL             rclk
	B:009AH            SYMBOL             rb8
	D:008CH            SYMBOL             th0
LX51 CODE BANKING LINKER/LOCATOR V05.01.25                                                                       02/26/11  15:33:44

	C:3161H            SYMBOL             __MASK_APPLY__
	B:00A8H            SYMBOL             ex0
	D:008DH            SYMBOL             th1
	B:0088H            SYMBOL             it0
	C:3149H            SYMBOL             __BIT_INIT__
	D:00CDH            SYMBOL             th2
	B:00CCH            SYMBOL             tclk
	B:00B0H            SYMBOL             rxd
	B:00AAH            SYMBOL             ex1
	D:00A8H            SYMBOL             ie
	B:009BH            SYMBOL             tb8
	B:008AH            SYMBOL             it1
	C:3125H            SYMBOL             __ZERO_INIT__
	C:312AH            SYMBOL             __SIZE_LOOP__
	B:00D0H            SYMBOL             p
	B:00B1H            SYMBOL             txd
	D:0099H            SYMBOL             sbuf
	B:009FH            SYMBOL             sm0
	B:0093H            SYMBOL             cex0
	D:008AH            SYMBOL             tl0
	D:0087H            SYMBOL             pcon
	B:009EH            SYMBOL             sm1
	B:0094H            SYMBOL             cex1
	D:008BH            SYMBOL             tl1
	D:00CCH            SYMBOL             tl2
	B:009DH            SYMBOL             sm2
	B:0095H            SYMBOL             cex2
	D:0098H            SYMBOL             scon
	B:0096H            SYMBOL             cex3
	B:00B9H            SYMBOL             pt0
	B:0097H            SYMBOL             cex4
	D:0089H            SYMBOL             tmod
	D:0088H            SYMBOL             tcon
	C:3106H            SYMBOL             __INIDATA_LABEL__
	B:00D3H            SYMBOL             rs0
	B:00CEH            SYMBOL             exf2
	B:00BBH            SYMBOL             pt1
	B:0080H            SYMBOL             ad0
	B:00D5H            SYMBOL             f0
	B:00D4H            SYMBOL             rs1
	B:00BDH            SYMBOL             pt2
	B:00B7H            SYMBOL             rd
	B:008CH            SYMBOL             tr0
	B:0081H            SYMBOL             ad1
	B:00D1H            SYMBOL             f1
	B:008EH            SYMBOL             tr1
	B:0082H            SYMBOL             ad2
	B:00CAH            SYMBOL             tr2
	B:00B8H            SYMBOL             px0
	B:00ACH            SYMBOL             es
	B:0083H            SYMBOL             ad3
	B:00BAH            SYMBOL             px1
	D:00B8H            SYMBOL             ip
	B:00A0H            SYMBOL             a8
	B:0092H            SYMBOL             ec1
	B:0084H            SYMBOL             ad4
	C:3165H            SYMBOL             __END_OF_INIT__
	D:00D0H            SYMBOL             psw
	B:00A1H            SYMBOL             a9
	B:0085H            SYMBOL             ad5
	B:00B2H            SYMBOL             int0
	B:0098H            SYMBOL             ri
	B:0086H            SYMBOL             ad6
	B:00D7H            SYMBOL             cy
	B:00B3H            SYMBOL             int1
	D:0083H            SYMBOL             dph
	B:0087H            SYMBOL             ad7
	B:0099H            SYMBOL             ti
	C:3100H            SYMBOL             __PAQ__
	B:0089H            SYMBOL             ie0
	B:008BH            SYMBOL             ie1
	C:30FDH            LINE#              55
	C:3100H            LINE#              60
	C:3101H            LINE#              61
	C:3102H            LINE#              62
	C:3104H            LINE#              63
	C:3106H            LINE#              74
LX51 CODE BANKING LINKER/LOCATOR V05.01.25                                                                       02/26/11  15:33:44

	C:3107H            LINE#              75
	C:3108H            LINE#              76
	C:310AH            LINE#              82
	C:310BH            LINE#              83
	C:310CH            LINE#              84
	C:310EH            LINE#              89
	C:310FH            LINE#              90
	C:3110H            LINE#              91
	C:3111H            LINE#              92
	C:3112H            LINE#              93
	C:3113H            LINE#              94
	C:3115H            LINE#              95
	C:3117H            LINE#              96
	C:311AH            LINE#              100
	C:311BH            LINE#              101
	C:311CH            LINE#              102
	C:311DH            LINE#              103
	C:311FH            LINE#              108
	C:3120H            LINE#              109
	C:3123H            LINE#              113
	C:3124H            LINE#              114
	C:3125H            LINE#              118
	C:3128H            LINE#              122
	C:3129H            LINE#              123
	C:312AH            LINE#              125
	C:312CH            LINE#              127
	C:312DH            LINE#              128
	C:312FH            LINE#              132
	C:3131H            LINE#              133
	C:3133H            LINE#              134
	C:3135H            LINE#              135
	C:3137H            LINE#              136
	C:3138H            LINE#              137
	C:313AH            LINE#              138
	C:313BH            LINE#              139
	C:313CH            LINE#              140
	C:313EH            LINE#              141
	C:3140H            LINE#              142
	C:3142H            LINE#              143
	C:3144H            LINE#              144
	C:3145H            LINE#              145
	C:3147H            LINE#              146
	C:3149H            LINE#              150
	C:314AH            LINE#              151
	C:314BH            LINE#              152
	C:314CH            LINE#              153
	C:314DH            LINE#              154
	C:314FH            LINE#              155
	C:3151H            LINE#              156
	C:3152H            LINE#              157
	C:3153H            LINE#              158
	C:3155H            LINE#              159
	C:3156H            LINE#              160
	C:3157H            LINE#              161
	C:3158H            LINE#              162
	C:3159H            LINE#              163
	C:315CH            LINE#              164
	C:315EH            LINE#              168
	C:315FH            LINE#              169
	C:3161H            LINE#              173
	C:3162H            LINE#              174
	C:3163H            LINE#              175
	C:3165H            LINE#              179
	-------            ENDMOD             INITSTATIC
	C:3166H            PUBLIC             _putchar
	-------            MODULE             PUTCHAR
	C:319AH            SYMBOL             PutChCall
	D:00CBH            SYMBOL             rcap2h
	D:0082H            SYMBOL             dpl
	D:0080H            SYMBOL             p0
	D:0090H            SYMBOL             p1
	D:00F0H            SYMBOL             b
	B:00CBH            SYMBOL             exen2
	B:00A2H            SYMBOL             a10
	D:00A0H            SYMBOL             p2
	D:0081H            SYMBOL             SP
	B:00C8H            SYMBOL             cprl2
LX51 CODE BANKING LINKER/LOCATOR V05.01.25                                                                       02/26/11  15:33:44

	B:00BCH            SYMBOL             ps
	D:00B0H            SYMBOL             p3
	B:00A3H            SYMBOL             a11
	B:0091H            SYMBOL             t2ex
	D:0081H            SYMBOL             sp
	B:00D6H            SYMBOL             ac
	D:00CAH            SYMBOL             rcap2l
	B:00B4H            SYMBOL             t0
	B:00A4H            SYMBOL             a12
	B:00D2H            SYMBOL             ov
	B:00B5H            SYMBOL             t1
	B:00A5H            SYMBOL             a13
	B:009CH            SYMBOL             ren
	B:00AFH            SYMBOL             EA
	D:00C8H            SYMBOL             t2con
	B:00AFH            SYMBOL             ea
	B:00A6H            SYMBOL             a14
	B:0090H            SYMBOL             t2
	D:00E0H            SYMBOL             acc
	B:00A7H            SYMBOL             a15
	B:00C9H            SYMBOL             ct2
	B:00B6H            SYMBOL             wr
	B:00A9H            SYMBOL             et0
	B:00ABH            SYMBOL             et1
	B:008DH            SYMBOL             tf0
	B:00ADH            SYMBOL             et2
	B:008FH            SYMBOL             tf1
	B:00CFH            SYMBOL             tf2
	B:00CDH            SYMBOL             rclk
	B:009AH            SYMBOL             rb8
	D:008CH            SYMBOL             th0
	B:00A8H            SYMBOL             ex0
	D:008DH            SYMBOL             th1
	B:0088H            SYMBOL             it0
	D:00CDH            SYMBOL             th2
	B:00CCH            SYMBOL             tclk
	B:00B0H            SYMBOL             rxd
	B:00AAH            SYMBOL             ex1
	D:00A8H            SYMBOL             ie
	B:009BH            SYMBOL             tb8
	B:008AH            SYMBOL             it1
	B:00D0H            SYMBOL             p
	B:00B1H            SYMBOL             txd
	D:0099H            SYMBOL             sbuf
	B:009FH            SYMBOL             sm0
	B:0093H            SYMBOL             cex0
	D:008AH            SYMBOL             tl0
	D:0087H            SYMBOL             pcon
	B:009EH            SYMBOL             sm1
	B:0094H            SYMBOL             cex1
	D:008BH            SYMBOL             tl1
	D:00CCH            SYMBOL             tl2
	B:009DH            SYMBOL             sm2
	B:0095H            SYMBOL             cex2
	D:0098H            SYMBOL             scon
	B:0096H            SYMBOL             cex3
	B:00B9H            SYMBOL             pt0
	B:0097H            SYMBOL             cex4
	D:0089H            SYMBOL             tmod
	D:0088H            SYMBOL             tcon
	B:00D3H            SYMBOL             rs0
	B:00CEH            SYMBOL             exf2
	B:00BBH            SYMBOL             pt1
	B:0080H            SYMBOL             ad0
	B:00D5H            SYMBOL             f0
	B:00D4H            SYMBOL             rs1
	B:00BDH            SYMBOL             pt2
	B:00B7H            SYMBOL             rd
	B:008CH            SYMBOL             tr0
	B:0081H            SYMBOL             ad1
	C:3166H            PUBLIC             _putchar
	B:00D1H            SYMBOL             f1
	B:008EH            SYMBOL             tr1
	B:0082H            SYMBOL             ad2
	B:00CAH            SYMBOL             tr2
	B:00B8H            SYMBOL             px0
	B:00ACH            SYMBOL             es
LX51 CODE BANKING LINKER/LOCATOR V05.01.25                                                                       02/26/11  15:33:44

	B:0083H            SYMBOL             ad3
	B:00BAH            SYMBOL             px1
	D:00B8H            SYMBOL             ip
	B:00A0H            SYMBOL             a8
	B:0092H            SYMBOL             ec1
	B:0084H            SYMBOL             ad4
	D:00D0H            SYMBOL             psw
	B:00A1H            SYMBOL             a9
	B:0085H            SYMBOL             ad5
	B:00B2H            SYMBOL             int0
	B:0098H            SYMBOL             ri
	B:0086H            SYMBOL             ad6
	B:00D7H            SYMBOL             cy
	B:00B3H            SYMBOL             int1
	D:0083H            SYMBOL             dph
	B:0087H            SYMBOL             ad7
	B:0099H            SYMBOL             ti
	B:0089H            SYMBOL             ie0
	B:008BH            SYMBOL             ie1
	C:3166H            LINE#              54
	C:3168H            LINE#              55
	C:316AH            LINE#              56
	C:316CH            LINE#              57
	C:316EH            LINE#              58
	C:3170H            LINE#              59
	C:3172H            LINE#              60
	C:3174H            LINE#              61
	C:3176H            LINE#              62
	C:3178H            LINE#              63
	C:317AH            LINE#              64
	C:317CH            LINE#              65
	C:317EH            LINE#              66
	C:3181H            LINE#              70
	C:3183H            LINE#              71
	C:3185H            LINE#              72
	C:3187H            LINE#              73
	C:3189H            LINE#              74
	C:318BH            LINE#              75
	C:318DH            LINE#              76
	C:318FH            LINE#              77
	C:3191H            LINE#              78
	C:3193H            LINE#              79
	C:3195H            LINE#              80
	C:3197H            LINE#              81
	C:3199H            LINE#              82
	C:319AH            LINE#              86
	C:319CH            LINE#              87
	C:319EH            LINE#              88
	-------            ENDMOD             PUTCHAR
	C:0B54H            PUBLIC             ?C_DECDPTR
	C:0B64H            PUBLIC             ?C_DPTR2DPTR
	C:0B6EH            PUBLIC             ?C_CBADDMUL
	C:0B83H            PUBLIC             ?C_INDCALL
	C:1ECAH            PUBLIC             ?C_INITSEGSTART
	C:0B32H            PUBLIC             MV4_XD2SN?C
	C:0B3AH            PUBLIC             _MV_XD2SN_0
	C:0A84H            PUBLIC             MV4_XD2RG?C
	C:0A90H            PUBLIC             MV4_RG2XD?C
	C:0A9CH            PUBLIC             XD2XD4?C
	C:0803H            PUBLIC             ?printf1
	C:080BH            PUBLIC             ?sprintf1
	C:0B88H            PUBLIC             ?C_LADD
	C:0B98H            PUBLIC             ?C_IMULX
	C:0B9DH            PUBLIC             ?C_IMUL
	C:0BB1H            PUBLIC             ?C_SIDIV
	C:0BD9H            PUBLIC             ?C_UIDIV
	C:0C5EH            PUBLIC             CPL_R4R5
	C:0C66H            PUBLIC             CPL_R6R7
	C:0C11H            PUBLIC             DIV_2
	C:0C6EH            PUBLIC             RST_STK4?C
	C:0C83H            PUBLIC             ?strcpy
	C:0C85H            PUBLIC             __STRCPY_NXT1__
	C:0C7DH            PUBLIC             ?C_CPY
	C:0DE3H            PUBLIC             __NULL_POINTER__
	C:0DE0H            PUBLIC             __LOCAL_END__
	C:0DE8H            PUBLIC             ?memcpy
	C:0DE8H            PUBLIC             ?C_MEMCPY
LX51 CODE BANKING LINKER/LOCATOR V05.01.25                                                                       02/26/11  15:33:44

	C:0E08H            PUBLIC             ?memcmp
	C:0AB7H            PUBLIC             XPGN0INC?C
	C:0ABBH            PUBLIC             XPGN1INC?C
	C:0ABFH            PUBLIC             IPGN0INC?C
	C:0AC3H            PUBLIC             __PGN0_INC__
	C:0AC9H            PUBLIC             __PGN1_INC__
	C:0E28H            PUBLIC             ?C_LOP
	C:0E37H            PUBLIC             ?strcmp
	C:0E3FH            PUBLIC             __STRCMP_NXT1__
	C:0ACFH            PUBLIC             XPGN0?C
	C:0AEBH            PUBLIC             XPGN1?C
	C:0B07H            PUBLIC             IPGN0?C

UNCALLED SEGMENTS:
------------------
    ?PR?COMMONC

LINK/LOCATE RUN COMPLETE,  NO ERROR FOUND.

