MACRO ASSEMBLER ELPLCLIB                                                                                       02/26/11 15:33:41 PAGE     1


DOS MACRO ASSEMBLER MA51 V06.04.17OBJECT MODULE PLACED IN C:\DOCUMENTS AND SETTINGS\IB\MY DOCUMENTS\REMOTERAPPLICATIONS\HOPLA\COMPILE\ELPLCLIB.OBJ
ASSEMBLER INVOKED BY: OJ(C:\DOCUMENTS AND SETTINGS\IB\MY DOCUMENTS\REMOTERAPPLICATIONS\HOPLA\COMPILE\ELPLCLIB.OBJ) PIN(C:\RIDE\INC;C:\DOCUME~1\IB\LOCALS~1\TEMP\REMOTERTEMP\SYSPLC\;C:\DOCUME~1\IB\LOCALS~1\TEMP\REMOTERTEMP\FB\) PR(C:\DOCUMENTS AND SETTINGS\IB\MY DOCUMENTS\REMOTERAPPLICATIONS\HOPLA\COMPILE\LIST\ELPLCLIB.LST) CS EP LINES SYNTAX(ASM51) NOCOND XR DB PL(80) PW(132) RB(0) 

LOC     OBJ           LINE    SOURCE
                         1     
                         2     
                         3     $INCLUDE (C:\Program Files\Elsist\Remoter\Lib\Raisonance\Sfr043b300\ElSystemLib.inc)
                       161     $INCLUDE (C:\Program Files\Elsist\Remoter\Lib\Raisonance\Sfr036e000\ElPLCLib.inc)
                       353     
                       354     
                       355         PUBLIC PLC_L_ElPLCLib
                       356         EXTRN XDATA(PLCRtcData)
                       357         EXTRN XDATA(PLCMaxLoopTime)
                       358         EXTRN XDATA(PLCMinLoopTime)
                       359         EXTRN XDATA(PLCLoopTime)
                       360         EXTRN XDATA(PLCSystemTime)
                       361         EXTRN XDATA(PLCRandom)
                       362         EXTRN XDATA(PLCBackupEnd)
                       363         EXTRN XDATA(PLCBackupOneShot)
                       364         EXTRN XDATA(PLCBackupDisable)
                       365         EXTRN XDATA(PLCRestoreFault)
                       366         EXTRN XDATA(PLCEquFlag)
                       367         EXTRN XDATA(PLCGrtFlag)
                       368         EXTRN XDATA(PLCLesFlag)
                       369         EXTRN XDATA(PLCConvError)
                       370         EXTRN XDATA(PLCMathError)
                       371         EXTRN XDATA(PLCSubIsNegative)
                       372         EXTRN XDATA(PLCPulse1000)
                       373         EXTRN XDATA(PLCPulse500)
                       374         EXTRN XDATA(PLCPulse100)
                       375         EXTRN XDATA(PLCTimeBase12800)
                       376         EXTRN XDATA(PLCTimeBase6400)
                       377         EXTRN XDATA(PLCTimeBase3200)
                       378         EXTRN XDATA(PLCTimeBase1600)
                       379         EXTRN XDATA(PLCTimeBase800)
                       380         EXTRN XDATA(PLCTimeBase400)
                       381         EXTRN XDATA(PLCTimeBase200)
                       382         EXTRN XDATA(PLCTimeBase100)
                       383         EXTRN XDATA(PLCLoopToggle)
                       384         EXTRN XDATA(PLCFirstLoop)
                       385         EXTRN XDATA(PLCClock1000)
                       386         EXTRN XDATA(PLCClock500)
                       387         EXTRN XDATA(PLCClock100)
                       388         EXTRN XDATA(PLCChrReceived)
                       389         EXTRN XDATA(PLCTxBufEmpty)
                       390         EXTRN XDATA(PLCTxBufFull)
                       391         EXTRN XDATA(PLCRxBufEmpty)
                       392         EXTRN CODE(SfrPLC_AlwaysZero)
                       393         EXTRN CODE(SfrPLC_AlwaysOne)
                       394     
  5000                 395     PLCMemoryLogicInputs SET (05000h)
  5100                 396     PLCMemoryLogicOutputs SET (05100h)
  0000                 397     PLCMemoryFlags SET (00000h)
                       398     
                       399     
                       400         CODE_ElPLCLib_CODE SEGMENT CODE
------                 401         RSEG CODE_ElPLCLib_CODE
                       402     
                       403     PLC_L_ElPLCLib: 
                       404     
                       405     ; Line    13 EXTR L SfrPLC_AlwaysOne
                       406     
                       407     ; Line    14 DEFG F PLCAlwaysOne L SfrPLC_AlwaysOne KD 0
                       408     
                       409     ; Line    16 EXTR L SfrPLC_AlwaysZero
                       410     
                       411     ; Line    17 DEFG F PLCAlwaysZero L SfrPLC_AlwaysZero KD 0
                       412     
                       413     ; Line    19 EXTR F PLCRxBufEmpty
                       414     
                       415     ; Line    20 EXTR F PLCTxBufFull
                       416     
                       417     ; Line    21 EXTR F PLCTxBufEmpty
                       418     
MACRO ASSEMBLER ELPLCLIB                                                                             02/26/11  15:33:41 PAGE     2
                     
                       419     ; Line    22 EXTR F PLCChrReceived
                       420     
                       421     ; Line    23 EXTR F PLCClock100
                       422     
                       423     ; Line    24 EXTR F PLCClock500
                       424     
                       425     ; Line    25 EXTR F PLCClock1000
                       426     
                       427     ; Line    26 EXTR F PLCFirstLoop
                       428     
                       429     ; Line    27 EXTR F PLCLoopToggle
                       430     
                       431     ; Line    28 EXTR F PLCTimeBase100
                       432     
                       433     ; Line    29 EXTR F PLCTimeBase200
                       434     
                       435     ; Line    30 EXTR F PLCTimeBase400
                       436     
                       437     ; Line    31 EXTR F PLCTimeBase800
                       438     
                       439     ; Line    32 EXTR F PLCTimeBase1600
                       440     
                       441     ; Line    33 EXTR F PLCTimeBase3200
                       442     
                       443     ; Line    34 EXTR F PLCTimeBase6400
                       444     
                       445     ; Line    35 EXTR F PLCTimeBase12800
                       446     
                       447     ; Line    36 EXTR F PLCPulse100
                       448     
                       449     ; Line    37 EXTR F PLCPulse500
                       450     
                       451     ; Line    38 EXTR F PLCPulse1000
                       452     
                       453     ; Line    39 EXTR F PLCSubIsNegative
                       454     
                       455     ; Line    40 EXTR F PLCMathError
                       456     
                       457     ; Line    41 EXTR F PLCConvError
                       458     
                       459     ; Line    42 EXTR F PLCLesFlag
                       460     
                       461     ; Line    43 EXTR F PLCGrtFlag
                       462     
                       463     ; Line    44 EXTR F PLCEquFlag
                       464     
                       465     ; Line    45 EXTR F PLCRestoreFault
                       466     
                       467     ; Line    46 EXTR F PLCBackupDisable
                       468     
                       469     ; Line    47 EXTR F PLCBackupOneShot
                       470     
                       471     ; Line    48 EXTR F PLCBackupEnd
                       472     
                       473     ; Line    49 EXTR Y PLCRandom
                       474     
                       475     ; Line    50 EXTR W PLCSystemTime
                       476     
                       477     ; Line    51 EXTR W PLCLoopTime
                       478     
                       479     ; Line    52 EXTR W PLCMinLoopTime
                       480     
                       481     ; Line    53 EXTR W PLCMaxLoopTime
                       482     
                       483     ; Line    59 EXTR Y PLCRtcData
                       484     
                       485     ; Line    60 DEFG Y PLCRtcYear Y PLCRtcData KD 0
                       486     
                       487     ; Line    61 DEFG Y PLCRtcMonth Y PLCRtcData KD 1
                       488     
                       489     ; Line    62 DEFG Y PLCRtcDay Y PLCRtcData KD 2
                       490     
                       491     ; Line    63 DEFG Y PLCRtcWeekDay Y PLCRtcData KD 3
                       492     
                       493     ; Line    64 DEFG Y PLCRtcHour Y PLCRtcData KD 4
                       494     
                       495     ; Line    65 DEFG Y PLCRtcMinute Y PLCRtcData KD 5
MACRO ASSEMBLER ELPLCLIB                                                                             02/26/11  15:33:41 PAGE     3
                     
                       496     
                       497     ; Line    66 DEFG Y PLCRtcSecond Y PLCRtcData KD 6
                       498     
                       499     ; Line    67 DEFG Y PLCRtcHundred Y PLCRtcData KD 7
0000    22             500         ret
                       501     
                       502         END
MACRO ASSEMBLER ELPLCLIB                                                                                       02/26/11 15:33:41 PAGE     0


SYMBOL TABLE LISTING
------ ----- -------


N A M E             T Y P E  V A L U E   ATTRIBUTES             REFERENCES

rcap2h . . . . . .  D ADDR   00CBH   A                          135# 
dpl. . . . . . . .  D ADDR   0082H   A                          44# 
p0 . . . . . . . .  D ADDR   0080H   A                          33# 
p1 . . . . . . . .  D ADDR   0090H   A                          65# 
b. . . . . . . . .  D ADDR   00F0H   A                          151# 
exen2. . . . . . .  B ADDR   00C8H.3 A                          128# 
a10. . . . . . . .  B ADDR   00A0H.2 A                          90# 
p2 . . . . . . . .  D ADDR   00A0H   A                          87# 
SP . . . . . . . .  D ADDR   0081H   A                          157# 
cprl2. . . . . . .  B ADDR   00C8H.0 A                          125# 
ps . . . . . . . .  B ADDR   00B8H.4 A                          121# 
p3 . . . . . . . .  D ADDR   00B0H   A                          106# 
a11. . . . . . . .  B ADDR   00A0H.3 A                          91# 
t2ex . . . . . . .  B ADDR   0090H.1 A                          67# 
sp . . . . . . . .  D ADDR   0081H   A                          43# 
ac . . . . . . . .  B ADDR   00D0H.6 A                          146# 
rcap2l . . . . . .  D ADDR   00CAH   A                          134# 
t0 . . . . . . . .  B ADDR   00B0H.4 A                          111# 
a12. . . . . . . .  B ADDR   00A0H.4 A                          92# 
PLCMemoryFlags . .  N NUMB   0000h                              397# 
ov . . . . . . . .  B ADDR   00D0H.2 A                          142# 
t1 . . . . . . . .  B ADDR   00B0H.5 A                          112# 
a13. . . . . . . .  B ADDR   00A0H.5 A                          93# 
ren. . . . . . . .  B ADDR   0098H.4 A                          80# 
EA . . . . . . . .  B ADDR   00A8H.7 A                          158# 
t2con. . . . . . .  D ADDR   00C8H   A                          124# 
ea . . . . . . . .  B ADDR   00A8H.7 A                          104# 
a14. . . . . . . .  B ADDR   00A0H.6 A                          94# 
t2 . . . . . . . .  B ADDR   0090H.0 A                          66# 
acc. . . . . . . .  D ADDR   00E0H   A                          149# 
a15. . . . . . . .  B ADDR   00A0H.7 A                          95# 
PLCMemoryLogicInp~  N NUMB   5000h                              395# 
ct2. . . . . . . .  B ADDR   00C8H.1 A                          126# 
wr . . . . . . . .  B ADDR   00B0H.6 A                          113# 
et0. . . . . . . .  B ADDR   00A8H.1 A                          99# 
PLCMemoryLogicOut~  N NUMB   5100h                              396# 
et1. . . . . . . .  B ADDR   00A8H.3 A                          101# 
tf0. . . . . . . .  B ADDR   0088H.5 A                          55# 
et2. . . . . . . .  B ADDR   00A8H.5 A                          103# 
tf1. . . . . . . .  B ADDR   0088H.7 A                          57# 
tf2. . . . . . . .  B ADDR   00C8H.7 A                          132# 
rclk . . . . . . .  B ADDR   00C8H.5 A                          130# 
rb8. . . . . . . .  B ADDR   0098H.2 A                          78# 
th0. . . . . . . .  D ADDR   008CH   A                          62# 
ex0. . . . . . . .  B ADDR   00A8H.0 A                          98# 
th1. . . . . . . .  D ADDR   008DH   A                          63# 
it0. . . . . . . .  B ADDR   0088H.0 A                          50# 
th2. . . . . . . .  D ADDR   00CDH   A                          137# 
tclk . . . . . . .  B ADDR   00C8H.4 A                          129# 
rxd. . . . . . . .  B ADDR   00B0H.0 A                          107# 
ex1. . . . . . . .  B ADDR   00A8H.2 A                          100# 
ie . . . . . . . .  D ADDR   00A8H   A                          97# 
tb8. . . . . . . .  B ADDR   0098H.3 A                          79# 
it1. . . . . . . .  B ADDR   0088H.2 A                          52# 
PLC_L_ElPLCLib . .  C ADDR   0000H   R  SEG=CODE_ElPLCLib_CODE  355 403# 
p. . . . . . . . .  B ADDR   00D0H.0 A                          140# 
txd. . . . . . . .  B ADDR   00B0H.1 A                          108# 
sbuf . . . . . . .  D ADDR   0099H   A                          85# 
sm0. . . . . . . .  B ADDR   0098H.7 A                          83# 
cex0 . . . . . . .  B ADDR   0090H.3 A                          69# 
tl0. . . . . . . .  D ADDR   008AH   A                          60# 
pcon . . . . . . .  D ADDR   0087H   A                          47# 
sm1. . . . . . . .  B ADDR   0098H.6 A                          82# 
cex1 . . . . . . .  B ADDR   0090H.4 A                          70# 
tl1. . . . . . . .  D ADDR   008BH   A                          61# 
tl2. . . . . . . .  D ADDR   00CCH   A                          136# 
sm2. . . . . . . .  B ADDR   0098H.5 A                          81# 
cex2 . . . . . . .  B ADDR   0090H.5 A                          71# 
scon . . . . . . .  D ADDR   0098H   A                          75# 
cex3 . . . . . . .  B ADDR   0090H.6 A                          72# 
pt0. . . . . . . .  B ADDR   00B8H.1 A                          118# 
cex4 . . . . . . .  B ADDR   0090H.7 A                          73# 
tmod . . . . . . .  D ADDR   0089H   A                          59# 
tcon . . . . . . .  D ADDR   0088H   A                          49# 
rs0. . . . . . . .  B ADDR   00D0H.3 A                          143# 
exf2 . . . . . . .  B ADDR   00C8H.6 A                          131# 
pt1. . . . . . . .  B ADDR   00B8H.3 A                          120# 
ad0. . . . . . . .  B ADDR   0080H.0 A                          34# 
f0 . . . . . . . .  B ADDR   00D0H.5 A                          145# 
MACRO ASSEMBLER ELPLCLIB                                                                                       02/26/11 15:33:41 PAGE     1


DOS MACRO ASSEMBLER MA51 V06.04.17OBJECT MODULE PLACED IN C:\DOCUMENTS AND SETTINGS\IB\MY DOCUMENTS\REMOTERAPPLICATIONS\HOPLA\COMPILE\ELPLCLIB.OBJ
ASSEMBLER INVOKED BY: OJ(C:\DOCUMENTS AND SETTINGS\IB\MY DOCUMENTS\REMOTERAPPLICATIONS\HOPLA\COMPILE\ELPLCLIB.OBJ) PIN(C:\RIDE\INC;C:\DOCUME~1\IB\LOCALS~1\TEMP\REMOTERTEMP\SYSPLC\;C:\DOCUME~1\IB\LOCALS~1\TEMP\REMOTERTEMP\FB\) PR(C:\DOCUMENTS AND SETTINGS\IB\MY DOCUMENTS\REMOTERAPPLICATIONS\HOPLA\COMPILE\LIST\ELPLCLIB.LST) CS EP LINES SYNTAX(ASM51) NOCOND XR DB PL(80) PW(132) RB(0) 

LOC     OBJ           LINE    SOURCE
rs1. . . . . . . .  B ADDR   00D0H.4 A                          144# 
pt2. . . . . . . .  B ADDR   00B8H.5 A                          122# 
rd . . . . . . . .  B ADDR   00B0H.7 A                          114# 
tr0. . . . . . . .  B ADDR   0088H.4 A                          54# 
ad1. . . . . . . .  B ADDR   0080H.1 A                          35# 
f1 . . . . . . . .  B ADDR   00D0H.1 A                          141# 
tr1. . . . . . . .  B ADDR   0088H.6 A                          56# 
ad2. . . . . . . .  B ADDR   0080H.2 A                          36# 
tr2. . . . . . . .  B ADDR   00C8H.2 A                          127# 
px0. . . . . . . .  B ADDR   00B8H.0 A                          117# 
es . . . . . . . .  B ADDR   00A8H.4 A                          102# 
ad3. . . . . . . .  B ADDR   0080H.3 A                          37# 
px1. . . . . . . .  B ADDR   00B8H.2 A                          119# 
ip . . . . . . . .  D ADDR   00B8H   A                          116# 
a8 . . . . . . . .  B ADDR   00A0H.0 A                          88# 
ec1. . . . . . . .  B ADDR   0090H.2 A                          68# 
ad4. . . . . . . .  B ADDR   0080H.4 A                          38# 
psw. . . . . . . .  D ADDR   00D0H   A                          139# 
a9 . . . . . . . .  B ADDR   00A0H.1 A                          89# 
ad5. . . . . . . .  B ADDR   0080H.5 A                          39# 
CODE_ElPLCLib_CODE  C SEG    0001H      REL=UNIT                401# 
int0 . . . . . . .  B ADDR   00B0H.2 A                          109# 
ri . . . . . . . .  B ADDR   0098H.0 A                          76# 
ad6. . . . . . . .  B ADDR   0080H.6 A                          40# 
cy . . . . . . . .  B ADDR   00D0H.7 A                          147# 
int1 . . . . . . .  B ADDR   00B0H.3 A                          110# 
dph. . . . . . . .  D ADDR   0083H   A                          45# 
ad7. . . . . . . .  B ADDR   0080H.7 A                          41# 
ti . . . . . . . .  B ADDR   0098H.1 A                          77# 
ie0. . . . . . . .  B ADDR   0088H.1 A                          51# 
ie1. . . . . . . .  B ADDR   0088H.3 A                          53# 



MODULE INFORMATION:   STATIC OVERLAYABLE
   CODE SIZE        =      1    ----
   XDATA SIZE       =   ----    ----
   DATA SIZE        =   ----    ----
   IDATA SIZE       =   ----    ----
   BIT SIZE         =   ----    ----
END OF MODULE INFORMATION.


REGISTER BANK(S) USED : 0 

ASSEMBLY COMPLETE.   0 WARNING(S)   0 ERROR(S)
