MACRO ASSEMBLER RILFILE                                                                                        02/26/11 15:33:41 PAGE     1


DOS MACRO ASSEMBLER MA51 V06.04.17OBJECT MODULE PLACED IN C:\DOCUMENTS AND SETTINGS\IB\MY DOCUMENTS\REMOTERAPPLICATIONS\HOPLA\COMPILE\RILFILE.OBJ
ASSEMBLER INVOKED BY: OJ(C:\DOCUMENTS AND SETTINGS\IB\MY DOCUMENTS\REMOTERAPPLICATIONS\HOPLA\COMPILE\RILFILE.OBJ) PIN(C:\RIDE\INC;C:\DOCUME~1\IB\LOCALS~1\TEMP\REMOTERTEMP\SYSPLC\;C:\DOCUME~1\IB\LOCALS~1\TEMP\REMOTERTEMP\FB\) PR(C:\DOCUMENTS AND SETTINGS\IB\MY DOCUMENTS\REMOTERAPPLICATIONS\HOPLA\COMPILE\LIST\RILFILE.LST) CS EP LINES SYNTAX(ASM51) NOCOND XR DB PL(80) PW(132) RB(0) 

LOC     OBJ           LINE    SOURCE
                         1     
                         2     
                         3     $INCLUDE (C:\Program Files\Elsist\Remoter\Lib\Raisonance\Sfr043b300\ElSystemLib.inc)
                       161     $INCLUDE (C:\Program Files\Elsist\Remoter\Lib\Raisonance\Sfr036e000\ElPLCLib.inc)
                       353     
                       354     
                       355         PUBLIC PLC_L_RilFile
                       356         PUBLIC PLC_O_0
                       357         PUBLIC PLC_O_1
                       358         PUBLIC PLC_O_2
                       359         PUBLIC PLC_O_3
                       360         PUBLIC PLC_O_4
                       361         PUBLIC PLC_O_5
                       362         PUBLIC PLC_O_6
                       363         PUBLIC PLC_O_7
                       364         PUBLIC PLC_I_0
                       365         PUBLIC PLC_I_1
                       366         PUBLIC PLC_I_2
                       367         PUBLIC PLC_I_3
                       368         PUBLIC PLC_I_4
                       369         PUBLIC PLC_I_5
                       370         PUBLIC PLC_I_6
                       371         PUBLIC PLC_I_7
                       372         PUBLIC PLC_I_8
                       373         PUBLIC PLC_I_9
                       374         PUBLIC PLC_I_10
                       375         PUBLIC PLC_I_11
                       376         PUBLIC PLC_I_12
                       377         PUBLIC PLC_I_13
                       378         PUBLIC PLC_I_14
                       379         PUBLIC PLC_I_15
                       380         PUBLIC PLC_F_1
                       381         EXTRN CODE(CustomFunction)
                       382     
  5000                 383     PLCMemoryLogicInputs SET (05000h)
  5100                 384     PLCMemoryLogicOutputs SET (05100h)
  0000                 385     PLCMemoryFlags SET (00000h)
                       386     
  5100                 387     PLC_O_0 EQU PLCMemoryLogicOutputs+00h
  5101                 388     PLC_O_1 EQU PLCMemoryLogicOutputs+01h
  5102                 389     PLC_O_2 EQU PLCMemoryLogicOutputs+02h
  5103                 390     PLC_O_3 EQU PLCMemoryLogicOutputs+03h
  5104                 391     PLC_O_4 EQU PLCMemoryLogicOutputs+04h
  5105                 392     PLC_O_5 EQU PLCMemoryLogicOutputs+05h
  5106                 393     PLC_O_6 EQU PLCMemoryLogicOutputs+06h
  5107                 394     PLC_O_7 EQU PLCMemoryLogicOutputs+07h
  5000                 395     PLC_I_0 EQU PLCMemoryLogicInputs+00h
  5001                 396     PLC_I_1 EQU PLCMemoryLogicInputs+01h
  5002                 397     PLC_I_2 EQU PLCMemoryLogicInputs+02h
  5003                 398     PLC_I_3 EQU PLCMemoryLogicInputs+03h
  5004                 399     PLC_I_4 EQU PLCMemoryLogicInputs+04h
  5005                 400     PLC_I_5 EQU PLCMemoryLogicInputs+05h
  5006                 401     PLC_I_6 EQU PLCMemoryLogicInputs+06h
  5007                 402     PLC_I_7 EQU PLCMemoryLogicInputs+07h
  5008                 403     PLC_I_8 EQU PLCMemoryLogicInputs+08h
  5009                 404     PLC_I_9 EQU PLCMemoryLogicInputs+09h
  5010                 405     PLC_I_10 EQU PLCMemoryLogicInputs+010h
  5011                 406     PLC_I_11 EQU PLCMemoryLogicInputs+011h
  5012                 407     PLC_I_12 EQU PLCMemoryLogicInputs+012h
  5013                 408     PLC_I_13 EQU PLCMemoryLogicInputs+013h
  5014                 409     PLC_I_14 EQU PLCMemoryLogicInputs+014h
  5015                 410     PLC_I_15 EQU PLCMemoryLogicInputs+015h
  0001                 411     PLC_F_1 EQU PLCMemoryFlags+01h
                       412     
                       413         CODE_RilFile_CODE SEGMENT CODE
------                 414         RSEG CODE_RilFile_CODE
                       415     
                       416     PLC_L_RilFile: 
                       417     
                       418     ; Line    11 SVIW O 0
MACRO ASSEMBLER RILFILE                                                                              02/26/11  15:33:41 PAGE     2
                     
                       419     
                       420     ; Line    12 SVIW O 1
                       421     
                       422     ; Line    13 SVIW O 2
                       423     
                       424     ; Line    14 SVIW O 3
                       425     
                       426     ; Line    15 SVIW O 4
                       427     
                       428     ; Line    16 SVIW O 5
                       429     
                       430     ; Line    17 SVIW O 6
                       431     
                       432     ; Line    18 SVIW O 7
                       433     
                       434     ; Line    19 SVIW I 0
                       435     
                       436     ; Line    20 SVIW I 1
                       437     
                       438     ; Line    21 SVIW I 2
                       439     
                       440     ; Line    22 SVIW I 3
                       441     
                       442     ; Line    23 SVIW I 4
                       443     
                       444     ; Line    24 SVIW I 5
                       445     
                       446     ; Line    25 SVIW I 6
                       447     
                       448     ; Line    26 SVIW I 7
                       449     
                       450     ; Line    27 SVIW I 8
                       451     
                       452     ; Line    28 SVIW I 9
                       453     
                       454     ; Line    29 SVIW I 10
                       455     
                       456     ; Line    30 SVIW I 11
                       457     
                       458     ; Line    31 SVIW I 12
                       459     
                       460     ; Line    32 SVIW I 13
                       461     
                       462     ; Line    33 SVIW I 14
                       463     
                       464     ; Line    34 SVIW I 15
                       465     
                       466     ; Line    36 ORGR
                       467     
                       468     ; Line    37 LODF F 1
0000    900001         469     mov dptr , # 1 + 0 
0003    E0             470         movx  a,@dptr
0004    F4             471         cpl   a
                       472     
                       473     ; Line    38 TASK L CustomFunction
0005    5401           474         anl   a,#001h
0007    6007           475         jz    Lbl$_0
0009    C0E0           476         push  acc
000B    120000   F     477         lcall CustomFunction
000E    D0E0           478         pop   acc
                       479     Lbl$_0: 
0010    22             480         ret
                       481     
                       482         END
MACRO ASSEMBLER RILFILE                                                                                        02/26/11 15:33:41 PAGE     0


SYMBOL TABLE LISTING
------ ----- -------


N A M E             T Y P E  V A L U E   ATTRIBUTES             REFERENCES

PLC_O_4. . . . . .  N NUMB   5104h                              360 391# 
rcap2h . . . . . .  D ADDR   00CBH   A                          135# 
dpl. . . . . . . .  D ADDR   0082H   A                          44# 
p0 . . . . . . . .  D ADDR   0080H   A                          33# 
CustomFunction . .  C ADDR   -----      EXT                     381# 477 
PLC_O_5. . . . . .  N NUMB   5105h                              361 392# 
p1 . . . . . . . .  D ADDR   0090H   A                          65# 
PLC_O_6. . . . . .  N NUMB   5106h                              362 393# 
b. . . . . . . . .  D ADDR   00F0H   A                          151# 
exen2. . . . . . .  B ADDR   00C8H.3 A                          128# 
a10. . . . . . . .  B ADDR   00A0H.2 A                          90# 
p2 . . . . . . . .  D ADDR   00A0H   A                          87# 
PLC_O_7. . . . . .  N NUMB   5107h                              363 394# 
SP . . . . . . . .  D ADDR   0081H   A                          157# 
cprl2. . . . . . .  B ADDR   00C8H.0 A                          125# 
ps . . . . . . . .  B ADDR   00B8H.4 A                          121# 
p3 . . . . . . . .  D ADDR   00B0H   A                          106# 
a11. . . . . . . .  B ADDR   00A0H.3 A                          91# 
t2ex . . . . . . .  B ADDR   0090H.1 A                          67# 
sp . . . . . . . .  D ADDR   0081H   A                          43# 
ac . . . . . . . .  B ADDR   00D0H.6 A                          146# 
rcap2l . . . . . .  D ADDR   00CAH   A                          134# 
t0 . . . . . . . .  B ADDR   00B0H.4 A                          111# 
a12. . . . . . . .  B ADDR   00A0H.4 A                          92# 
PLCMemoryFlags . .  N NUMB   0000h                              385# 411 
ov . . . . . . . .  B ADDR   00D0H.2 A                          142# 
t1 . . . . . . . .  B ADDR   00B0H.5 A                          112# 
a13. . . . . . . .  B ADDR   00A0H.5 A                          93# 
ren. . . . . . . .  B ADDR   0098H.4 A                          80# 
EA . . . . . . . .  B ADDR   00A8H.7 A                          158# 
t2con. . . . . . .  D ADDR   00C8H   A                          124# 
ea . . . . . . . .  B ADDR   00A8H.7 A                          104# 
a14. . . . . . . .  B ADDR   00A0H.6 A                          94# 
t2 . . . . . . . .  B ADDR   0090H.0 A                          66# 
PLC_I_10 . . . . .  N NUMB   5010h                              374 405# 
acc. . . . . . . .  D ADDR   00E0H   A                          149# 476 478 
a15. . . . . . . .  B ADDR   00A0H.7 A                          95# 
PLC_I_11 . . . . .  N NUMB   5011h                              375 406# 
PLCMemoryLogicInp~  N NUMB   5000h                              383# 395 396 397 398 399 400 401 402 403 404 405 406 407 408 409 410 
                                                                
PLC_I_12 . . . . .  N NUMB   5012h                              376 407# 
ct2. . . . . . . .  B ADDR   00C8H.1 A                          126# 
wr . . . . . . . .  B ADDR   00B0H.6 A                          113# 
et0. . . . . . . .  B ADDR   00A8H.1 A                          99# 
PLCMemoryLogicOut~  N NUMB   5100h                              384# 387 388 389 390 391 392 393 394 
PLC_I_13 . . . . .  N NUMB   5013h                              377 408# 
et1. . . . . . . .  B ADDR   00A8H.3 A                          101# 
tf0. . . . . . . .  B ADDR   0088H.5 A                          55# 
PLC_I_14 . . . . .  N NUMB   5014h                              378 409# 
et2. . . . . . . .  B ADDR   00A8H.5 A                          103# 
tf1. . . . . . . .  B ADDR   0088H.7 A                          57# 
PLC_I_15 . . . . .  N NUMB   5015h                              379 410# 
tf2. . . . . . . .  B ADDR   00C8H.7 A                          132# 
rclk . . . . . . .  B ADDR   00C8H.5 A                          130# 
rb8. . . . . . . .  B ADDR   0098H.2 A                          78# 
th0. . . . . . . .  D ADDR   008CH   A                          62# 
Lbl$_0 . . . . . .  C ADDR   0010H   R  SEG=CODE_RilFile_CODE   475 479# 
ex0. . . . . . . .  B ADDR   00A8H.0 A                          98# 
th1. . . . . . . .  D ADDR   008DH   A                          63# 
it0. . . . . . . .  B ADDR   0088H.0 A                          50# 
th2. . . . . . . .  D ADDR   00CDH   A                          137# 
tclk . . . . . . .  B ADDR   00C8H.4 A                          129# 
rxd. . . . . . . .  B ADDR   00B0H.0 A                          107# 
ex1. . . . . . . .  B ADDR   00A8H.2 A                          100# 
ie . . . . . . . .  D ADDR   00A8H   A                          97# 
tb8. . . . . . . .  B ADDR   0098H.3 A                          79# 
it1. . . . . . . .  B ADDR   0088H.2 A                          52# 
PLC_L_RilFile. . .  C ADDR   0000H   R  SEG=CODE_RilFile_CODE   355 416# 
p. . . . . . . . .  B ADDR   00D0H.0 A                          140# 
txd. . . . . . . .  B ADDR   00B0H.1 A                          108# 
sbuf . . . . . . .  D ADDR   0099H   A                          85# 
sm0. . . . . . . .  B ADDR   0098H.7 A                          83# 
cex0 . . . . . . .  B ADDR   0090H.3 A                          69# 
tl0. . . . . . . .  D ADDR   008AH   A                          60# 
pcon . . . . . . .  D ADDR   0087H   A                          47# 
sm1. . . . . . . .  B ADDR   0098H.6 A                          82# 
cex1 . . . . . . .  B ADDR   0090H.4 A                          70# 
tl1. . . . . . . .  D ADDR   008BH   A                          61# 
tl2. . . . . . . .  D ADDR   00CCH   A                          136# 
sm2. . . . . . . .  B ADDR   0098H.5 A                          81# 
MACRO ASSEMBLER RILFILE                                                                                        02/26/11 15:33:41 PAGE     1


DOS MACRO ASSEMBLER MA51 V06.04.17OBJECT MODULE PLACED IN C:\DOCUMENTS AND SETTINGS\IB\MY DOCUMENTS\REMOTERAPPLICATIONS\HOPLA\COMPILE\RILFILE.OBJ
ASSEMBLER INVOKED BY: OJ(C:\DOCUMENTS AND SETTINGS\IB\MY DOCUMENTS\REMOTERAPPLICATIONS\HOPLA\COMPILE\RILFILE.OBJ) PIN(C:\RIDE\INC;C:\DOCUME~1\IB\LOCALS~1\TEMP\REMOTERTEMP\SYSPLC\;C:\DOCUME~1\IB\LOCALS~1\TEMP\REMOTERTEMP\FB\) PR(C:\DOCUMENTS AND SETTINGS\IB\MY DOCUMENTS\REMOTERAPPLICATIONS\HOPLA\COMPILE\LIST\RILFILE.LST) CS EP LINES SYNTAX(ASM51) NOCOND XR DB PL(80) PW(132) RB(0) 

LOC     OBJ           LINE    SOURCE
cex2 . . . . . . .  B ADDR   0090H.5 A                          71# 
scon . . . . . . .  D ADDR   0098H   A                          75# 
cex3 . . . . . . .  B ADDR   0090H.6 A                          72# 
PLC_F_1. . . . . .  N NUMB   0001h                              380 411# 469 
pt0. . . . . . . .  B ADDR   00B8H.1 A                          118# 
cex4 . . . . . . .  B ADDR   0090H.7 A                          73# 
tmod . . . . . . .  D ADDR   0089H   A                          59# 
tcon . . . . . . .  D ADDR   0088H   A                          49# 
rs0. . . . . . . .  B ADDR   00D0H.3 A                          143# 
exf2 . . . . . . .  B ADDR   00C8H.6 A                          131# 
pt1. . . . . . . .  B ADDR   00B8H.3 A                          120# 
ad0. . . . . . . .  B ADDR   0080H.0 A                          34# 
PLC_I_0. . . . . .  N NUMB   5000h                              364 395# 
f0 . . . . . . . .  B ADDR   00D0H.5 A                          145# 
rs1. . . . . . . .  B ADDR   00D0H.4 A                          144# 
pt2. . . . . . . .  B ADDR   00B8H.5 A                          122# 
rd . . . . . . . .  B ADDR   00B0H.7 A                          114# 
tr0. . . . . . . .  B ADDR   0088H.4 A                          54# 
ad1. . . . . . . .  B ADDR   0080H.1 A                          35# 
PLC_I_1. . . . . .  N NUMB   5001h                              365 396# 
f1 . . . . . . . .  B ADDR   00D0H.1 A                          141# 
tr1. . . . . . . .  B ADDR   0088H.6 A                          56# 
ad2. . . . . . . .  B ADDR   0080H.2 A                          36# 
PLC_I_2. . . . . .  N NUMB   5002h                              366 397# 
tr2. . . . . . . .  B ADDR   00C8H.2 A                          127# 
px0. . . . . . . .  B ADDR   00B8H.0 A                          117# 
es . . . . . . . .  B ADDR   00A8H.4 A                          102# 
ad3. . . . . . . .  B ADDR   0080H.3 A                          37# 
PLC_I_3. . . . . .  N NUMB   5003h                              367 398# 
px1. . . . . . . .  B ADDR   00B8H.2 A                          119# 
ip . . . . . . . .  D ADDR   00B8H   A                          116# 
a8 . . . . . . . .  B ADDR   00A0H.0 A                          88# 
ec1. . . . . . . .  B ADDR   0090H.2 A                          68# 
ad4. . . . . . . .  B ADDR   0080H.4 A                          38# 
PLC_I_4. . . . . .  N NUMB   5004h                              368 399# 
psw. . . . . . . .  D ADDR   00D0H   A                          139# 
a9 . . . . . . . .  B ADDR   00A0H.1 A                          89# 
ad5. . . . . . . .  B ADDR   0080H.5 A                          39# 
CODE_RilFile_CODE.  C SEG    0011H      REL=UNIT                414# 
PLC_I_5. . . . . .  N NUMB   5005h                              369 400# 
int0 . . . . . . .  B ADDR   00B0H.2 A                          109# 
ri . . . . . . . .  B ADDR   0098H.0 A                          76# 
ad6. . . . . . . .  B ADDR   0080H.6 A                          40# 
PLC_I_6. . . . . .  N NUMB   5006h                              370 401# 
PLC_O_0. . . . . .  N NUMB   5100h                              356 387# 
cy . . . . . . . .  B ADDR   00D0H.7 A                          147# 
int1 . . . . . . .  B ADDR   00B0H.3 A                          110# 
dph. . . . . . . .  D ADDR   0083H   A                          45# 
ad7. . . . . . . .  B ADDR   0080H.7 A                          41# 
PLC_I_7. . . . . .  N NUMB   5007h                              371 402# 
PLC_O_1. . . . . .  N NUMB   5101h                              357 388# 
ti . . . . . . . .  B ADDR   0098H.1 A                          77# 
PLC_I_8. . . . . .  N NUMB   5008h                              372 403# 
PLC_O_2. . . . . .  N NUMB   5102h                              358 389# 
ie0. . . . . . . .  B ADDR   0088H.1 A                          51# 
PLC_I_9. . . . . .  N NUMB   5009h                              373 404# 
PLC_O_3. . . . . .  N NUMB   5103h                              359 390# 
ie1. . . . . . . .  B ADDR   0088H.3 A                          53# 



MODULE INFORMATION:   STATIC OVERLAYABLE
   CODE SIZE        =     17    ----
   XDATA SIZE       =   ----    ----
   DATA SIZE        =   ----    ----
   IDATA SIZE       =   ----    ----
   BIT SIZE         =   ----    ----
END OF MODULE INFORMATION.


REGISTER BANK(S) USED : 0 

ASSEMBLY COMPLETE.   0 WARNING(S)   0 ERROR(S)
